Archive member included to satisfy reference by file (symbol)

/usr/lib/openmono/mono/monoCyLib.a(cybootloader.o)
                              (cy_meta_flashprotect)
/usr/lib/openmono/mono/monoCyLib.a(Cm3Start.o)
                              (Reset)
/usr/lib/openmono/mono/monoCyLib.a(CyLib.o)
                              /usr/lib/openmono/mono/monoCyLib.a(Cm3Start.o) (CyHalt)
/usr/lib/openmono/mono/monoCyLib.a(cyPm.o)
                              /usr/lib/openmono/mono/monoCyLib.a(CyLib.o) (CyPmReadStatus)
/usr/lib/openmono/mono/monoCyLib.a(cymetadata.o)
                              (cy_meta_loadable)
/usr/lib/openmono/mono/monoCyLib.a(CyFlash.o)
                              /usr/lib/openmono/mono/monoCyLib.a(cyPm.o) (CyFlash_SetWaitCycles)
/usr/lib/openmono/mono/monoCyLib.a(CyBootAsmGnu.o)
                              /usr/lib/openmono/mono/monoCyLib.a(CyLib.o) (CyDelayCycles)
/usr/lib/openmono/mono/monoCyLib.a(cyfitter_cfg.o)
                              /usr/lib/openmono/mono/monoCyLib.a(Cm3Start.o) (cyfitter_cfg)
/usr/lib/openmono/mono/monoCyLib.a(CySpc.o)
                              /usr/lib/openmono/mono/monoCyLib.a(CyFlash.o) (CySpcStart)
/usr/lib/openmono/mono/mbedlib.a(retarget.o)
                              /usr/lib/openmono/gcc-arm-none-eabi-5_2-2015q4/bin/../lib/gcc/arm-none-eabi/5.2.1/../../../../arm-none-eabi/lib/armv7-m/crt0.o (exit)
/usr/lib/openmono/mono/mbedlib.a(FilePath.o)
                              /usr/lib/openmono/mono/mbedlib.a(retarget.o) (mbed::FilePath::FilePath(char const*))
/usr/lib/openmono/mono/mbedlib.a(FileBase.o)
                              /usr/lib/openmono/mono/mbedlib.a(FilePath.o) (mbed::FileBase::lookup(char const*, unsigned int))
/usr/lib/openmono/mono/mbedlib.a(board.o)
                              /usr/lib/openmono/mono/mbedlib.a(retarget.o) (mbed_die)
/usr/lib/openmono/mono/mbedlib.a(FileSystemLike.o)
                              /usr/lib/openmono/mono/mbedlib.a(retarget.o) (mbed::FileSystemLike::opendir())
/usr/lib/openmono/mono/mbedlib.a(serial_api.o)
                              /usr/lib/openmono/mono/mbedlib.a(retarget.o) (stdio_uart_inited)
/usr/lib/openmono/mono/mbedlib.a(serial_usb_api.o)
                              /usr/lib/openmono/mono/mbedlib.a(serial_api.o) (serial_usbuart_init_cdc)
/usr/lib/openmono/mono/mbedlib.a(us_ticker.o)
                              /usr/lib/openmono/mono/mbedlib.a(serial_usb_api.o) (us_ticker_read)
/usr/lib/openmono/mono/mbedlib.a(us_ticker_api.o)
                              /usr/lib/openmono/mono/mbedlib.a(us_ticker.o) (us_ticker_irq_handler)
/usr/lib/openmono/mono/mbedlib.a(ticker_api.o)
                              /usr/lib/openmono/mono/mbedlib.a(us_ticker_api.o) (ticker_irq_handler)
/usr/lib/openmono/gcc-arm-none-eabi-5_2-2015q4/bin/../lib/gcc/arm-none-eabi/5.2.1/../../../../arm-none-eabi/lib/armv7-m/libstdc++_nano.a(atexit_arm.o)
                              build/app_controller.o (__aeabi_atexit)
/usr/lib/openmono/gcc-arm-none-eabi-5_2-2015q4/bin/../lib/gcc/arm-none-eabi/5.2.1/../../../../arm-none-eabi/lib/armv7-m/libstdc++_nano.a(del_op.o)
                              /usr/lib/openmono/mono/mbedlib.a(retarget.o) (operator delete(void*))
/usr/lib/openmono/gcc-arm-none-eabi-5_2-2015q4/bin/../lib/gcc/arm-none-eabi/5.2.1/../../../../arm-none-eabi/lib/armv7-m/libstdc++_nano.a(new_op.o)
                              /usr/lib/openmono/mono/mbedlib.a(FileSystemLike.o) (operator new(unsigned int))
/usr/lib/openmono/gcc-arm-none-eabi-5_2-2015q4/bin/../lib/gcc/arm-none-eabi/5.2.1/../../../../arm-none-eabi/lib/armv7-m/libstdc++_nano.a(pure.o)
                              /usr/lib/openmono/mono/mbedlib.a(retarget.o) (__cxa_pure_virtual)
/usr/lib/openmono/gcc-arm-none-eabi-5_2-2015q4/bin/../lib/gcc/arm-none-eabi/5.2.1/../../../../arm-none-eabi/lib/armv7-m/libstdc++_nano.a(new_handler.o)
                              /usr/lib/openmono/gcc-arm-none-eabi-5_2-2015q4/bin/../lib/gcc/arm-none-eabi/5.2.1/../../../../arm-none-eabi/lib/armv7-m/libstdc++_nano.a(new_op.o) (std::get_new_handler())
/usr/lib/openmono/gcc-arm-none-eabi-5_2-2015q4/bin/../lib/gcc/arm-none-eabi/5.2.1/../../../../arm-none-eabi/lib/armv7-m/libstdc++_nano.a(eh_terminate.o)
                              /usr/lib/openmono/gcc-arm-none-eabi-5_2-2015q4/bin/../lib/gcc/arm-none-eabi/5.2.1/../../../../arm-none-eabi/lib/armv7-m/libstdc++_nano.a(pure.o) (std::terminate())
/usr/lib/openmono/gcc-arm-none-eabi-5_2-2015q4/bin/../lib/gcc/arm-none-eabi/5.2.1/../../../../arm-none-eabi/lib/armv7-m/libstdc++_nano.a(eh_term_handler.o)
                              /usr/lib/openmono/gcc-arm-none-eabi-5_2-2015q4/bin/../lib/gcc/arm-none-eabi/5.2.1/../../../../arm-none-eabi/lib/armv7-m/libstdc++_nano.a(eh_terminate.o) (__cxxabiv1::__terminate_handler)
/usr/lib/openmono/gcc-arm-none-eabi-5_2-2015q4/bin/../lib/gcc/arm-none-eabi/5.2.1/../../../../arm-none-eabi/lib/armv7-m/libstdc++_nano.a(eh_unex_handler.o)
[...]
Memory Configuration

Name             Origin             Length             Attributes
rom              0x00000000         0x00040000         xr
ram              0x1fff8000         0x00010000         xrw
*default*        0x00000000         0xffffffff

Linker script and memory map

LOAD /usr/lib/openmono/gcc-arm-none-eabi-5_2-2015q4/bin/../lib/gcc/arm-none-eabi/5.2.1/armv7-m/crti.o
LOAD /usr/lib/openmono/gcc-arm-none-eabi-5_2-2015q4/bin/../lib/gcc/arm-none-eabi/5.2.1/armv7-m/crtbegin.o
LOAD /usr/lib/openmono/gcc-arm-none-eabi-5_2-2015q4/bin/../lib/gcc/arm-none-eabi/5.2.1/../../../../arm-none-eabi/lib/armv7-m/crt0.o
START GROUP
LOAD /usr/lib/openmono/mono/monoCyLib.a
LOAD /usr/lib/openmono/mono/CyComponentLibrary.a
LOAD /usr/lib/openmono/mono/mbedlib.a
LOAD /usr/lib/openmono/mono/mono_framework.a
LOAD build/app_controller.o
LOAD build/mono_default_main.o
LOAD /usr/lib/openmono/gcc-arm-none-eabi-5_2-2015q4/bin/../lib/gcc/arm-none-eabi/5.2.1/../../../../arm-none-eabi/lib/armv7-m/libstdc++_nano.a
LOAD /usr/lib/openmono/gcc-arm-none-eabi-5_2-2015q4/bin/../lib/gcc/arm-none-eabi/5.2.1/../../../../arm-none-eabi/lib/armv7-m/libsupc++_nano.a
LOAD /usr/lib/openmono/gcc-arm-none-eabi-5_2-2015q4/bin/../lib/gcc/arm-none-eabi/5.2.1/../../../../arm-none-eabi/lib/armv7-m/libm.a
LOAD /usr/lib/openmono/gcc-arm-none-eabi-5_2-2015q4/bin/../lib/gcc/arm-none-eabi/5.2.1/../../../../arm-none-eabi/lib/armv7-m/libc_nano.a
LOAD /usr/lib/openmono/gcc-arm-none-eabi-5_2-2015q4/bin/../lib/gcc/arm-none-eabi/5.2.1/armv7-m/libgcc.a
LOAD /usr/lib/openmono/gcc-arm-none-eabi-5_2-2015q4/bin/../lib/gcc/arm-none-eabi/5.2.1/../../../../arm-none-eabi/lib/armv7-m/libnosys.a
END GROUP
START GROUP
LOAD /usr/lib/openmono/gcc-arm-none-eabi-5_2-2015q4/bin/../lib/gcc/arm-none-eabi/5.2.1/armv7-m/libgcc.a
LOAD /usr/lib/openmono/gcc-arm-none-eabi-5_2-2015q4/bin/../lib/gcc/arm-none-eabi/5.2.1/../../../../arm-none-eabi/lib/armv7-m/libg_nano.a
LOAD /usr/lib/openmono/gcc-arm-none-eabi-5_2-2015q4/bin/../lib/gcc/arm-none-eabi/5.2.1/../../../../arm-none-eabi/lib/armv7-m/libc_nano.a
END GROUP
START GROUP
LOAD /usr/lib/openmono/gcc-arm-none-eabi-5_2-2015q4/bin/../lib/gcc/arm-none-eabi/5.2.1/armv7-m/libgcc.a
LOAD /usr/lib/openmono/gcc-arm-none-eabi-5_2-2015q4/bin/../lib/gcc/arm-none-eabi/5.2.1/../../../../arm-none-eabi/lib/armv7-m/libc_nano.a
END GROUP
LOAD /usr/lib/openmono/gcc-arm-none-eabi-5_2-2015q4/bin/../lib/gcc/arm-none-eabi/5.2.1/armv7-m/crtend.o
LOAD /usr/lib/openmono/gcc-arm-none-eabi-5_2-2015q4/bin/../lib/gcc/arm-none-eabi/5.2.1/armv7-m/crtn.o
START GROUP
LOAD /usr/lib/openmono/gcc-arm-none-eabi-5_2-2015q4/bin/../lib/gcc/arm-none-eabi/5.2.1/armv7-m/libgcc.a
LOAD /usr/lib/openmono/gcc-arm-none-eabi-5_2-2015q4/bin/../lib/gcc/arm-none-eabi/5.2.1/../../../../arm-none-eabi/lib/armv7-m/libc.a
LOAD /usr/lib/openmono/gcc-arm-none-eabi-5_2-2015q4/bin/../lib/gcc/arm-none-eabi/5.2.1/../../../../arm-none-eabi/lib/armv7-m/libnosys.a
END GROUP
                0x00000000                CY_APPL_ORIGIN = 0x0
                0x00000100                CY_FLASH_ROW_SIZE = 0x100
                0x00000020                CY_ECC_ROW_SIZE = 0x20
                0x00000000                CY_EE_IN_BTLDR = 0x0
                0x00000001                CY_APPL_LOADABLE = 0x1
                0x00000800                CY_EE_SIZE = 0x800
                0x00000001                CY_APPL_NUM = 0x1
                0x00000001                CY_APPL_MAX = 0x1
                0x00000040                CY_METADATA_SIZE = 0x40
                [!provide]                PROVIDE (__cy_heap_start, _end)
                0x00000001                PROVIDE (__cy_region_num, ((__cy_regions_end - __cy_regions) / 0x10))
                0x20008000                PROVIDE (__cy_stack, (ORIGIN (ram) + LENGTH (ram)))
                [!provide]                PROVIDE (__cy_heap_end, (__cy_stack - 0x4000))

.cybootloader   0x00000000     0x2200
 *(.cybootloader)
 .cybootloader  0x00000000     0x2200 /usr/lib/openmono/mono/monoCyLib.a(cybootloader.o)
                0x00000000                cy_bootloader
                0x00002200                appl1_start = CY_APPL_ORIGIN?CY_APPL_ORIGIN:ALIGN (CY_FLASH_ROW_SIZE)
                0x00021000                appl2_start = (appl1_start + ALIGN ((((LENGTH (rom) - appl1_start) - (0x2 * CY_FLASH_ROW_SIZE)) / 0x2), CY_FLASH_ROW_SIZE))
                0x00002200                appl_start = (CY_APPL_NUM == 0x1)?appl1_start:appl2_start
                0x00000440                ecc_offset = ((appl_start / CY_FLASH_ROW_SIZE) * CY_ECC_ROW_SIZE)
                0x00000000                ee_offset = (CY_APPL_LOADABLE && ! (CY_EE_IN_BTLDR))?((CY_EE_SIZE / CY_APPL_MAX) * (CY_APPL_NUM - 0x1)):0x0
                0x00000800                ee_size = (CY_APPL_LOADABLE && ! (CY_EE_IN_BTLDR))?(CY_EE_SIZE / CY_APPL_MAX):CY_EE_SIZE
                0x00000440                PROVIDE (CY_ECC_OFFSET, ecc_offset)

.text           0x00002200    0x16600
 CREATE_OBJECT_SYMBOLS
                0x00002200                PROVIDE (__cy_interrupt_vector, RomVectors)
 *(.romvectors)
 .romvectors    0x00002200       0x10 /usr/lib/openmono/mono/monoCyLib.a(Cm3Start.o)
                0x00002200                RomVectors
                0x00000001                ASSERT ((. != __cy_interrupt_vector), No interrupt vector)
                0x00000001                ASSERT (CY_APPL_ORIGIN?(SIZEOF (.cybootloader) <= CY_APPL_ORIGIN):0x1, Wrong image location)
                0x00002210                PROVIDE (__cy_reset, Reset)
 *(.text.Reset)
 .text.Reset    0x00002210        0x6 /usr/lib/openmono/mono/monoCyLib.a(Cm3Start.o)
                0x00002210                Reset
                0x00000001                ASSERT ((. != __cy_reset), No reset code)
 *(.dma_init)
                0x00000001                ASSERT ((((appl_start + .) <= 0x10000) || 0x1), DMA Init must be within the first 64k of flash)
 *(.text .text.* .gnu.linkonce.t.*)
 *fill*         0x00002216        0x2 
 .text          0x00002218       0xa4 /usr/lib/openmono/gcc-arm-none-eabi-5_2-2015q4/bin/../lib/gcc/arm-none-eabi/5.2.1/armv7-m/crtbegin.o
 .text.IntDefaultHandler
                0x000022bc        0x2 /usr/lib/openmono/mono/monoCyLib.a(Cm3Start.o)
                0x000022bc                IntDefaultHandler
 .text._exit    0x000022be        0xa /usr/lib/openmono/mono/monoCyLib.a(Cm3Start.o)
                0x000022be                _exit
 .text._sbrk    0x000022c8       0x30 /usr/lib/openmono/mono/monoCyLib.a(Cm3Start.o)
                0x000022c8                _sbrk
 .text.Start_c  0x000022f8       0x50 /usr/lib/openmono/mono/monoCyLib.a(Cm3Start.o)
                0x000022f8                Start_c
 .text.startup.initialize_psoc
                0x00002348       0x68 /usr/lib/openmono/mono/monoCyLib.a(Cm3Start.o)
                0x00002348                initialize_psoc
 .text.CyIMO_SetTrimValue
                0x000023b0       0xbc /usr/lib/openmono/mono/monoCyLib.a(CyLib.o)
 .text.CyBusClk_Internal_SetDivider
                0x0000246c       0x44 /usr/lib/openmono/mono/monoCyLib.a(CyLib.o)
 .text.CyPLL_OUT_Stop
                0x000024b0       0x10 /usr/lib/openmono/mono/monoCyLib.a(CyLib.o)
                0x000024b0                CyPLL_OUT_Stop
 .text.CyIMO_Stop
                0x000024c0       0x18 /usr/lib/openmono/mono/monoCyLib.a(CyLib.o)
                0x000024c0                CyIMO_Stop
 .text.CyIMO_SetSource
                0x000024d8       0x44 /usr/lib/openmono/mono/monoCyLib.a(CyLib.o)
                0x000024d8                CyIMO_SetSource
 .text.CyIMO_EnableDoubler
                0x0000251c       0x10 /usr/lib/openmono/mono/monoCyLib.a(CyLib.o)
                0x0000251c                CyIMO_EnableDoubler
 .text.CyIMO_DisableDoubler
                0x0000252c       0x10 /usr/lib/openmono/mono/monoCyLib.a(CyLib.o)
                0x0000252c                CyIMO_DisableDoubler
 .text.CyIMO_SetFreq
                0x0000253c       0xd4 /usr/lib/openmono/mono/monoCyLib.a(CyLib.o)
                0x0000253c                CyIMO_SetFreq
 .text.CyMasterClk_SetSource
                0x00002610       0x18 /usr/lib/openmono/mono/monoCyLib.a(CyLib.o)
                0x00002610                CyMasterClk_SetSource
 .text.CyMasterClk_SetDivider
                0x00002628        0xc /usr/lib/openmono/mono/monoCyLib.a(CyLib.o)
                0x00002628                CyMasterClk_SetDivider
 .text.CyBusClk_SetDivider
                0x00002634       0x70 /usr/lib/openmono/mono/monoCyLib.a(CyLib.o)
                0x00002634                CyBusClk_SetDivider
 .text.CyILO_Start100K
                0x000026a4       0x10 /usr/lib/openmono/mono/monoCyLib.a(CyLib.o)
                0x000026a4                CyILO_Start100K
 .text.CyILO_Stop100K
                0x000026b4       0x10 /usr/lib/openmono/mono/monoCyLib.a(CyLib.o)
                0x000026b4                CyILO_Stop100K
 .text.CyPLL_OUT_Start
                0x000026c4       0x74 /usr/lib/openmono/mono/monoCyLib.a(CyLib.o)
                0x000026c4                CyPLL_OUT_Start
 .text.CyIMO_Start
                0x00002738       0x5c /usr/lib/openmono/mono/monoCyLib.a(CyLib.o)
                0x00002738                CyIMO_Start
 .text.CyXTAL_Start
                0x00002794       0xa0 /usr/lib/openmono/mono/monoCyLib.a(CyLib.o)
                0x00002794                CyXTAL_Start
 .text.CyXTAL_Stop
                0x00002834       0x10 /usr/lib/openmono/mono/monoCyLib.a(CyLib.o)
                0x00002834                CyXTAL_Stop
 .text.CyHalt   0x00002844        0x4 /usr/lib/openmono/mono/monoCyLib.a(CyLib.o)
                0x00002844                CyHalt
 .text.CySoftwareReset
                0x00002848       0x10 /usr/lib/openmono/mono/monoCyLib.a(CyLib.o)
                0x00002848                CySoftwareReset
 .text.CyDelay  0x00002858       0x30 /usr/lib/openmono/mono/monoCyLib.a(CyLib.o)
                0x00002858                CyDelay
 .text.CyDelayUs
                0x00002888       0x10 /usr/lib/openmono/mono/monoCyLib.a(CyLib.o)
                0x00002888                CyDelayUs
 .text.CyIntSetSysVector
                0x00002898       0x1c /usr/lib/openmono/mono/monoCyLib.a(CyLib.o)
                0x00002898                CyIntSetSysVector
 .text.CyIntSetVector
                0x000028b4       0x20 /usr/lib/openmono/mono/monoCyLib.a(CyLib.o)
                0x000028b4                CyIntSetVector
 .text.CyIntSetPriority
                0x000028d4       0x20 /usr/lib/openmono/mono/monoCyLib.a(CyLib.o)
                0x000028d4                CyIntSetPriority
 .text.CySysTickInit
                0x000028f4       0x58 /usr/lib/openmono/mono/monoCyLib.a(CyLib.o)
                0x000028f4                CySysTickInit
 .text.CySysTickEnableInterrupt
                0x0000294c       0x10 /usr/lib/openmono/mono/monoCyLib.a(CyLib.o)
                0x0000294c                CySysTickEnableInterrupt
 .text.CySysTickEnable
                0x0000295c       0x18 /usr/lib/openmono/mono/monoCyLib.a(CyLib.o)
                0x0000295c                CySysTickEnable
 .text.CySysTickStart
                0x00002974       0x1c /usr/lib/openmono/mono/monoCyLib.a(CyLib.o)
                0x00002974                CySysTickStart
 .text.CySysTickDisableInterrupt
                0x00002990       0x10 /usr/lib/openmono/mono/monoCyLib.a(CyLib.o)
                0x00002990                CySysTickDisableInterrupt
 .text.CySysTickSetReload
                0x000029a0       0x10 /usr/lib/openmono/mono/monoCyLib.a(CyLib.o)
                0x000029a0                CySysTickSetReload
 .text.CySysTickGetReload
                0x000029b0       0x10 /usr/lib/openmono/mono/monoCyLib.a(CyLib.o)
                0x000029b0                CySysTickGetReload
 .text.CySysTickGetValue
                0x000029c0       0x10 /usr/lib/openmono/mono/monoCyLib.a(CyLib.o)
                0x000029c0                CySysTickGetValue
 .text.CySysTickSetClockSource
                0x000029d0       0x18 /usr/lib/openmono/mono/monoCyLib.a(CyLib.o)
                0x000029d0                CySysTickSetClockSource
 .text.CySysTickGetCountFlag
                0x000029e8       0x10 /usr/lib/openmono/mono/monoCyLib.a(CyLib.o)
                0x000029e8                CySysTickGetCountFlag
 .text.CySysTickServiceCallbacks
                0x000029f8       0x24 /usr/lib/openmono/mono/monoCyLib.a(CyLib.o)
 .text.CySysTickClear
                0x00002a1c        0xc /usr/lib/openmono/mono/monoCyLib.a(CyLib.o)
                0x00002a1c                CySysTickClear
 .text.CyGetUniqueId
                0x00002a28       0x70 /usr/lib/openmono/mono/monoCyLib.a(CyLib.o)
                0x00002a28                CyGetUniqueId
 .text.CyPmHibSlpSaveSet
                0x00002a98      0x1c0 /usr/lib/openmono/mono/monoCyLib.a(cyPm.o)
 .text.CyPmHibSlpRestore
                0x00002c58       0xc0 /usr/lib/openmono/mono/monoCyLib.a(cyPm.o)
 .text.CyPmSaveClocks
                0x00002d18      0x1c0 /usr/lib/openmono/mono/monoCyLib.a(cyPm.o)
                0x00002d18                CyPmSaveClocks
 .text.CyPmRestoreClocks
                0x00002ed8      0x1f0 /usr/lib/openmono/mono/monoCyLib.a(cyPm.o)
                0x00002ed8                CyPmRestoreClocks
 .text.CyPmSleep
                0x000030c8       0xf0 /usr/lib/openmono/mono/monoCyLib.a(cyPm.o)
                0x000030c8                CyPmSleep
 .text.CyPmReadStatus
                0x000031b8       0x2c /usr/lib/openmono/mono/monoCyLib.a(cyPm.o)
                0x000031b8                CyPmReadStatus
 .text.CyPmFtwSetInterval
                0x000031e4       0x50 /usr/lib/openmono/mono/monoCyLib.a(cyPm.o)
                0x000031e4                CyPmFtwSetInterval
 .text.CyFlash_SetWaitCycles
                0x00003234       0x78 /usr/lib/openmono/mono/monoCyLib.a(CyFlash.o)
                0x00003234                CyFlash_SetWaitCycles
 *fill*         0x000032ac        0x4 
 .text          0x000032b0       0x20 /usr/lib/openmono/mono/monoCyLib.a(CyBootAsmGnu.o)
                0x000032b0                CyDelayCycles
                0x000032c0                CyEnterCriticalSection
                0x000032c8                CyExitCriticalSection
 .text.cyfitter_cfg
                0x000032d0      0x2b8 /usr/lib/openmono/mono/monoCyLib.a(cyfitter_cfg.o)
                0x000032d0                cyfitter_cfg
 .text._ZN4mbed10FileHandle4flenEv
                0x00003588       0x54 /usr/lib/openmono/mono/mbedlib.a(retarget.o)
                0x00003588                mbed::FileHandle::flen()
 .text._ZN4mbed10FileHandleD2Ev
                0x000035dc       0x58 /usr/lib/openmono/mono/mbedlib.a(retarget.o)
                0x000035dc                mbed::FileHandle::~FileHandle()
                0x000035dc                mbed::FileHandle::~FileHandle()
 .text._ZL11init_serialv
                0x00003634       0x2c /usr/lib/openmono/mono/mbedlib.a(retarget.o)
 .text._ZL17openmode_to_posixi
                0x00003660       0x18 /usr/lib/openmono/mono/mbedlib.a(retarget.o)
 .text._open    0x00003678      0x154 /usr/lib/openmono/mono/mbedlib.a(retarget.o)
                0x00003678                _open
 .text._close   0x000037cc       0x50 /usr/lib/openmono/mono/mbedlib.a(retarget.o)
                0x000037cc                _close
 .text._write   0x0000381c       0x88 /usr/lib/openmono/mono/mbedlib.a(retarget.o)
                0x0000381c                _write
 .text._read    0x000038a4       0x74 /usr/lib/openmono/mono/mbedlib.a(retarget.o)
                0x000038a4                _read
 .text._isatty  0x00003918       0x44 /usr/lib/openmono/mono/mbedlib.a(retarget.o)
                0x00003918                _isatty
 .text._lseek   0x0000395c       0x4c /usr/lib/openmono/mono/mbedlib.a(retarget.o)
                0x0000395c                _lseek
 .text._fstat   0x000039a8       0x40 /usr/lib/openmono/mono/mbedlib.a(retarget.o)
                0x000039a8                _fstat
 .text.exit     0x000039e8       0x30 /usr/lib/openmono/mono/mbedlib.a(retarget.o)
                0x000039e8                exit
 .text._ZN4mbed26mbed_set_unbuffered_streamEP7__sFILE
                0x00003a18       0x18 /usr/lib/openmono/mono/mbedlib.a(retarget.o)
                0x00003a18                mbed::mbed_set_unbuffered_stream(__sFILE*)
 .text._ZN4mbed8FilePathC2EPKc
                0x00003a30       0x88 /usr/lib/openmono/mono/mbedlib.a(FilePath.o)
                0x00003a30                mbed::FilePath::FilePath(char const*)
                0x00003a30                mbed::FilePath::FilePath(char const*)
 .text._ZN4mbed8FilePath8fileNameEv
                0x00003ab8       0x18 /usr/lib/openmono/mono/mbedlib.a(FilePath.o)
                0x00003ab8                mbed::FilePath::fileName()
 .text._ZN4mbed8FilePath12isFileSystemEv
                0x00003ad0       0x34 /usr/lib/openmono/mono/mbedlib.a(FilePath.o)
                0x00003ad0                mbed::FilePath::isFileSystem()
 .text._ZN4mbed8FilePath10fileSystemEv
                0x00003b04       0x24 /usr/lib/openmono/mono/mbedlib.a(FilePath.o)
                0x00003b04                mbed::FilePath::fileSystem()
 .text._ZN4mbed8FilePath6isFileEv
                0x00003b28       0x34 /usr/lib/openmono/mono/mbedlib.a(FilePath.o)
                0x00003b28                mbed::FilePath::isFile()
 .text._ZN4mbed8FilePath4fileEv
                0x00003b5c       0x34 /usr/lib/openmono/mono/mbedlib.a(FilePath.o)
                0x00003b5c                mbed::FilePath::file()
 .text._ZN4mbed8FilePath6existsEv
                0x00003b90       0x20 /usr/lib/openmono/mono/mbedlib.a(FilePath.o)
                0x00003b90                mbed::FilePath::exists()
 .text._ZN4mbed8FileBaseC2EPKcNS_8PathTypeE
                0x00003bb0       0x58 /usr/lib/openmono/mono/mbedlib.a(FileBase.o)
                0x00003bb0                mbed::FileBase::FileBase(char const*, mbed::PathType)
                0x00003bb0                mbed::FileBase::FileBase(char const*, mbed::PathType)
 .text._ZN4mbed8FileBaseD2Ev
                0x00003c08       0x68 /usr/lib/openmono/mono/mbedlib.a(FileBase.o)
                0x00003c08                mbed::FileBase::~FileBase()
                0x00003c08                mbed::FileBase::~FileBase()
 .text._ZN4mbed8FileBaseD0Ev
                0x00003c70       0x20 /usr/lib/openmono/mono/mbedlib.a(FileBase.o)
                0x00003c70                mbed::FileBase::~FileBase()
 .text._ZN4mbed8FileBase6lookupEPKcj
                0x00003c90       0x60 /usr/lib/openmono/mono/mbedlib.a(FileBase.o)
                0x00003c90                mbed::FileBase::lookup(char const*, unsigned int)
 .text._ZN4mbed8FileBase11getPathTypeEv
                0x00003cf0       0x18 /usr/lib/openmono/mono/mbedlib.a(FileBase.o)
                0x00003cf0                mbed::FileBase::getPathType()
 .text.mbed_die
                0x00003d08       0x9c /usr/lib/openmono/mono/mbedlib.a(board.o)
                0x00003d08                mbed_die
 .text.serial_init
                0x00003da4       0x5c /usr/lib/openmono/mono/mbedlib.a(serial_api.o)
                0x00003da4                serial_init
 .text.serial_irq_handler
                0x00003e00       0x18 /usr/lib/openmono/mono/mbedlib.a(serial_api.o)
                0x00003e00                serial_irq_handler
 .text.serial_getc
                0x00003e18       0x2c /usr/lib/openmono/mono/mbedlib.a(serial_api.o)
                0x00003e18                serial_getc
 .text.serial_putc
                0x00003e44       0x54 /usr/lib/openmono/mono/mbedlib.a(serial_api.o)
                0x00003e44                serial_putc
 .text.serial_writable
                0x00003e98       0x2c /usr/lib/openmono/mono/mbedlib.a(serial_api.o)
                0x00003e98                serial_writable
 .text.serial_usbuart_try_enumeration
                0x00003ec4       0x44 /usr/lib/openmono/mono/mbedlib.a(serial_usb_api.o)
                0x00003ec4                serial_usbuart_try_enumeration
 .text.serial_usbuart_init_cdc
                0x00003f08       0xd4 /usr/lib/openmono/mono/mbedlib.a(serial_usb_api.o)
                0x00003f08                serial_usbuart_init_cdc
 .text.serial_usbuart_is_started
                0x00003fdc       0x18 /usr/lib/openmono/mono/mbedlib.a(serial_usb_api.o)
                0x00003fdc                serial_usbuart_is_started
 .text.serial_usbuart_stopped
                0x00003ff4       0x20 /usr/lib/openmono/mono/mbedlib.a(serial_usb_api.o)
                0x00003ff4                serial_usbuart_stopped
 .text.serial_usbuart_dtr
                0x00004014       0x34 /usr/lib/openmono/mono/mbedlib.a(serial_usb_api.o)
                0x00004014                serial_usbuart_dtr
 .text.us_ticker_systick_irq_handler
                0x00004048       0x84 /usr/lib/openmono/mono/mbedlib.a(us_ticker.o)
                0x00004048                us_ticker_systick_irq_handler
 .text.us_ticker_init
                0x000040cc       0x40 /usr/lib/openmono/mono/mbedlib.a(us_ticker.o)
                0x000040cc                us_ticker_init
 .text.us_ticker_read
                0x0000410c       0x54 /usr/lib/openmono/mono/mbedlib.a(us_ticker.o)
                0x0000410c                us_ticker_read
 .text.us_ticker_set_interrupt
                0x00004160       0xc4 /usr/lib/openmono/mono/mbedlib.a(us_ticker.o)
                0x00004160                us_ticker_set_interrupt
 .text.us_ticker_disable_interrupt
                0x00004224       0x1c /usr/lib/openmono/mono/mbedlib.a(us_ticker.o)
                0x00004224                us_ticker_disable_interrupt
 .text.us_ticker_clear_interrupt
                0x00004240        0xc /usr/lib/openmono/mono/mbedlib.a(us_ticker.o)
                0x00004240                us_ticker_clear_interrupt
 .text.get_us_ticker_data
                0x0000424c       0x14 /usr/lib/openmono/mono/mbedlib.a(us_ticker_api.o)
                0x0000424c                get_us_ticker_data
 .text.us_ticker_irq_handler
                0x00004260       0x14 /usr/lib/openmono/mono/mbedlib.a(us_ticker_api.o)
                0x00004260                us_ticker_irq_handler
 .text.ticker_set_handler
                0x00004274       0x24 /usr/lib/openmono/mono/mbedlib.a(ticker_api.o)
                0x00004274                ticker_set_handler
 .text.ticker_irq_handler
                0x00004298       0x84 /usr/lib/openmono/mono/mbedlib.a(ticker_api.o)
                0x00004298                ticker_irq_handler
 .text.ticker_insert_event
                0x0000431c       0x7c /usr/lib/openmono/mono/mbedlib.a(ticker_api.o)
                0x0000431c                ticker_insert_event
 .text.ticker_remove_event
                0x00004398       0x80 /usr/lib/openmono/mono/mbedlib.a(ticker_api.o)
                0x00004398                ticker_remove_event
 .text.ticker_read
                0x00004418       0x1c /usr/lib/openmono/mono/mbedlib.a(ticker_api.o)
                0x00004418                ticker_read
 .text._ZN4mbed10SerialBaseD2Ev
                0x00004434       0x28 build/app_controller.o
                0x00004434                mbed::SerialBase::~SerialBase()
                0x00004434                mbed::SerialBase::~SerialBase()
 .text._ZN4mbed10SerialBaseD0Ev
                0x0000445c       0x20 build/app_controller.o
                0x0000445c                mbed::SerialBase::~SerialBase()
 .text._ZN4mono12IApplicationC2Ev
                0x0000447c       0x20 build/app_controller.o
                0x0000447c                mono::IApplication::IApplication()
                0x0000447c                mono::IApplication::IApplication()
 .text._ZN13AppControllerC2Ev
                0x0000449c       0x78 build/app_controller.o
                0x0000449c                AppController::AppController()
                0x0000449c                AppController::AppController()
 .text._ZN13AppController17monoWakeFromResetEv
                0x00004514       0x1c build/app_controller.o
                0x00004514                AppController::monoWakeFromReset()
 .text._ZN13AppController17monoWillGotoSleepEv
                0x00004530       0x14 build/app_controller.o
                0x00004530                AppController::monoWillGotoSleep()
 .text._ZN13AppController17monoWakeFromSleepEv
                0x00004544       0x1c build/app_controller.o
                0x00004544                AppController::monoWakeFromSleep()
 .text._ZN4mbed6SerialD2Ev
                0x00004560       0x60 build/app_controller.o
                0x00004560                mbed::Serial::~Serial()
                0x00004560                mbed::Serial::~Serial()
                0x000045b0                non-virtual thunk to mbed::Serial::~Serial()
                0x000045b8                non-virtual thunk to mbed::Serial::~Serial()
 .text._ZN4mbed6SerialD0Ev
                0x000045c0       0x30 build/app_controller.o
                0x000045c0                mbed::Serial::~Serial()
                0x000045e0                non-virtual thunk to mbed::Serial::~Serial()
                0x000045e8                non-virtual thunk to mbed::Serial::~Serial()
 .text._ZN4mono2io6SerialD2Ev
                0x000045f0       0x54 build/app_controller.o
                0x000045f0                mono::io::Serial::~Serial()
                0x000045f0                mono::io::Serial::~Serial()
                0x00004634                non-virtual thunk to mono::io::Serial::~Serial()
                0x0000463c                non-virtual thunk to mono::io::Serial::~Serial()
 .text._ZN4mono2io6SerialD0Ev
                0x00004644       0x30 build/app_controller.o
                0x00004644                mono::io::Serial::~Serial()
                0x00004664                non-virtual thunk to mono::io::Serial::~Serial()
                0x0000466c                non-virtual thunk to mono::io::Serial::~Serial()
 .text._Z41__static_initialization_and_destruction_0ii
                0x00004674      0x164 build/app_controller.o
 .text._GLOBAL__sub_I__ZN13AppControllerC2Ev
                0x000047d8       0x10 build/app_controller.o
 .text._ZN4mono12IApplication12enterRunLoopEv
                0x000047e8       0x28 build/mono_default_main.o
                0x000047e8                mono::IApplication::enterRunLoop()
 .text._ZN13AppControllerD2Ev
                0x00004810       0x28 build/mono_default_main.o
                0x00004810                AppController::~AppController()
                0x00004810                AppController::~AppController()
 .text.main     0x00004838       0x44 build/mono_default_main.o
                0x00004838                main
 .text._Z41__static_initialization_and_destruction_0ii
                0x0000487c      0x164 build/mono_default_main.o
 .text._ZN4mono2ui13TextLabelViewD2Ev
                0x000049e0       0x44 build/mono_default_main.o
                0x000049e0                mono::ui::TextLabelView::~TextLabelView()
                0x000049e0                mono::ui::TextLabelView::~TextLabelView()
 .text._ZN4mono2ui13TextLabelViewD0Ev
                0x00004a24       0x20 build/mono_default_main.o
                0x00004a24                mono::ui::TextLabelView::~TextLabelView()
 .text._GLOBAL__sub_I_mono_default_main.cpp
                0x00004a44       0x10 build/mono_default_main.o
 .text.__aeabi_atexit
                0x00004a54        0xa /usr/lib/openmono/gcc-arm-none-eabi-5_2-2015q4/bin/../lib/gcc/arm-none-eabi/5.2.1/../../../../arm-none-eabi/lib/armv7-m/libstdc++_nano.a(atexit_arm.o)
                0x00004a54                __aeabi_atexit
 .text._ZdlPv   0x00004a5e        0x4 /usr/lib/openmono/gcc-arm-none-eabi-5_2-2015q4/bin/../lib/gcc/arm-none-eabi/5.2.1/../../../../arm-none-eabi/lib/armv7-m/libstdc++_nano.a(del_op.o)
                0x00004a5e                operator delete(void*)
 .text._Znwj    0x00004a62       0x22 /usr/lib/openmono/gcc-arm-none-eabi-5_2-2015q4/bin/../lib/gcc/arm-none-eabi/5.2.1/../../../../arm-none-eabi/lib/armv7-m/libstdc++_nano.a(new_op.o)
                0x00004a62                operator new(unsigned int)
 .text.__cxa_pure_virtual
                0x00004a84       0x14 /usr/lib/openmono/gcc-arm-none-eabi-5_2-2015q4/bin/../lib/gcc/arm-none-eabi/5.2.1/../../../../arm-none-eabi/lib/armv7-m/libstdc++_nano.a(pure.o)
                0x00004a84                __cxa_pure_virtual
 .text._ZSt15get_new_handlerv
                0x00004a98       0x10 /usr/lib/openmono/gcc-arm-none-eabi-5_2-2015q4/bin/../lib/gcc/arm-none-eabi/5.2.1/../../../../arm-none-eabi/lib/armv7-m/libstdc++_nano.a(new_handler.o)
                0x00004a98                std::get_new_handler()
 .text._ZN10__cxxabiv111__terminateEPFvvE
                0x00004aa8        0x8 /usr/lib/openmono/gcc-arm-none-eabi-5_2-2015q4/bin/../lib/gcc/arm-none-eabi/5.2.1/../../../../arm-none-eabi/lib/armv7-m/libstdc++_nano.a(eh_terminate.o)
                0x00004aa8                __cxxabiv1::__terminate(void (*)())
 .text._ZSt13get_terminatev
                0x00004ab0       0x10 /usr/lib/openmono/gcc-arm-none-eabi-5_2-2015q4/bin/../lib/gcc/arm-none-eabi/5.2.1/../../../../arm-none-eabi/lib/armv7-m/libstdc++_nano.a(eh_terminate.o)
                0x00004ab0                std::get_terminate()
 .text._ZSt9terminatev
                0x00004ac0        0xa /usr/lib/openmono/gcc-arm-none-eabi-5_2-2015q4/bin/../lib/gcc/arm-none-eabi/5.2.1/../../../../arm-none-eabi/lib/armv7-m/libstdc++_nano.a(eh_terminate.o)
                0x00004ac0                std::terminate()
 *fill*         0x00004aca        0x2 
 .text._ZN9__gnu_cxx27__verbose_terminate_handlerEv
                0x00004acc       0x9c /usr/lib/openmono/gcc-arm-none-eabi-5_2-2015q4/bin/../lib/gcc/arm-none-eabi/5.2.1/../../../../arm-none-eabi/lib/armv7-m/libstdc++_nano.a(vterminate.o)
                0x00004acc                __gnu_cxx::__verbose_terminate_handler()
 .text          0x00004b68     0x82b0 /usr/lib/openmono/gcc-arm-none-eabi-5_2-2015q4/bin/../lib/gcc/arm-none-eabi/5.2.1/../../../../arm-none-eabi/lib/armv7-m/libstdc++_nano.a(cp-demangle.o)
                0x0000cd38                __cxa_demangle
                0x0000cdf4                __gcclibcxx_demangle_callback
 .text.__cxa_current_exception_type
                0x0000ce18       0x1a /usr/lib/openmono/gcc-arm-none-eabi-5_2-2015q4/bin/../lib/gcc/arm-none-eabi/5.2.1/../../../../arm-none-eabi/lib/armv7-m/libstdc++_nano.a(eh_type.o)
                0x0000ce18                __cxa_current_exception_type
 *fill*         0x0000ce32        0x2 
 .text.__cxa_get_globals
                0x0000ce34        0x8 /usr/lib/openmono/gcc-arm-none-eabi-5_2-2015q4/bin/../lib/gcc/arm-none-eabi/5.2.1/../../../../arm-none-eabi/lib/armv7-m/libstdc++_nano.a(eh_globals.o)
                0x0000ce34                __cxa_get_globals
 .text.abort    0x0000ce3c        0xe /usr/lib/openmono/gcc-arm-none-eabi-5_2-2015q4/bin/../lib/gcc/arm-none-eabi/5.2.1/../../../../arm-none-eabi/lib/armv7-m/libc_nano.a(lib_a-abort.o)
                0x0000ce3c                abort
 *fill*         0x0000ce4a        0x2 
 .text.__cxa_atexit
                0x0000ce4c       0x1c /usr/lib/openmono/gcc-arm-none-eabi-5_2-2015q4/bin/../lib/gcc/arm-none-eabi/5.2.1/../../../../arm-none-eabi/lib/armv7-m/libc_nano.a(lib_a-cxa_atexit.o)
                0x0000ce4c                __cxa_atexit
 .text.__errno  0x0000ce68        0xc /usr/lib/openmono/gcc-arm-none-eabi-5_2-2015q4/bin/../lib/gcc/arm-none-eabi/5.2.1/../../../../arm-none-eabi/lib/armv7-m/libc_nano.a(lib_a-errno.o)
                0x0000ce68                __errno
 .text.__sflush_r
                0x0000ce74      0x10c /usr/lib/openmono/gcc-arm-none-eabi-5_2-2015q4/bin/../lib/gcc/arm-none-eabi/5.2.1/../../../../arm-none-eabi/lib/armv7-m/libc_nano.a(lib_a-fflush.o)
                0x0000ce74                __sflush_r
 .text._fflush_r
                0x0000cf80       0x54 /usr/lib/openmono/gcc-arm-none-eabi-5_2-2015q4/bin/../lib/gcc/arm-none-eabi/5.2.1/../../../../arm-none-eabi/lib/armv7-m/libc_nano.a(lib_a-fflush.o)
                0x0000cf80                _fflush_r
 .text.fflush   0x0000cfd4       0x24 /usr/lib/openmono/gcc-arm-none-eabi-5_2-2015q4/bin/../lib/gcc/arm-none-eabi/5.2.1/../../../../arm-none-eabi/lib/armv7-m/libc_nano.a(lib_a-fflush.o)
                0x0000cfd4                fflush
 .text._cleanup_r
                0x0000cff8        0xc /usr/lib/openmono/gcc-arm-none-eabi-5_2-2015q4/bin/../lib/gcc/arm-none-eabi/5.2.1/../../../../arm-none-eabi/lib/armv7-m/libc_nano.a(lib_a-findfp.o)
                0x0000cff8                _cleanup_r
 .text.std.isra.0
                0x0000d004       0x48 /usr/lib/openmono/gcc-arm-none-eabi-5_2-2015q4/bin/../lib/gcc/arm-none-eabi/5.2.1/../../../../arm-none-eabi/lib/armv7-m/libc_nano.a(lib_a-findfp.o)
 .text.__sfmoreglue
                0x0000d04c       0x2c /usr/lib/openmono/gcc-arm-none-eabi-5_2-2015q4/bin/../lib/gcc/arm-none-eabi/5.2.1/../../../../arm-none-eabi/lib/armv7-m/libc_nano.a(lib_a-findfp.o)
                0x0000d04c                __sfmoreglue
 .text.__sinit  0x0000d078       0x60 /usr/lib/openmono/gcc-arm-none-eabi-5_2-2015q4/bin/../lib/gcc/arm-none-eabi/5.2.1/../../../../arm-none-eabi/lib/armv7-m/libc_nano.a(lib_a-findfp.o)
                0x0000d078                __sinit
 .text.__sfp    0x0000d0d8       0x78 /usr/lib/openmono/gcc-arm-none-eabi-5_2-2015q4/bin/../lib/gcc/arm-none-eabi/5.2.1/../../../../arm-none-eabi/lib/armv7-m/libc_nano.a(lib_a-findfp.o)
                0x0000d0d8                __sfp
 .text.__sfp_lock_acquire
                0x0000d150        0x2 /usr/lib/openmono/gcc-arm-none-eabi-5_2-2015q4/bin/../lib/gcc/arm-none-eabi/5.2.1/../../../../arm-none-eabi/lib/armv7-m/libc_nano.a(lib_a-findfp.o)
                0x0000d150                __sfp_lock_acquire
 .text.__sfp_lock_release
                0x0000d152        0x2 /usr/lib/openmono/gcc-arm-none-eabi-5_2-2015q4/bin/../lib/gcc/arm-none-eabi/5.2.1/../../../../arm-none-eabi/lib/armv7-m/libc_nano.a(lib_a-findfp.o)
                0x0000d152                __sfp_lock_release
 .text._fputs_r
                0x0000d154       0xa8 /usr/lib/openmono/gcc-arm-none-eabi-5_2-2015q4/bin/../lib/gcc/arm-none-eabi/5.2.1/../../../../arm-none-eabi/lib/armv7-m/libc_nano.a(lib_a-fputs.o)
                0x0000d154                _fputs_r
 .text.fputs    0x0000d1fc       0x10 /usr/lib/openmono/gcc-arm-none-eabi-5_2-2015q4/bin/../lib/gcc/arm-none-eabi/5.2.1/../../../../arm-none-eabi/lib/armv7-m/libc_nano.a(lib_a-fputs.o)
                0x0000d1fc                fputs
 .text._fwalk_reent
                0x0000d20c       0x3c /usr/lib/openmono/gcc-arm-none-eabi-5_2-2015q4/bin/../lib/gcc/arm-none-eabi/5.2.1/../../../../arm-none-eabi/lib/armv7-m/libc_nano.a(lib_a-fwalk.o)
                0x0000d20c                _fwalk_reent
 .text.__libc_init_array
                0x0000d248       0x4c /usr/lib/openmono/gcc-arm-none-eabi-5_2-2015q4/bin/../lib/gcc/arm-none-eabi/5.2.1/../../../../arm-none-eabi/lib/armv7-m/libc_nano.a(lib_a-init.o)
                0x0000d248                __libc_init_array
 .text.malloc   0x0000d294       0x10 /usr/lib/openmono/gcc-arm-none-eabi-5_2-2015q4/bin/../lib/gcc/arm-none-eabi/5.2.1/../../../../arm-none-eabi/lib/armv7-m/libc_nano.a(lib_a-malloc.o)
                0x0000d294                malloc
 .text.free     0x0000d2a4       0x10 /usr/lib/openmono/gcc-arm-none-eabi-5_2-2015q4/bin/../lib/gcc/arm-none-eabi/5.2.1/../../../../arm-none-eabi/lib/armv7-m/libc_nano.a(lib_a-malloc.o)
                0x0000d2a4                free
 .text.memchr   0x0000d2b4       0x1c /usr/lib/openmono/gcc-arm-none-eabi-5_2-2015q4/bin/../lib/gcc/arm-none-eabi/5.2.1/../../../../arm-none-eabi/lib/armv7-m/libc_nano.a(lib_a-memchr-stub.o)
                0x0000d2b4                memchr
 .text.memcmp   0x0000d2d0       0x1e /usr/lib/openmono/gcc-arm-none-eabi-5_2-2015q4/bin/../lib/gcc/arm-none-eabi/5.2.1/../../../../arm-none-eabi/lib/armv7-m/libc_nano.a(lib_a-memcmp.o)
                0x0000d2d0                memcmp
 .text.memcpy   0x0000d2ee       0x16 /usr/lib/openmono/gcc-arm-none-eabi-5_2-2015q4/bin/../lib/gcc/arm-none-eabi/5.2.1/../../../../arm-none-eabi/lib/armv7-m/libc_nano.a(lib_a-memcpy-stub.o)
                0x0000d2ee                memcpy
 .text.memset   0x0000d304       0x10 /usr/lib/openmono/gcc-arm-none-eabi-5_2-2015q4/bin/../lib/gcc/arm-none-eabi/5.2.1/../../../../arm-none-eabi/lib/armv7-m/libc_nano.a(lib_a-memset.o)
                0x0000d304                memset
 .text._free_r  0x0000d314       0x88 /usr/lib/openmono/gcc-arm-none-eabi-5_2-2015q4/bin/../lib/gcc/arm-none-eabi/5.2.1/../../../../arm-none-eabi/lib/armv7-m/libc_nano.a(lib_a-nano-freer.o)
                0x0000d314                _free_r
 .text._malloc_r
                0x0000d39c       0xa8 /usr/lib/openmono/gcc-arm-none-eabi-5_2-2015q4/bin/../lib/gcc/arm-none-eabi/5.2.1/../../../../arm-none-eabi/lib/armv7-m/libc_nano.a(lib_a-nano-mallocr.o)
                0x0000d39c                _malloc_r
 .text.realloc  0x0000d444       0x10 /usr/lib/openmono/gcc-arm-none-eabi-5_2-2015q4/bin/../lib/gcc/arm-none-eabi/5.2.1/../../../../arm-none-eabi/lib/armv7-m/libc_nano.a(lib_a-realloc.o)
                0x0000d444                realloc
 .text._sbrk_r  0x0000d454       0x20 /usr/lib/openmono/gcc-arm-none-eabi-5_2-2015q4/bin/../lib/gcc/arm-none-eabi/5.2.1/../../../../arm-none-eabi/lib/armv7-m/libc_nano.a(lib_a-sbrkr.o)
                0x0000d454                _sbrk_r
 .text.setbuf   0x0000d474       0x10 /usr/lib/openmono/gcc-arm-none-eabi-5_2-2015q4/bin/../lib/gcc/arm-none-eabi/5.2.1/../../../../arm-none-eabi/lib/armv7-m/libc_nano.a(lib_a-setbuf.o)
                0x0000d474                setbuf
 .text.setvbuf  0x0000d484      0x110 /usr/lib/openmono/gcc-arm-none-eabi-5_2-2015q4/bin/../lib/gcc/arm-none-eabi/5.2.1/../../../../arm-none-eabi/lib/armv7-m/libc_nano.a(lib_a-setvbuf.o)
                0x0000d484                setvbuf
 .text._raise_r
                0x0000d594       0x54 /usr/lib/openmono/gcc-arm-none-eabi-5_2-2015q4/bin/../lib/gcc/arm-none-eabi/5.2.1/../../../../arm-none-eabi/lib/armv7-m/libc_nano.a(lib_a-signal.o)
                0x0000d594                _raise_r
 .text.raise    0x0000d5e8       0x10 /usr/lib/openmono/gcc-arm-none-eabi-5_2-2015q4/bin/../lib/gcc/arm-none-eabi/5.2.1/../../../../arm-none-eabi/lib/armv7-m/libc_nano.a(lib_a-signal.o)
                0x0000d5e8                raise
 .text._kill_r  0x0000d5f8       0x24 /usr/lib/openmono/gcc-arm-none-eabi-5_2-2015q4/bin/../lib/gcc/arm-none-eabi/5.2.1/../../../../arm-none-eabi/lib/armv7-m/libc_nano.a(lib_a-signalr.o)
                0x0000d5f8                _kill_r
 .text._getpid_r
                0x0000d61c        0x4 /usr/lib/openmono/gcc-arm-none-eabi-5_2-2015q4/bin/../lib/gcc/arm-none-eabi/5.2.1/../../../../arm-none-eabi/lib/armv7-m/libc_nano.a(lib_a-signalr.o)
                0x0000d61c                _getpid_r
 .text.sprintf  0x0000d620       0x48 /usr/lib/openmono/gcc-arm-none-eabi-5_2-2015q4/bin/../lib/gcc/arm-none-eabi/5.2.1/../../../../arm-none-eabi/lib/armv7-m/libc_nano.a(lib_a-sprintf.o)
                0x0000d620                sprintf
                0x0000d620                siprintf
 .text.sscanf   0x0000d668       0x54 /usr/lib/openmono/gcc-arm-none-eabi-5_2-2015q4/bin/../lib/gcc/arm-none-eabi/5.2.1/../../../../arm-none-eabi/lib/armv7-m/libc_nano.a(lib_a-sscanf.o)
                0x0000d668                sscanf
                0x0000d668                siscanf
 .text.__sread  0x0000d6bc       0x22 /usr/lib/openmono/gcc-arm-none-eabi-5_2-2015q4/bin/../lib/gcc/arm-none-eabi/5.2.1/../../../../arm-none-eabi/lib/armv7-m/libc_nano.a(lib_a-stdio.o)
                0x0000d6bc                __sread
 .text.__seofread
                0x0000d6de        0x4 /usr/lib/openmono/gcc-arm-none-eabi-5_2-2015q4/bin/../lib/gcc/arm-none-eabi/5.2.1/../../../../arm-none-eabi/lib/armv7-m/libc_nano.a(lib_a-stdio.o)
                0x0000d6de                __seofread
 .text.__swrite
                0x0000d6e2       0x38 /usr/lib/openmono/gcc-arm-none-eabi-5_2-2015q4/bin/../lib/gcc/arm-none-eabi/5.2.1/../../../../arm-none-eabi/lib/armv7-m/libc_nano.a(lib_a-stdio.o)
                0x0000d6e2                __swrite
 .text.__sseek  0x0000d71a       0x24 /usr/lib/openmono/gcc-arm-none-eabi-5_2-2015q4/bin/../lib/gcc/arm-none-eabi/5.2.1/../../../../arm-none-eabi/lib/armv7-m/libc_nano.a(lib_a-stdio.o)
                0x0000d71a                __sseek
 .text.__sclose
                0x0000d73e        0x8 /usr/lib/openmono/gcc-arm-none-eabi-5_2-2015q4/bin/../lib/gcc/arm-none-eabi/5.2.1/../../../../arm-none-eabi/lib/armv7-m/libc_nano.a(lib_a-stdio.o)
                0x0000d73e                __sclose
 .text          0x0000d746       0x14 /usr/lib/openmono/gcc-arm-none-eabi-5_2-2015q4/bin/../lib/gcc/arm-none-eabi/5.2.1/../../../../arm-none-eabi/lib/armv7-m/libc_nano.a(lib_a-strcmp.o)
                0x0000d746                strcmp
 .text          0x0000d75a       0x10 /usr/lib/openmono/gcc-arm-none-eabi-5_2-2015q4/bin/../lib/gcc/arm-none-eabi/5.2.1/../../../../arm-none-eabi/lib/armv7-m/libc_nano.a(lib_a-strlen.o)
                0x0000d75a                strlen
 .text.strncmp  0x0000d76a       0x2a /usr/lib/openmono/gcc-arm-none-eabi-5_2-2015q4/bin/../lib/gcc/arm-none-eabi/5.2.1/../../../../arm-none-eabi/lib/armv7-m/libc_nano.a(lib_a-strncmp.o)
                0x0000d76a                strncmp
 .text.write    0x0000d794       0x14 /usr/lib/openmono/gcc-arm-none-eabi-5_2-2015q4/bin/../lib/gcc/arm-none-eabi/5.2.1/../../../../arm-none-eabi/lib/armv7-m/libc_nano.a(lib_a-syswrite.o)
                0x0000d794                write
 .text.__swbuf_r
                0x0000d7a8       0xa8 /usr/lib/openmono/gcc-arm-none-eabi-5_2-2015q4/bin/../lib/gcc/arm-none-eabi/5.2.1/../../../../arm-none-eabi/lib/armv7-m/libc_nano.a(lib_a-wbuf.o)
                0x0000d7a8                __swbuf_r
 .text._write_r
                0x0000d850       0x24 /usr/lib/openmono/gcc-arm-none-eabi-5_2-2015q4/bin/../lib/gcc/arm-none-eabi/5.2.1/../../../../arm-none-eabi/lib/armv7-m/libc_nano.a(lib_a-writer.o)
                0x0000d850                _write_r
 .text.__swsetup_r
                0x0000d874       0xd8 /usr/lib/openmono/gcc-arm-none-eabi-5_2-2015q4/bin/../lib/gcc/arm-none-eabi/5.2.1/../../../../arm-none-eabi/lib/armv7-m/libc_nano.a(lib_a-wsetup.o)
                0x0000d874                __swsetup_r
 .text._close_r
                0x0000d94c       0x20 /usr/lib/openmono/gcc-arm-none-eabi-5_2-2015q4/bin/../lib/gcc/arm-none-eabi/5.2.1/../../../../arm-none-eabi/lib/armv7-m/libc_nano.a(lib_a-closer.o)
                0x0000d94c                _close_r
 .text._lseek_r
                0x0000d96c       0x24 /usr/lib/openmono/gcc-arm-none-eabi-5_2-2015q4/bin/../lib/gcc/arm-none-eabi/5.2.1/../../../../arm-none-eabi/lib/armv7-m/libc_nano.a(lib_a-lseekr.o)
                0x0000d96c                _lseek_r
 .text.__smakebuf_r
                0x0000d990       0x98 /usr/lib/openmono/gcc-arm-none-eabi-5_2-2015q4/bin/../lib/gcc/arm-none-eabi/5.2.1/../../../../arm-none-eabi/lib/armv7-m/libc_nano.a(lib_a-makebuf.o)
                0x0000d990                __smakebuf_r
 .text._realloc_r
                0x0000da28       0x4c /usr/lib/openmono/gcc-arm-none-eabi-5_2-2015q4/bin/../lib/gcc/arm-none-eabi/5.2.1/../../../../arm-none-eabi/lib/armv7-m/libc_nano.a(lib_a-nano-reallocr.o)
                0x0000da28                _realloc_r
 .text.__ssputs_r
                0x0000da74       0xb2 /usr/lib/openmono/gcc-arm-none-eabi-5_2-2015q4/bin/../lib/gcc/arm-none-eabi/5.2.1/../../../../arm-none-eabi/lib/armv7-m/libc_nano.a(lib_a-nano-svfprintf.o)
                0x0000da74                __ssputs_r
 *fill*         0x0000db26        0x2 
 .text._svfprintf_r
                0x0000db28      0x1e8 /usr/lib/openmono/gcc-arm-none-eabi-5_2-2015q4/bin/../lib/gcc/arm-none-eabi/5.2.1/../../../../arm-none-eabi/lib/armv7-m/libc_nano.a(lib_a-nano-svfprintf.o)
                0x0000db28                _svfprintf_r
                0x0000db28                _svfiprintf_r
 .text._sungetc_r
                0x0000dd10       0x7c /usr/lib/openmono/gcc-arm-none-eabi-5_2-2015q4/bin/../lib/gcc/arm-none-eabi/5.2.1/../../../../arm-none-eabi/lib/armv7-m/libc_nano.a(lib_a-nano-svfscanf.o)
                0x0000dd10                _sungetc_r
 .text.__ssrefill_r
                0x0000dd8c       0x3a /usr/lib/openmono/gcc-arm-none-eabi-5_2-2015q4/bin/../lib/gcc/arm-none-eabi/5.2.1/../../../../arm-none-eabi/lib/armv7-m/libc_nano.a(lib_a-nano-svfscanf.o)
                0x0000dd8c                __ssrefill_r
 *fill*         0x0000ddc6        0x2 
 .text.__ssvfscanf_r
                0x0000ddc8      0x29c /usr/lib/openmono/gcc-arm-none-eabi-5_2-2015q4/bin/../lib/gcc/arm-none-eabi/5.2.1/../../../../arm-none-eabi/lib/armv7-m/libc_nano.a(lib_a-nano-svfscanf.o)
                0x0000ddc8                __ssvfscanf_r
                0x0000ddc8                __ssvfiscanf_r
 .text._printf_common
                0x0000e064       0xec /usr/lib/openmono/gcc-arm-none-eabi-5_2-2015q4/bin/../lib/gcc/arm-none-eabi/5.2.1/../../../../arm-none-eabi/lib/armv7-m/libc_nano.a(lib_a-nano-vfprintf_i.o)
                0x0000e064                _printf_common
 .text._printf_i
                0x0000e150      0x24c /usr/lib/openmono/gcc-arm-none-eabi-5_2-2015q4/bin/../lib/gcc/arm-none-eabi/5.2.1/../../../../arm-none-eabi/lib/armv7-m/libc_nano.a(lib_a-nano-vfprintf_i.o)
                0x0000e150                _printf_i
 .text._scanf_chars
                0x0000e39c       0xcc /usr/lib/openmono/gcc-arm-none-eabi-5_2-2015q4/bin/../lib/gcc/arm-none-eabi/5.2.1/../../../../arm-none-eabi/lib/armv7-m/libc_nano.a(lib_a-nano-vfscanf_i.o)
                0x0000e39c                _scanf_chars
 .text._scanf_i
                0x0000e468      0x1e4 /usr/lib/openmono/gcc-arm-none-eabi-5_2-2015q4/bin/../lib/gcc/arm-none-eabi/5.2.1/../../../../arm-none-eabi/lib/armv7-m/libc_nano.a(lib_a-nano-vfscanf_i.o)
                0x0000e468                _scanf_i
 .text._read_r  0x0000e64c       0x24 /usr/lib/openmono/gcc-arm-none-eabi-5_2-2015q4/bin/../lib/gcc/arm-none-eabi/5.2.1/../../../../arm-none-eabi/lib/armv7-m/libc_nano.a(lib_a-readr.o)
                0x0000e64c                _read_r
 .text.__sccl   0x0000e670       0x60 /usr/lib/openmono/gcc-arm-none-eabi-5_2-2015q4/bin/../lib/gcc/arm-none-eabi/5.2.1/../../../../arm-none-eabi/lib/armv7-m/libc_nano.a(lib_a-sccl.o)
                0x0000e670                __sccl
 .text._strtol_r
                0x0000e6d0      0x10c /usr/lib/openmono/gcc-arm-none-eabi-5_2-2015q4/bin/../lib/gcc/arm-none-eabi/5.2.1/../../../../arm-none-eabi/lib/armv7-m/libc_nano.a(lib_a-strtol.o)
                0x0000e6d0                _strtol_r
 .text._strtoul_r
                0x0000e7dc       0xfc /usr/lib/openmono/gcc-arm-none-eabi-5_2-2015q4/bin/../lib/gcc/arm-none-eabi/5.2.1/../../../../arm-none-eabi/lib/armv7-m/libc_nano.a(lib_a-strtoul.o)
                0x0000e7dc                _strtoul_r
 .text.__submore
                0x0000e8d8       0x72 /usr/lib/openmono/gcc-arm-none-eabi-5_2-2015q4/bin/../lib/gcc/arm-none-eabi/5.2.1/../../../../arm-none-eabi/lib/armv7-m/libc_nano.a(lib_a-ungetc.o)
                0x0000e8d8                __submore
 *fill*         0x0000e94a        0x2 
 .text._fstat_r
                0x0000e94c       0x24 /usr/lib/openmono/gcc-arm-none-eabi-5_2-2015q4/bin/../lib/gcc/arm-none-eabi/5.2.1/../../../../arm-none-eabi/lib/armv7-m/libc_nano.a(lib_a-fstatr.o)
                0x0000e94c                _fstat_r
 .text._isatty_r
                0x0000e970       0x20 /usr/lib/openmono/gcc-arm-none-eabi-5_2-2015q4/bin/../lib/gcc/arm-none-eabi/5.2.1/../../../../arm-none-eabi/lib/armv7-m/libc_nano.a(lib_a-isattyr.o)
                0x0000e970                _isatty_r
 .text.memmove  0x0000e990       0x36 /usr/lib/openmono/gcc-arm-none-eabi-5_2-2015q4/bin/../lib/gcc/arm-none-eabi/5.2.1/../../../../arm-none-eabi/lib/armv7-m/libc_nano.a(lib_a-memmove.o)
                0x0000e990                memmove
 .text._malloc_usable_size_r
                0x0000e9c6       0x14 /usr/lib/openmono/gcc-arm-none-eabi-5_2-2015q4/bin/../lib/gcc/arm-none-eabi/5.2.1/../../../../arm-none-eabi/lib/armv7-m/libc_nano.a(lib_a-nano-msizer.o)
                0x0000e9c6                _malloc_usable_size_r
 *fill*         0x0000e9da        0x2 
 .text          0x0000e9dc       0x30 /usr/lib/openmono/gcc-arm-none-eabi-5_2-2015q4/bin/../lib/gcc/arm-none-eabi/5.2.1/armv7-m/libgcc.a(_aeabi_uldivmod.o)
                0x0000e9dc                __aeabi_uldivmod
 .text          0x0000ea0c      0x2ec /usr/lib/openmono/gcc-arm-none-eabi-5_2-2015q4/bin/../lib/gcc/arm-none-eabi/5.2.1/armv7-m/libgcc.a(_udivmoddi4.o)
                0x0000ea0c                __udivmoddi4
 .text          0x0000ecf8        0x4 /usr/lib/openmono/gcc-arm-none-eabi-5_2-2015q4/bin/../lib/gcc/arm-none-eabi/5.2.1/armv7-m/libgcc.a(_dvmd_tls.o)
                0x0000ecf8                __aeabi_ldiv0
                0x0000ecf8                __aeabi_idiv0
 .text._getpid  0x0000ecfc       0x10 /usr/lib/openmono/gcc-arm-none-eabi-5_2-2015q4/bin/../lib/gcc/arm-none-eabi/5.2.1/../../../../arm-none-eabi/lib/armv7-m/libnosys.a(getpid.o)
                0x0000ecfc                _getpid
 .text._kill    0x0000ed0c       0x10 /usr/lib/openmono/gcc-arm-none-eabi-5_2-2015q4/bin/../lib/gcc/arm-none-eabi/5.2.1/../../../../arm-none-eabi/lib/armv7-m/libnosys.a(kill.o)
                0x0000ed0c                _kill
 .text.PWM_Enable
                0x0000ed1c       0x10 /usr/lib/openmono/mono/monoCyLib.a(PWM.o)
                0x0000ed1c                PWM_Enable
 .text.PWM_Stop
                0x0000ed2c       0x10 /usr/lib/openmono/mono/monoCyLib.a(PWM.o)
                0x0000ed2c                PWM_Stop
 .text.PWM_WriteCounter
                0x0000ed3c        0xc /usr/lib/openmono/mono/monoCyLib.a(PWM.o)
                0x0000ed3c                PWM_WriteCounter
 .text.PWM_ReadCounter
                0x0000ed48       0x14 /usr/lib/openmono/mono/monoCyLib.a(PWM.o)
                0x0000ed48                PWM_ReadCounter
 .text.PWM_ClearFIFO
                0x0000ed5c       0x18 /usr/lib/openmono/mono/monoCyLib.a(PWM.o)
                0x0000ed5c                PWM_ClearFIFO
 .text.PWM_Init
                0x0000ed74       0x50 /usr/lib/openmono/mono/monoCyLib.a(PWM.o)
                0x0000ed74                PWM_Init
 .text.PWM_Start
                0x0000edc4       0x1c /usr/lib/openmono/mono/monoCyLib.a(PWM.o)
                0x0000edc4                PWM_Start
 .text.PWM_WritePeriod
                0x0000ede0        0xc /usr/lib/openmono/mono/monoCyLib.a(PWM.o)
                0x0000ede0                PWM_WritePeriod
 .text.PWM_WriteCompare1
                0x0000edec        0xc /usr/lib/openmono/mono/monoCyLib.a(PWM.o)
                0x0000edec                PWM_WriteCompare1
 .text.PWM_WriteCompare2
                0x0000edf8        0xc /usr/lib/openmono/mono/monoCyLib.a(PWM.o)
                0x0000edf8                PWM_WriteCompare2
 .text.PWM_ReadControlRegister
                0x0000ee04        0xc /usr/lib/openmono/mono/monoCyLib.a(PWM.o)
                0x0000ee04                PWM_ReadControlRegister
 .text.PWM_WriteControlRegister
                0x0000ee10        0xc /usr/lib/openmono/mono/monoCyLib.a(PWM.o)
                0x0000ee10                PWM_WriteControlRegister
 .text.PWM_ReadCompare1
                0x0000ee1c        0xc /usr/lib/openmono/mono/monoCyLib.a(PWM.o)
                0x0000ee1c                PWM_ReadCompare1
 .text.PWM_ReadPeriod
                0x0000ee28        0xc /usr/lib/openmono/mono/monoCyLib.a(PWM.o)
                0x0000ee28                PWM_ReadPeriod
 .text.USBUART_Init
                0x0000ee34      0x13c /usr/lib/openmono/mono/monoCyLib.a(USBUART.o)
                0x0000ee34                USBUART_Init
 .text.USBUART_InitComponent
                0x0000ef70       0xa4 /usr/lib/openmono/mono/monoCyLib.a(USBUART.o)
                0x0000ef70                USBUART_InitComponent
 .text.USBUART_Start
                0x0000f014       0x24 /usr/lib/openmono/mono/monoCyLib.a(USBUART.o)
                0x0000f014                USBUART_Start
 .text.USBUART_ReInitComponent
                0x0000f038       0x4c /usr/lib/openmono/mono/monoCyLib.a(USBUART.o)
                0x0000f038                USBUART_ReInitComponent
 .text.USBUART_Stop
                0x0000f084       0x90 /usr/lib/openmono/mono/monoCyLib.a(USBUART.o)
                0x0000f084                USBUART_Stop
 .text.USBUART_GetConfiguration
                0x0000f114        0xc /usr/lib/openmono/mono/monoCyLib.a(USBUART.o)
                0x0000f114                USBUART_GetConfiguration
 .text.USBUART_IsConfigurationChanged
                0x0000f120       0x18 /usr/lib/openmono/mono/monoCyLib.a(USBUART.o)
                0x0000f120                USBUART_IsConfigurationChanged
 .text.USBUART_GetEPState
                0x0000f138       0x10 /usr/lib/openmono/mono/monoCyLib.a(USBUART.o)
                0x0000f138                USBUART_GetEPState
 .text.USBUART_GetEPCount
                0x0000f148       0x28 /usr/lib/openmono/mono/monoCyLib.a(USBUART.o)
                0x0000f148                USBUART_GetEPCount
 .text.USBUART_LoadInEP
                0x0000f170       0x7c /usr/lib/openmono/mono/monoCyLib.a(USBUART.o)
                0x0000f170                USBUART_LoadInEP
 .text.USBUART_EnableOutEP
                0x0000f1ec       0x28 /usr/lib/openmono/mono/monoCyLib.a(USBUART.o)
                0x0000f1ec                USBUART_EnableOutEP
 .text.USBUART_ReadOutEP
                0x0000f214       0x4c /usr/lib/openmono/mono/monoCyLib.a(USBUART.o)
                0x0000f214                USBUART_ReadOutEP
 .text.USBUART_LoadEP0
                0x0000f260       0x8c /usr/lib/openmono/mono/monoCyLib.a(USBUART_drv.o)
                0x0000f260                USBUART_LoadEP0
 .text.USBUART_InitZeroLengthControlTransfer
                0x0000f2ec       0x34 /usr/lib/openmono/mono/monoCyLib.a(USBUART_drv.o)
                0x0000f2ec                USBUART_InitZeroLengthControlTransfer
 .text.USBUART_ControlWriteDataStage
                0x0000f320       0x78 /usr/lib/openmono/mono/monoCyLib.a(USBUART_drv.o)
                0x0000f320                USBUART_ControlWriteDataStage
 .text.USBUART_InitNoDataControlTransfer
                0x0000f398       0x2c /usr/lib/openmono/mono/monoCyLib.a(USBUART_drv.o)
                0x0000f398                USBUART_InitNoDataControlTransfer
 .text.USBUART_UpdateStatusBlock
                0x0000f3c4       0x20 /usr/lib/openmono/mono/monoCyLib.a(USBUART_drv.o)
                0x0000f3c4                USBUART_UpdateStatusBlock
 .text.USBUART_HandleSetup
                0x0000f3e4       0x58 /usr/lib/openmono/mono/monoCyLib.a(USBUART_drv.o)
                0x0000f3e4                USBUART_HandleSetup
 .text.USBUART_ControlReadStatusStage
                0x0000f43c       0x34 /usr/lib/openmono/mono/monoCyLib.a(USBUART_drv.o)
                0x0000f43c                USBUART_ControlReadStatusStage
 .text.USBUART_HandleOUT
                0x0000f470       0x3c /usr/lib/openmono/mono/monoCyLib.a(USBUART_drv.o)
                0x0000f470                USBUART_HandleOUT
 .text.USBUART_ControlWriteStatusStage
                0x0000f4ac       0x20 /usr/lib/openmono/mono/monoCyLib.a(USBUART_drv.o)
                0x0000f4ac                USBUART_ControlWriteStatusStage
 .text.USBUART_NoDataControlStatusStage
                0x0000f4cc       0x3c /usr/lib/openmono/mono/monoCyLib.a(USBUART_drv.o)
                0x0000f4cc                USBUART_NoDataControlStatusStage
 .text.USBUART_HandleIN
                0x0000f508       0x24 /usr/lib/openmono/mono/monoCyLib.a(USBUART_drv.o)
                0x0000f508                USBUART_HandleIN
 .text.USBUART_EP_0_ISR
                0x0000f52c       0x8c /usr/lib/openmono/mono/monoCyLib.a(USBUART_drv.o)
                0x0000f52c                USBUART_EP_0_ISR
 .text.USBUART_InitializeStatusBlock
                0x0000f5b8       0x20 /usr/lib/openmono/mono/monoCyLib.a(USBUART_drv.o)
                0x0000f5b8                USBUART_InitializeStatusBlock
 .text.USBUART_InitControlRead
                0x0000f5d8       0x4c /usr/lib/openmono/mono/monoCyLib.a(USBUART_drv.o)
                0x0000f5d8                USBUART_InitControlRead
 .text.USBUART_InitControlWrite
                0x0000f624       0x48 /usr/lib/openmono/mono/monoCyLib.a(USBUART_drv.o)
                0x0000f624                USBUART_InitControlWrite
 .text.USBUART_HandleVendorRqst
                0x0000f66c       0x2c /usr/lib/openmono/mono/monoCyLib.a(USBUART_vnd.o)
                0x0000f66c                USBUART_HandleVendorRqst
 .text.USBUART_DP_ISR
                0x0000f698        0x4 /usr/lib/openmono/mono/monoCyLib.a(USBUART_pm.o)
                0x0000f698                USBUART_DP_ISR
 .text.USBUART_ReadDieID
                0x0000f69c       0x6c /usr/lib/openmono/mono/monoCyLib.a(USBUART_std.o)
                0x0000f69c                USBUART_ReadDieID
 .text.USBUART_ConfigReg
                0x0000f708       0x80 /usr/lib/openmono/mono/monoCyLib.a(USBUART_std.o)
                0x0000f708                USBUART_ConfigReg
 .text.USBUART_GetConfigTablePtr
                0x0000f788       0x24 /usr/lib/openmono/mono/monoCyLib.a(USBUART_std.o)
                0x0000f788                USBUART_GetConfigTablePtr
 .text.USBUART_ConfigAltChanged
                0x0000f7ac      0x128 /usr/lib/openmono/mono/monoCyLib.a(USBUART_std.o)
                0x0000f7ac                USBUART_ConfigAltChanged
 .text.USBUART_GetInterfaceClassTablePtr
                0x0000f8d4       0x20 /usr/lib/openmono/mono/monoCyLib.a(USBUART_std.o)
                0x0000f8d4                USBUART_GetInterfaceClassTablePtr
 .text.USBUART_Config
                0x0000f8f4      0x174 /usr/lib/openmono/mono/monoCyLib.a(USBUART_std.o)
                0x0000f8f4                USBUART_Config
 .text.USBUART_SetEndpointHalt
                0x0000fa68       0x54 /usr/lib/openmono/mono/monoCyLib.a(USBUART_std.o)
                0x0000fa68                USBUART_SetEndpointHalt
 .text.USBUART_ClearEndpointHalt
                0x0000fabc       0x70 /usr/lib/openmono/mono/monoCyLib.a(USBUART_std.o)
                0x0000fabc                USBUART_ClearEndpointHalt
 .text.USBUART_ValidateAlternateSetting
                0x0000fb2c       0x48 /usr/lib/openmono/mono/monoCyLib.a(USBUART_std.o)
                0x0000fb2c                USBUART_ValidateAlternateSetting
 .text.USBUART_HandleStandardRqst
                0x0000fb74      0x274 /usr/lib/openmono/mono/monoCyLib.a(USBUART_std.o)
                0x0000fb74                USBUART_HandleStandardRqst
 .text.USBUART_DispatchClassRqst
                0x0000fde8       0x48 /usr/lib/openmono/mono/monoCyLib.a(USBUART_cls.o)
                0x0000fde8                USBUART_DispatchClassRqst
 .text.USBUART_GetInterfaceComPort
                0x0000fe30       0x30 /usr/lib/openmono/mono/monoCyLib.a(USBUART_cdc.o)
                0x0000fe30                USBUART_GetInterfaceComPort
 .text.USBUART_DispatchCDCClassRqst
                0x0000fe60       0x90 /usr/lib/openmono/mono/monoCyLib.a(USBUART_cdc.o)
                0x0000fe60                USBUART_DispatchCDCClassRqst
 .text.USBUART_CDC_Init
                0x0000fef0       0x70 /usr/lib/openmono/mono/monoCyLib.a(USBUART_cdc.o)
                0x0000fef0                USBUART_CDC_Init
 .text.USBUART_PutData
                0x0000ff60       0x44 /usr/lib/openmono/mono/monoCyLib.a(USBUART_cdc.o)
                0x0000ff60                USBUART_PutData
 .text.USBUART_PutChar
                0x0000ffa4       0x24 /usr/lib/openmono/mono/monoCyLib.a(USBUART_cdc.o)
                0x0000ffa4                USBUART_PutChar
 .text.USBUART_GetCount
                0x0000ffc8       0x2c /usr/lib/openmono/mono/monoCyLib.a(USBUART_cdc.o)
                0x0000ffc8                USBUART_GetCount
 .text.USBUART_DataIsReady
                0x0000fff4       0x14 /usr/lib/openmono/mono/monoCyLib.a(USBUART_cdc.o)
                0x0000fff4                USBUART_DataIsReady
 .text.USBUART_CDCIsReady
                0x00010008       0x14 /usr/lib/openmono/mono/monoCyLib.a(USBUART_cdc.o)
                0x00010008                USBUART_CDCIsReady
 .text.USBUART_GetData
                0x0001001c       0x1c /usr/lib/openmono/mono/monoCyLib.a(USBUART_cdc.o)
                0x0001001c                USBUART_GetData
 .text.USBUART_GetAll
                0x00010038       0x2c /usr/lib/openmono/mono/monoCyLib.a(USBUART_cdc.o)
                0x00010038                USBUART_GetAll
 .text.USBUART_GetChar
                0x00010064       0x28 /usr/lib/openmono/mono/monoCyLib.a(USBUART_cdc.o)
                0x00010064                USBUART_GetChar
 .text.USBUART_GetLineControl
                0x0001008c       0x18 /usr/lib/openmono/mono/monoCyLib.a(USBUART_cdc.o)
                0x0001008c                USBUART_GetLineControl
 .text.USBUART_Cdc_EpInit
                0x000100a4       0x50 /usr/lib/openmono/mono/monoCyLib.a(USBUART_cdc.o)
                0x000100a4                USBUART_Cdc_EpInit
 .text.USBUART_Dp_ClearInterrupt
                0x000100f4       0x10 /usr/lib/openmono/mono/monoCyLib.a(USBUART_Dp.o)
                0x000100f4                USBUART_Dp_ClearInterrupt
 .text.USBUART_EP_1_ISR
                0x00010104       0x34 /usr/lib/openmono/mono/monoCyLib.a(USBUART_episr.o)
                0x00010104                USBUART_EP_1_ISR
 .text.USBUART_EP_2_ISR
                0x00010138       0x38 /usr/lib/openmono/mono/monoCyLib.a(USBUART_episr.o)
                0x00010138                USBUART_EP_2_ISR
 .text.USBUART_EP_3_ISR
                0x00010170       0x40 /usr/lib/openmono/mono/monoCyLib.a(USBUART_episr.o)
                0x00010170                USBUART_EP_3_ISR
 .text.USBUART_SOF_ISR
                0x000101b0        0x2 /usr/lib/openmono/mono/monoCyLib.a(USBUART_episr.o)
                0x000101b0                USBUART_SOF_ISR
 .text.USBUART_BUS_RESET_ISR
                0x000101b2        0x4 /usr/lib/openmono/mono/monoCyLib.a(USBUART_episr.o)
                0x000101b2                USBUART_BUS_RESET_ISR
 *fill*         0x000101b6        0x2 
 .text._ZN4mbed6SerialC2E7PinNameS1_PKc
                0x000101b8       0x50 /usr/lib/openmono/mono/mbedlib.a(Serial.o)
                0x000101b8                mbed::Serial::Serial(PinName, PinName, char const*)
                0x000101b8                mbed::Serial::Serial(PinName, PinName, char const*)
 .text._ZN4mbed6Serial5_getcEv
                0x00010208       0x1c /usr/lib/openmono/mono/mbedlib.a(Serial.o)
                0x00010208                mbed::Serial::_getc()
 .text._ZThn64_N4mbed6Serial5_getcEv
                0x00010224        0x8 /usr/lib/openmono/mono/mbedlib.a(Serial.o)
                0x00010224                non-virtual thunk to mbed::Serial::_getc()
 .text._ZN4mbed6Serial5_putcEi
                0x0001022c       0x20 /usr/lib/openmono/mono/mbedlib.a(Serial.o)
                0x0001022c                mbed::Serial::_putc(int)
 .text._ZThn64_N4mbed6Serial5_putcEi
                0x0001024c        0x8 /usr/lib/openmono/mono/mbedlib.a(Serial.o)
                0x0001024c                non-virtual thunk to mbed::Serial::_putc(int)
 .text._ZN4mbed6StreamC2EPKc
                0x00010254       0x6c /usr/lib/openmono/mono/mbedlib.a(Stream.o)
                0x00010254                mbed::Stream::Stream(char const*)
                0x00010254                mbed::Stream::Stream(char const*)
 .text._ZN4mbed6StreamD2Ev
                0x000102c0       0x44 /usr/lib/openmono/mono/mbedlib.a(Stream.o)
                0x000102c0                mbed::Stream::~Stream()
                0x000102c0                mbed::Stream::~Stream()
 .text._ZN4mbed6Stream5closeEv
                0x00010304       0x14 /usr/lib/openmono/mono/mbedlib.a(Stream.o)
                0x00010304                mbed::Stream::close()
 .text._ZN4mbed6Stream5writeEPKvj
                0x00010318       0x5c /usr/lib/openmono/mono/mbedlib.a(Stream.o)
                0x00010318                mbed::Stream::write(void const*, unsigned int)
 .text._ZN4mbed6Stream4readEPvj
                0x00010374       0x54 /usr/lib/openmono/mono/mbedlib.a(Stream.o)
                0x00010374                mbed::Stream::read(void*, unsigned int)
 .text._ZN4mbed6Stream5lseekEli
                0x000103c8       0x18 /usr/lib/openmono/mono/mbedlib.a(Stream.o)
                0x000103c8                mbed::Stream::lseek(long, int)
 .text._ZN4mbed6Stream6isattyEv
                0x000103e0       0x14 /usr/lib/openmono/mono/mbedlib.a(Stream.o)
                0x000103e0                mbed::Stream::isatty()
 .text._ZN4mbed6Stream5fsyncEv
                0x000103f4       0x14 /usr/lib/openmono/mono/mbedlib.a(Stream.o)
                0x000103f4                mbed::Stream::fsync()
 .text._ZN4mbed6Stream4flenEv
                0x00010408       0x14 /usr/lib/openmono/mono/mbedlib.a(Stream.o)
                0x00010408                mbed::Stream::flen()
 .text._ZN4mbed6Stream6printfEPKcz
                0x0001041c       0x3c /usr/lib/openmono/mono/mbedlib.a(Stream.o)
                0x0001041c                mbed::Stream::printf(char const*, ...)
 .text._ZN4mbed10SerialBaseC2E7PinNameS1_
                0x00010458       0x70 /usr/lib/openmono/mono/mbedlib.a(SerialBase.o)
                0x00010458                mbed::SerialBase::SerialBase(PinName, PinName)
                0x00010458                mbed::SerialBase::SerialBase(PinName, PinName)
 .text._ZN4mbed10SerialBase9writeableEv
                0x000104c8       0x1c /usr/lib/openmono/mono/mbedlib.a(SerialBase.o)
                0x000104c8                mbed::SerialBase::writeable()
 .text._ZN4mbed10SerialBase12_irq_handlerEm9SerialIrq
                0x000104e4       0x30 /usr/lib/openmono/mono/mbedlib.a(SerialBase.o)
                0x000104e4                mbed::SerialBase::_irq_handler(unsigned long, SerialIrq)
 .text._ZN4mbed10SerialBase10_base_getcEv
                0x00010514       0x1c /usr/lib/openmono/mono/mbedlib.a(SerialBase.o)
                0x00010514                mbed::SerialBase::_base_getc()
 .text._ZN4mbed10SerialBase10_base_putcEi
                0x00010530       0x20 /usr/lib/openmono/mono/mbedlib.a(SerialBase.o)
                0x00010530                mbed::SerialBase::_base_putc(int)
 .text._ZN4mbed19FunctionPointerArg1IvvEC2EPFvvE
                0x00010550       0x1c /usr/lib/openmono/mono/mbedlib.a(SerialBase.o)
                0x00010550                mbed::FunctionPointerArg1<void, void>::FunctionPointerArg1(void (*)())
                0x00010550                mbed::FunctionPointerArg1<void, void>::FunctionPointerArg1(void (*)())
 .text._ZN4mbed19FunctionPointerArg1IvvE6attachEPFvvE
                0x0001056c       0x20 /usr/lib/openmono/mono/mbedlib.a(SerialBase.o)
                0x0001056c                mbed::FunctionPointerArg1<void, void>::attach(void (*)())
 .text._ZN4mbed19FunctionPointerArg1IvvE4callEv
                0x0001058c       0x4c /usr/lib/openmono/mono/mbedlib.a(SerialBase.o)
                0x0001058c                mbed::FunctionPointerArg1<void, void>::call()
 .text._ZN4mbed10FileHandleC2Ev
                0x000105d8       0x20 /usr/lib/openmono/mono/mbedlib.a(FileLike.o)
                0x000105d8                mbed::FileHandle::FileHandle()
                0x000105d8                mbed::FileHandle::FileHandle()
 .text._ZN4mbed8FileLikeC2EPKc
                0x000105f8       0x40 /usr/lib/openmono/mono/mbedlib.a(FileLike.o)
                0x000105f8                mbed::FileLike::FileLike(char const*)
                0x000105f8                mbed::FileLike::FileLike(char const*)
 .text._ZN4mbed8FileLikeD2Ev
                0x00010638       0x44 /usr/lib/openmono/mono/mbedlib.a(FileLike.o)
                0x00010638                mbed::FileLike::~FileLike()
                0x00010638                mbed::FileLike::~FileLike()
 .text.wait_ms  0x0001067c       0x20 /usr/lib/openmono/mono/mbedlib.a(wait_api.o)
                0x0001067c                wait_ms
 .text.wait_us  0x0001069c       0x28 /usr/lib/openmono/mono/mbedlib.a(wait_api.o)
                0x0001069c                wait_us
 .text._ZN4mbed19FunctionPointerArg1IvvE12membercallerIN4mono18ApplicationContextEEEvPvPj
                0x000106c4       0x18 /usr/lib/openmono/mono/mono_framework.a(application_context.o)
                0x000106c4                void mbed::FunctionPointerArg1<void, void>::membercaller<mono::ApplicationContext>(void*, unsigned int*)
 .text._ZN4mbed19FunctionPointerArg1IvvE12membercallerIN4mono14QueueInterruptEEEvPvPj
                0x000106dc       0x18 /usr/lib/openmono/mono/mono_framework.a(application_context.o)
                0x000106dc                void mbed::FunctionPointerArg1<void, void>::membercaller<mono::QueueInterrupt>(void*, unsigned int*)
 .text._ZN4mono18ApplicationContext4execEv
                0x000106f4        0xc /usr/lib/openmono/mono/mono_framework.a(application_context.o)
                0x000106f4                mono::ApplicationContext::exec()
 .text._ZN4mono18ApplicationContext10sleepForMsEm
                0x00010700       0x58 /usr/lib/openmono/mono/mono_framework.a(application_context.o)
                0x00010700                mono::ApplicationContext::sleepForMs(unsigned long)
 .text._ZN4mono18ApplicationContext14_softwareResetEv
                0x00010758       0x14 /usr/lib/openmono/mono/mono_framework.a(application_context.o)
                0x00010758                mono::ApplicationContext::_softwareReset()
 .text._ZN4mono18ApplicationContext26_softwareResetToBootloaderEv
                0x0001076c       0x14 /usr/lib/openmono/mono/mono_framework.a(application_context.o)
                0x0001076c                mono::ApplicationContext::_softwareResetToBootloader()
 .text._ZN4mono18ApplicationContext27_softwareResetToApplicationEv
                0x00010780       0x14 /usr/lib/openmono/mono/mono_framework.a(application_context.o)
                0x00010780                mono::ApplicationContext::_softwareResetToApplication()
 .text._ZN4mono18ApplicationContext12buttonWakeupEv
                0x00010794       0x54 /usr/lib/openmono/mono/mono_framework.a(application_context.o)
                0x00010794                mono::ApplicationContext::buttonWakeup()
 .text._ZN4mono18ApplicationContext14enterSleepModeEv
                0x000107e8       0x70 /usr/lib/openmono/mono/mono_framework.a(application_context.o)
                0x000107e8                mono::ApplicationContext::enterSleepMode()
 .text.debug.constprop.1
                0x00010858       0x28 /usr/lib/openmono/mono/mono_framework.a(application_context.o)
 .text._ZN4mono18ApplicationContext17resetOnUserButtonEv
                0x00010880       0x1c /usr/lib/openmono/mono/mono_framework.a(application_context.o)
                0x00010880                mono::ApplicationContext::resetOnUserButton()
 .text._ZN4mono18ApplicationContextC2Ev
                0x0001089c      0x100 /usr/lib/openmono/mono/mono_framework.a(application_context.o)
                0x0001089c                mono::ApplicationContext::ApplicationContext()
                0x0001089c                mono::ApplicationContext::ApplicationContext()
 .text.startup._GLOBAL__sub_I__ZN4mono18ApplicationContext9singletonE
                0x0001099c      0x164 /usr/lib/openmono/mono/mono_framework.a(application_context.o)
 .text._ZN4mono18ApplicationContext18setMonoApplicationEPNS_12IApplicationE
                0x00010b00       0x74 /usr/lib/openmono/mono/mono_framework.a(application_context.o)
                0x00010b00                mono::ApplicationContext::setMonoApplication(mono::IApplication*)
 .text._ZN4mono18ApplicationContextD2Ev
                0x00010b74       0x70 /usr/lib/openmono/mono/mono_framework.a(application_context.o)
                0x00010b74                mono::ApplicationContext::~ApplicationContext()
                0x00010b74                mono::ApplicationContext::~ApplicationContext()
 .text._ZN4mono2io6SerialC2Ev
                0x00010be4       0x2c /usr/lib/openmono/mono/mono_framework.a(mn_serial.o)
                0x00010be4                mono::io::Serial::Serial()
                0x00010be4                mono::io::Serial::Serial()
 .text._ZN4mono2io6Serial3DTREv
                0x00010c10       0x1e /usr/lib/openmono/mono/mono_framework.a(mn_serial.o)
                0x00010c10                mono::io::Serial::DTR()
 *fill*         0x00010c2e        0x2 
 .text.startup._GLOBAL__sub_I__ZN4mono2io6SerialC2E7PinNameS2_
                0x00010c30      0x148 /usr/lib/openmono/mono/mono_framework.a(mn_serial.o)
 .text._ZN4mono7MonoRTC8startRtcEv
                0x00010d78       0x10 /usr/lib/openmono/mono/mono_framework.a(mono_rtc.o)
                0x00010d78                mono::MonoRTC::startRtc()
 .text._ZN4mono7MonoRTC7stopRtcEv
                0x00010d88       0x10 /usr/lib/openmono/mono/mono_framework.a(mono_rtc.o)
                0x00010d88                mono::MonoRTC::stopRtc()
 .text.rtc_interrupt
                0x00010d98       0x18 /usr/lib/openmono/mono/mono_framework.a(mono_rtc.o)
                0x00010d98                rtc_interrupt
 .text._ZN4mono7MonoRTC14setupRtcSystemEv
                0x00010db0       0x3c /usr/lib/openmono/mono/mono_framework.a(mono_rtc.o)
                0x00010db0                mono::MonoRTC::setupRtcSystem()
 .text._ZN4mono14QueueInterrupt17_irq_fall_handlerEv
                0x00010dec       0x80 /usr/lib/openmono/mono/mono_framework.a(queue_interrupt.o)
                0x00010dec                mono::QueueInterrupt::_irq_fall_handler()
 .text._ZN4mono14QueueInterrupt19debounceFallHandlerEv
                0x00010e6c       0x38 /usr/lib/openmono/mono/mono_framework.a(queue_interrupt.o)
                0x00010e6c                mono::QueueInterrupt::debounceFallHandler()
 .text._ZN4mbed6TickerD2Ev
                0x00010ea4       0x1c /usr/lib/openmono/mono/mono_framework.a(queue_interrupt.o)
                0x00010ea4                mbed::Ticker::~Ticker()
                0x00010ea4                mbed::Ticker::~Ticker()
 .text._ZN4mbed6TickerD0Ev
                0x00010ec0       0x12 /usr/lib/openmono/mono/mono_framework.a(queue_interrupt.o)
                0x00010ec0                mbed::Ticker::~Ticker()
 *fill*         0x00010ed2        0x2 
 .text._ZN4mono14QueueInterruptC2E7PinName7PinMode
                0x00010ed4       0x8c /usr/lib/openmono/mono/mono_framework.a(queue_interrupt.o)
                0x00010ed4                mono::QueueInterrupt::QueueInterrupt(PinName, PinMode)
                0x00010ed4                mono::QueueInterrupt::QueueInterrupt(PinName, PinMode)
 .text._ZN4mono14QueueInterrupt13setDebouncingEb
                0x00010f60        0x6 /usr/lib/openmono/mono/mono_framework.a(queue_interrupt.o)
                0x00010f60                mono::QueueInterrupt::setDebouncing(bool)
 .text._ZN4mono14QueueInterrupt13FallTimeStampEv
                0x00010f66        0x6 /usr/lib/openmono/mono/mono_framework.a(queue_interrupt.o)
                0x00010f66                mono::QueueInterrupt::FallTimeStamp()
 .text._ZN4mono14QueueInterrupt24activateQueueTaskHandlerEv
                0x00010f6c       0x24 /usr/lib/openmono/mono/mono_framework.a(queue_interrupt.o)
                0x00010f6c                mono::QueueInterrupt::activateQueueTaskHandler()
 .text._ZN4mono14QueueInterrupt26deactivateQueueTaskHandlerEv
                0x00010f90       0x24 /usr/lib/openmono/mono/mono_framework.a(queue_interrupt.o)
                0x00010f90                mono::QueueInterrupt::deactivateQueueTaskHandler()
 .text._ZN4mono14QueueInterruptD2Ev
                0x00010fb4       0x3c /usr/lib/openmono/mono/mono_framework.a(queue_interrupt.o)
                0x00010fb4                mono::QueueInterrupt::~QueueInterrupt()
                0x00010fb4                mono::QueueInterrupt::~QueueInterrupt()
 .text._ZN4mono14QueueInterruptD0Ev
                0x00010ff0       0x12 /usr/lib/openmono/mono/mono_framework.a(queue_interrupt.o)
                0x00010ff0                mono::QueueInterrupt::~QueueInterrupt()
 .text._ZN4mono14QueueInterrupt18setInterruptsSleepEb
                0x00011002        0x6 /usr/lib/openmono/mono/mono_framework.a(queue_interrupt.o)
                0x00011002                mono::QueueInterrupt::setInterruptsSleep(bool)
 .text._ZN4mono14QueueInterrupt11taskHandlerEv
                0x00011008       0x38 /usr/lib/openmono/mono/mono_framework.a(queue_interrupt.o)
                0x00011008                mono::QueueInterrupt::taskHandler()
 .text._ZThn88_N4mono14QueueInterrupt11taskHandlerEv
                0x00011040        0x8 /usr/lib/openmono/mono/mono_framework.a(queue_interrupt.o)
                0x00011040                non-virtual thunk to mono::QueueInterrupt::taskHandler()
 .text.startup._GLOBAL__sub_I__ZN4mono14QueueInterruptC2E7PinName7PinMode
                0x00011048      0x148 /usr/lib/openmono/mono/mono_framework.a(queue_interrupt.o)
 .text.debug    0x00011190       0x24 /usr/lib/openmono/mono/mono_framework.a(application_run_loop.o)
 .text._ZN4mono19IApplicationContext13SoftwareResetEv
                0x000111b4       0x10 /usr/lib/openmono/mono/mono_framework.a(application_run_loop.o)
                0x000111b4                mono::IApplicationContext::SoftwareReset()
 .text._ZN4mono10AppRunLoopC2Ev
                0x000111c4       0x28 /usr/lib/openmono/mono/mono_framework.a(application_run_loop.o)
                0x000111c4                mono::AppRunLoop::AppRunLoop()
                0x000111c4                mono::AppRunLoop::AppRunLoop()
 .text._ZN4mono10AppRunLoop14addDynamicTaskEPNS_12IRunLoopTaskE
                0x000111ec       0x1e /usr/lib/openmono/mono/mono_framework.a(application_run_loop.o)
                0x000111ec                mono::AppRunLoop::addDynamicTask(mono::IRunLoopTask*)
 .text._ZN4mono10AppRunLoop17removeTaskInQueueEPNS_12IRunLoopTaskE
                0x0001120a       0x18 /usr/lib/openmono/mono/mono_framework.a(application_run_loop.o)
                0x0001120a                mono::AppRunLoop::removeTaskInQueue(mono::IRunLoopTask*)
 .text._ZN4mono10AppRunLoop23processDynamicTaskQueueEv
                0x00011222       0x22 /usr/lib/openmono/mono/mono_framework.a(application_run_loop.o)
                0x00011222                mono::AppRunLoop::processDynamicTaskQueue()
 .text._ZN4mono10AppRunLoop17removeDynamicTaskEPNS_12IRunLoopTaskE
                0x00011244       0x1a /usr/lib/openmono/mono/mono_framework.a(application_run_loop.o)
                0x00011244                mono::AppRunLoop::removeDynamicTask(mono::IRunLoopTask*)
 *fill*         0x0001125e        0x2 
 .text._ZN4mono10AppRunLoop17checkUsbUartStateEv
                0x00011260       0x78 /usr/lib/openmono/mono/mono_framework.a(application_run_loop.o)
                0x00011260                mono::AppRunLoop::checkUsbUartState()
 .text._ZN4mono10AppRunLoop7processEv
                0x000112d8       0x7c /usr/lib/openmono/mono/mono_framework.a(application_run_loop.o)
                0x000112d8                mono::AppRunLoop::process()
 .text._ZN4mono10AppRunLoop4execEv
                0x00011354       0x16 /usr/lib/openmono/mono/mono_framework.a(application_run_loop.o)
                0x00011354                mono::AppRunLoop::exec()
 *fill*         0x0001136a        0x2 
 .text._ZN4mono10AppRunLoop20setResetOnUserButtonEb
                0x0001136c       0x44 /usr/lib/openmono/mono/mono_framework.a(application_run_loop.o)
                0x0001136c                mono::AppRunLoop::setResetOnUserButton(bool)
 .text.startup._GLOBAL__sub_I__ZN4mono10AppRunLoopC2Ev
                0x000113b0      0x148 /usr/lib/openmono/mono/mono_framework.a(application_run_loop.o)
 .text._ZN4mono13ScheduledTask7runTaskEb
                0x000114f8       0x38 /usr/lib/openmono/mono/mono_framework.a(scheduled_task.o)
                0x000114f8                mono::ScheduledTask::runTask(bool)
 .text._ZNK4mono13ScheduledTask5isDueEv
                0x00011530       0x1e /usr/lib/openmono/mono/mono_framework.a(scheduled_task.o)
                0x00011530                mono::ScheduledTask::isDue() const
 *fill*         0x0001154e        0x2 
 .text._ZN4mono13ScheduledTask21processScheduledTasksEb
                0x00011550       0x44 /usr/lib/openmono/mono/mono_framework.a(scheduled_task.o)
                0x00011550                mono::ScheduledTask::processScheduledTasks(bool)
 .text.startup._GLOBAL__sub_I__ZN4mono13ScheduledTask5queueE
                0x00011594        0xc /usr/lib/openmono/mono/mono_framework.a(scheduled_task.o)
 .text._ZN4mono7ConsoleC2EPN4mbed6SerialE
                0x000115a0        0x4 /usr/lib/openmono/mono/mono_framework.a(consoles.o)
                0x000115a0                mono::Console::Console(mbed::Serial*)
                0x000115a0                mono::Console::Console(mbed::Serial*)
 .text.startup._GLOBAL__sub_I__ZN4mono7memdumpEPvm
                0x000115a4       0x24 /usr/lib/openmono/mono/mono_framework.a(consoles.o)
 .text._ZN4mono5QueueC2Ev
                0x000115c8        0x8 /usr/lib/openmono/mono/mono_framework.a(queue.o)
                0x000115c8                mono::Queue::Queue()
                0x000115c8                mono::Queue::Queue()
 .text._ZN4mono5Queue7DequeueEv
                0x000115d0       0x10 /usr/lib/openmono/mono/mono_framework.a(queue.o)
                0x000115d0                mono::Queue::Dequeue()
 .text._ZN4mono5Queue4PeekEv
                0x000115e0        0x4 /usr/lib/openmono/mono/mono_framework.a(queue.o)
                0x000115e0                mono::Queue::Peek()
 .text._ZN4mono5Queue4NextEPNS_10IQueueItemE
                0x000115e4        0xa /usr/lib/openmono/mono/mono_framework.a(queue.o)
                0x000115e4                mono::Queue::Next(mono::IQueueItem*)
 .text._ZN4mono5Queue6ExistsEPNS_10IQueueItemE
                0x000115ee        0xc /usr/lib/openmono/mono/mono_framework.a(queue.o)
                0x000115ee                mono::Queue::Exists(mono::IQueueItem*)
 .text._ZN4mono5Queue7EnqueueEPNS_10IQueueItemE
                0x000115fa       0x20 /usr/lib/openmono/mono/mono_framework.a(queue.o)
                0x000115fa                mono::Queue::Enqueue(mono::IQueueItem*)
 .text._ZN4mono5Queue18sanitizeEndOfQueueEv
                0x0001161a       0x10 /usr/lib/openmono/mono/mono_framework.a(queue.o)
                0x0001161a                mono::Queue::sanitizeEndOfQueue()
 .text._ZN4mono5Queue6RemoveEPNS_10IQueueItemE
                0x0001162a       0x30 /usr/lib/openmono/mono/mono_framework.a(queue.o)
                0x0001162a                mono::Queue::Remove(mono::IQueueItem*)
 .text._ZN4mono6StringC2Ev
                0x0001165a        0xa /usr/lib/openmono/mono/mono_framework.a(mn_string.o)
                0x0001165a                mono::String::String()
                0x0001165a                mono::String::String()
 .text._ZN4mono6StringC2ERKS0_
                0x00011664       0x1c /usr/lib/openmono/mono/mono_framework.a(mn_string.o)
                0x00011664                mono::String::String(mono::String const&)
                0x00011664                mono::String::String(mono::String const&)
 .text._ZNK4mono6String6LengthEv
                0x00011680        0xa /usr/lib/openmono/mono/mono_framework.a(mn_string.o)
                0x00011680                mono::String::Length() const
 .text._ZNK4mono6StringneERKS0_
                0x0001168a       0x1a /usr/lib/openmono/mono/mono_framework.a(mn_string.o)
                0x0001168a                mono::String::operator!=(mono::String const&) const
 .text._ZNK4mono6StringixEm
                0x000116a4        0x6 /usr/lib/openmono/mono/mono_framework.a(mn_string.o)
                0x000116a4                mono::String::operator[](unsigned long) const
 .text._ZNK4mono6StringclEv
                0x000116aa        0x4 /usr/lib/openmono/mono/mono_framework.a(mn_string.o)
                0x000116aa                mono::String::operator()() const
 .text._ZN4mono6StringD2Ev
                0x000116ae       0x1c /usr/lib/openmono/mono/mono_framework.a(mn_string.o)
                0x000116ae                mono::String::~String()
                0x000116ae                mono::String::~String()
 .text._ZN4mono6StringaSEPKc
                0x000116ca       0x18 /usr/lib/openmono/mono/mono_framework.a(mn_string.o)
                0x000116ca                mono::String::operator=(char const*)
 .text._ZN4mono6StringaSERKS0_
                0x000116e2       0x28 /usr/lib/openmono/mono/mono_framework.a(mn_string.o)
                0x000116e2                mono::String::operator=(mono::String const&)
 .text._ZN4mono6String13preAllocbytesEm
                0x0001170a       0x2c /usr/lib/openmono/mono/mono_framework.a(mn_string.o)
                0x0001170a                mono::String::preAllocbytes(unsigned long)
 .text._ZN4mono6String15CopyFromCStringEPKc
                0x00011736       0x2c /usr/lib/openmono/mono/mono_framework.a(mn_string.o)
                0x00011736                mono::String::CopyFromCString(char const*)
 .text._ZN4mono6StringC2EPKc
                0x00011762        0xc /usr/lib/openmono/mono/mono_framework.a(mn_string.o)
                0x00011762                mono::String::String(char*)
                0x00011762                mono::String::String(char const*)
                0x00011762                mono::String::String(char const*)
                0x00011762                mono::String::String(char*)
 .text._ZN4mono2io10DigitalOutC2E7PinNamei
                0x0001176e       0x12 /usr/lib/openmono/mono/mono_framework.a(mn_digital_out.o)
                0x0001176e                mono::io::DigitalOut::DigitalOut(PinName, int)
                0x0001176e                mono::io::DigitalOut::DigitalOut(PinName, int)
 .text._ZN4mono2io10DigitalOutC2E7PinNamei7PinMode
                0x00011780       0x1c /usr/lib/openmono/mono/mono_framework.a(mn_digital_out.o)
                0x00011780                mono::io::DigitalOut::DigitalOut(PinName, int, PinMode)
                0x00011780                mono::io::DigitalOut::DigitalOut(PinName, int, PinMode)
 .text._ZN4mono2io10DigitalOut7setModeE7PinMode
                0x0001179c        0x4 /usr/lib/openmono/mono/mono_framework.a(mn_digital_out.o)
                0x0001179c                mono::io::DigitalOut::setMode(PinMode)
 .text._ZN4mono12ITouchSystem8activateEv
                0x000117a0        0x8 /usr/lib/openmono/mono/mono_framework.a(mono_touch_system.o)
                0x000117a0                mono::ITouchSystem::activate()
 .text._ZN4mono12ITouchSystem10deactivateEv
                0x000117a8        0x8 /usr/lib/openmono/mono/mono_framework.a(mono_touch_system.o)
                0x000117a8                mono::ITouchSystem::deactivate()
 .text._ZNK4mono12ITouchSystem8isActiveEv
                0x000117b0        0x6 /usr/lib/openmono/mono/mono_framework.a(mono_touch_system.o)
                0x000117b0                mono::ITouchSystem::isActive() const
 .text._ZN4mono15MonoTouchSystem15ToScreenCoordsXEit
                0x000117b6       0x18 /usr/lib/openmono/mono/mono_framework.a(mono_touch_system.o)
                0x000117b6                mono::MonoTouchSystem::ToScreenCoordsX(int, unsigned short)
 .text._ZN4mono15MonoTouchSystem15ToScreenCoordsYEit
                0x000117ce       0x18 /usr/lib/openmono/mono/mono_framework.a(mono_touch_system.o)
                0x000117ce                mono::MonoTouchSystem::ToScreenCoordsY(int, unsigned short)
 .text._ZN4mono15MonoTouchSystem18OnSystemBatteryLowEv
                0x000117e6        0x2 /usr/lib/openmono/mono/mono_framework.a(mono_touch_system.o)
                0x000117e6                mono::MonoTouchSystem::onSystemWakeFromSleep()
                0x000117e6                mono::MonoTouchSystem::onSystemEnterSleep()
                0x000117e6                mono::MonoTouchSystem::OnSystemBatteryLow()
                0x000117e6                mono::MonoTouchSystem::onSystemPowerOnReset()
 .text._ZThn44_N4mono15MonoTouchSystem20onSystemPowerOnResetEv
                0x000117e8        0x8 /usr/lib/openmono/mono/mono_framework.a(mono_touch_system.o)
                0x000117e8                non-virtual thunk to mono::MonoTouchSystem::onSystemPowerOnReset()
 .text._ZThn44_N4mono15MonoTouchSystem18onSystemEnterSleepEv
                0x000117f0        0x8 /usr/lib/openmono/mono/mono_framework.a(mono_touch_system.o)
                0x000117f0                non-virtual thunk to mono::MonoTouchSystem::onSystemEnterSleep()
 .text._ZThn44_N4mono15MonoTouchSystem21onSystemWakeFromSleepEv
                0x000117f8        0x8 /usr/lib/openmono/mono/mono_framework.a(mono_touch_system.o)
                0x000117f8                non-virtual thunk to mono::MonoTouchSystem::onSystemWakeFromSleep()
 .text._ZThn44_N4mono15MonoTouchSystem18OnSystemBatteryLowEv
                0x00011800        0x8 /usr/lib/openmono/mono/mono_framework.a(mono_touch_system.o)
                0x00011800                non-virtual thunk to mono::MonoTouchSystem::OnSystemBatteryLow()
 .text._ZN4mono15MonoTouchSystem4initEv
                0x00011808       0x1c /usr/lib/openmono/mono/mono_framework.a(mono_touch_system.o)
                0x00011808                mono::MonoTouchSystem::init()
 .text._ZN4mono15MonoTouchSystem18CurrentCalibrationEv
                0x00011824       0x22 /usr/lib/openmono/mono/mono_framework.a(mono_touch_system.o)
                0x00011824                mono::MonoTouchSystem::CurrentCalibration()
 .text._ZN4mono15MonoTouchSystem14setCalibrationERNS_3geo4RectE
                0x00011846       0x2c /usr/lib/openmono/mono/mono_framework.a(mono_touch_system.o)
                0x00011846                mono::MonoTouchSystem::setCalibration(mono::geo::Rect&)
 *fill*         0x00011872        0x2 
 .text._ZN4mono15MonoTouchSystemC2Ev
                0x00011874       0x58 /usr/lib/openmono/mono/mono_framework.a(mono_touch_system.o)
                0x00011874                mono::MonoTouchSystem::MonoTouchSystem()
                0x00011874                mono::MonoTouchSystem::MonoTouchSystem()
 .text._ZN4mono15MonoTouchSystem7sampleXEv
                0x000118cc       0x90 /usr/lib/openmono/mono/mono_framework.a(mono_touch_system.o)
                0x000118cc                mono::MonoTouchSystem::sampleX()
 .text._ZN4mono15MonoTouchSystem7sampleYEv
                0x0001195c       0x90 /usr/lib/openmono/mono/mono_framework.a(mono_touch_system.o)
                0x0001195c                mono::MonoTouchSystem::sampleY()
 .text._ZN4mono15MonoTouchSystem17processTouchInputEv
                0x000119ec      0x154 /usr/lib/openmono/mono/mono_framework.a(mono_touch_system.o)
                0x000119ec                mono::MonoTouchSystem::processTouchInput()
 .text.startup._GLOBAL__sub_I__ZN4mono15MonoTouchSystemC2Ev
                0x00011b40      0x148 /usr/lib/openmono/mono/mono_framework.a(mono_touch_system.o)
 .text.debug    0x00011c88       0x24 /usr/lib/openmono/mono/mono_framework.a(at30ts74_temperature.o)
 .text._ZN4mono6sensor19AT30TS74TemperatureC2Ev
                0x00011cac       0x10 /usr/lib/openmono/mono/mono_framework.a(at30ts74_temperature.o)
                0x00011cac                mono::sensor::AT30TS74Temperature::AT30TS74Temperature()
                0x00011cac                mono::sensor::AT30TS74Temperature::AT30TS74Temperature()
 .text._ZN4mono6sensor19AT30TS74Temperature12readRegisterEhPt
                0x00011cbc       0xa8 /usr/lib/openmono/mono/mono_framework.a(at30ts74_temperature.o)
                0x00011cbc                mono::sensor::AT30TS74Temperature::readRegister(unsigned char, unsigned short*)
 .text._ZN4mono6sensor19AT30TS74Temperature4ReadEv
                0x00011d64       0x2a /usr/lib/openmono/mono/mono_framework.a(at30ts74_temperature.o)
                0x00011d64                mono::sensor::AT30TS74Temperature::Read()
 .text._ZN4mono6sensor19AT30TS74Temperature16ReadMilliCelciusEv
                0x00011d8e       0x32 /usr/lib/openmono/mono/mono_framework.a(at30ts74_temperature.o)
                0x00011d8e                mono::sensor::AT30TS74Temperature::ReadMilliCelcius()
 .text.startup._GLOBAL__sub_I__ZN4mono6sensor19AT30TS74TemperatureC2Ev
                0x00011dc0       0x48 /usr/lib/openmono/mono/mono_framework.a(at30ts74_temperature.o)
 .text._ZN4mono5power16IPowerManagement26processResetAwarenessQueueEv
                0x00011e08       0x14 /usr/lib/openmono/mono/mono_framework.a(mono_power_management.o)
                0x00011e08                mono::power::IPowerManagement::processResetAwarenessQueue()
 .text._ZN4mono5power16IPowerManagement26processSleepAwarenessQueueEv
                0x00011e1c       0x14 /usr/lib/openmono/mono/mono_framework.a(mono_power_management.o)
                0x00011e1c                mono::power::IPowerManagement::processSleepAwarenessQueue()
 .text._ZN4mono5power16IPowerManagement25processWakeAwarenessQueueEv
                0x00011e30       0x14 /usr/lib/openmono/mono/mono_framework.a(mono_power_management.o)
                0x00011e30                mono::power::IPowerManagement::processWakeAwarenessQueue()
 .text._ZN4mono5power16IPowerManagement31processBatteryLowAwarenessQueueEv
                0x00011e44       0x14 /usr/lib/openmono/mono/mono_framework.a(mono_power_management.o)
                0x00011e44                mono::power::IPowerManagement::processBatteryLowAwarenessQueue()
 .text._ZN4mono5power16IPowerManagement29removeObjectInPowerAwareQueueEPNS0_11IPowerAwareE
                0x00011e58       0x10 /usr/lib/openmono/mono/mono_framework.a(mono_power_management.o)
                0x00011e58                mono::power::IPowerManagement::removeObjectInPowerAwareQueue(mono::power::IPowerAware*)
 .text._ZN4mono5power16IPowerManagement23AppendToPowerAwareQueueEPNS0_11IPowerAwareE
                0x00011e68       0x1c /usr/lib/openmono/mono/mono_framework.a(mono_power_management.o)
                0x00011e68                mono::power::IPowerManagement::AppendToPowerAwareQueue(mono::power::IPowerAware*)
 .text._ZN4mono5power16IPowerManagement25RemoveFromPowerAwareQueueEPNS0_11IPowerAwareE