Archive member included to satisfy reference by file (symbol)

/usr/lib/openmono/mono/monoCyLib.a(cybootloader.o)
                              (cy_meta_flashprotect)
/usr/lib/openmono/mono/monoCyLib.a(Cm3Start.o)
                              (Reset)
/usr/lib/openmono/mono/monoCyLib.a(CyLib.o)
                              /usr/lib/openmono/mono/monoCyLib.a(Cm3Start.o) (CyHalt)
/usr/lib/openmono/mono/monoCyLib.a(cyPm.o)
                              /usr/lib/openmono/mono/monoCyLib.a(CyLib.o) (CyPmReadStatus)
/usr/lib/openmono/mono/monoCyLib.a(cymetadata.o)
                              (cy_meta_loadable)
/usr/lib/openmono/mono/monoCyLib.a(CyFlash.o)
                              /usr/lib/openmono/mono/monoCyLib.a(cyPm.o) (CyFlash_SetWaitCycles)
/usr/lib/openmono/mono/monoCyLib.a(CyBootAsmGnu.o)
                              /usr/lib/openmono/mono/monoCyLib.a(CyLib.o) (CyDelayCycles)
/usr/lib/openmono/mono/monoCyLib.a(cyfitter_cfg.o)
                              /usr/lib/openmono/mono/monoCyLib.a(Cm3Start.o) (cyfitter_cfg)
/usr/lib/openmono/mono/monoCyLib.a(CySpc.o)
                              /usr/lib/openmono/mono/monoCyLib.a(CyFlash.o) (CySpcStart)
/usr/lib/openmono/mono/mbedlib.a(retarget.o)
                              /usr/lib/openmono/gcc-arm-none-eabi-5_2-2015q4/bin/../lib/gcc/arm-none-eabi/5.2.1/../../../../arm-none-eabi/lib/armv7-m/crt0.o (exit)
/usr/lib/openmono/mono/mbedlib.a(FilePath.o)
                              /usr/lib/openmono/mono/mbedlib.a(retarget.o) (mbed::FilePath::FilePath(char const*))
/usr/lib/openmono/mono/mbedlib.a(FileBase.o)
                              /usr/lib/openmono/mono/mbedlib.a(FilePath.o) (mbed::FileBase::lookup(char const*, unsigned int))
/usr/lib/openmono/mono/mbedlib.a(board.o)
                              /usr/lib/openmono/mono/mbedlib.a(retarget.o) (mbed_die)
/usr/lib/openmono/mono/mbedlib.a(FileSystemLike.o)
                              /usr/lib/openmono/mono/mbedlib.a(retarget.o) (mbed::FileSystemLike::opendir())
/usr/lib/openmono/mono/mbedlib.a(serial_api.o)
                              /usr/lib/openmono/mono/mbedlib.a(retarget.o) (stdio_uart_inited)
/usr/lib/openmono/mono/mbedlib.a(serial_usb_api.o)
                              /usr/lib/openmono/mono/mbedlib.a(serial_api.o) (serial_usbuart_init_cdc)
/usr/lib/openmono/mono/mbedlib.a(us_ticker.o)
                              /usr/lib/openmono/mono/mbedlib.a(serial_usb_api.o) (us_ticker_read)
/usr/lib/openmono/mono/mbedlib.a(us_ticker_api.o)
                              /usr/lib/openmono/mono/mbedlib.a(us_ticker.o) (us_ticker_irq_handler)
/usr/lib/openmono/mono/mbedlib.a(ticker_api.o)
                              /usr/lib/openmono/mono/mbedlib.a(us_ticker_api.o) (ticker_irq_handler)
/usr/lib/openmono/gcc-arm-none-eabi-5_2-2015q4/bin/../lib/gcc/arm-none-eabi/5.2.1/../../../../arm-none-eabi/lib/armv7-m/libstdc++_nano.a(atexit_arm.o)
                              build/app_controller.o (__aeabi_atexit)
/usr/lib/openmono/gcc-arm-none-eabi-5_2-2015q4/bin/../lib/gcc/arm-none-eabi/5.2.1/../../../../arm-none-eabi/lib/armv7-m/libstdc++_nano.a(del_op.o)
                              /usr/lib/openmono/mono/mbedlib.a(retarget.o) (operator delete(void*))
/usr/lib/openmono/gcc-arm-none-eabi-5_2-2015q4/bin/../lib/gcc/arm-none-eabi/5.2.1/../../../../arm-none-eabi/lib/armv7-m/libstdc++_nano.a(new_op.o)
                              /usr/lib/openmono/mono/mbedlib.a(FileSystemLike.o) (operator new(unsigned int))
/usr/lib/openmono/gcc-arm-none-eabi-5_2-2015q4/bin/../lib/gcc/arm-none-eabi/5.2.1/../../../../arm-none-eabi/lib/armv7-m/libstdc++_nano.a(pure.o)
                              /usr/lib/openmono/mono/mbedlib.a(retarget.o) (__cxa_pure_virtual)
/usr/lib/openmono/gcc-arm-none-eabi-5_2-2015q4/bin/../lib/gcc/arm-none-eabi/5.2.1/../../../../arm-none-eabi/lib/armv7-m/libstdc++_nano.a(new_handler.o)
                              /usr/lib/openmono/gcc-arm-none-eabi-5_2-2015q4/bin/../lib/gcc/arm-none-eabi/5.2.1/../../../../arm-none-eabi/lib/armv7-m/libstdc++_nano.a(new_op.o) (std::get_new_handler())
/usr/lib/openmono/gcc-arm-none-eabi-5_2-2015q4/bin/../lib/gcc/arm-none-eabi/5.2.1/../../../../arm-none-eabi/lib/armv7-m/libstdc++_nano.a(eh_terminate.o)
                              /usr/lib/openmono/gcc-arm-none-eabi-5_2-2015q4/bin/../lib/gcc/arm-none-eabi/5.2.1/../../../../arm-none-eabi/lib/armv7-m/libstdc++_nano.a(pure.o) (std::terminate())
/usr/lib/openmono/gcc-arm-none-eabi-5_2-2015q4/bin/../lib/gcc/arm-none-eabi/5.2.1/../../../../arm-none-eabi/lib/armv7-m/libstdc++_nano.a(eh_term_handler.o)
                              /usr/lib/openmono/gcc-arm-none-eabi-5_2-2015q4/bin/../lib/gcc/arm-none-eabi/5.2.1/../../../../arm-none-eabi/lib/armv7-m/libstdc++_nano.a(eh_terminate.o) (__cxxabiv1::__terminate_handler)
/usr/lib/openmono/gcc-arm-none-eabi-5_2-2015q4/bin/../lib/gcc/arm-none-eabi/5.2.1/../../../../arm-none-eabi/lib/armv7-m/libstdc++_nano.a(eh_unex_handler.o)
[...]
Memory Configuration

Name             Origin             Length             Attributes
rom              0x00000000         0x00040000         xr
ram              0x1fff8000         0x00010000         xrw
*default*        0x00000000         0xffffffff

Linker script and memory map

LOAD /usr/lib/openmono/gcc-arm-none-eabi-5_2-2015q4/bin/../lib/gcc/arm-none-eabi/5.2.1/armv7-m/crti.o
LOAD /usr/lib/openmono/gcc-arm-none-eabi-5_2-2015q4/bin/../lib/gcc/arm-none-eabi/5.2.1/armv7-m/crtbegin.o
LOAD /usr/lib/openmono/gcc-arm-none-eabi-5_2-2015q4/bin/../lib/gcc/arm-none-eabi/5.2.1/../../../../arm-none-eabi/lib/armv7-m/crt0.o
START GROUP
LOAD /usr/lib/openmono/mono/monoCyLib.a
LOAD /usr/lib/openmono/mono/CyComponentLibrary.a
LOAD /usr/lib/openmono/mono/mbedlib.a
LOAD /usr/lib/openmono/mono/mono_framework.a
LOAD build/app_controller.o
LOAD build/mono_default_main.o
LOAD /usr/lib/openmono/gcc-arm-none-eabi-5_2-2015q4/bin/../lib/gcc/arm-none-eabi/5.2.1/../../../../arm-none-eabi/lib/armv7-m/libstdc++_nano.a
LOAD /usr/lib/openmono/gcc-arm-none-eabi-5_2-2015q4/bin/../lib/gcc/arm-none-eabi/5.2.1/../../../../arm-none-eabi/lib/armv7-m/libsupc++_nano.a
LOAD /usr/lib/openmono/gcc-arm-none-eabi-5_2-2015q4/bin/../lib/gcc/arm-none-eabi/5.2.1/../../../../arm-none-eabi/lib/armv7-m/libm.a
LOAD /usr/lib/openmono/gcc-arm-none-eabi-5_2-2015q4/bin/../lib/gcc/arm-none-eabi/5.2.1/../../../../arm-none-eabi/lib/armv7-m/libc_nano.a
LOAD /usr/lib/openmono/gcc-arm-none-eabi-5_2-2015q4/bin/../lib/gcc/arm-none-eabi/5.2.1/armv7-m/libgcc.a
LOAD /usr/lib/openmono/gcc-arm-none-eabi-5_2-2015q4/bin/../lib/gcc/arm-none-eabi/5.2.1/../../../../arm-none-eabi/lib/armv7-m/libnosys.a
END GROUP
START GROUP
LOAD /usr/lib/openmono/gcc-arm-none-eabi-5_2-2015q4/bin/../lib/gcc/arm-none-eabi/5.2.1/armv7-m/libgcc.a
LOAD /usr/lib/openmono/gcc-arm-none-eabi-5_2-2015q4/bin/../lib/gcc/arm-none-eabi/5.2.1/../../../../arm-none-eabi/lib/armv7-m/libg_nano.a
LOAD /usr/lib/openmono/gcc-arm-none-eabi-5_2-2015q4/bin/../lib/gcc/arm-none-eabi/5.2.1/../../../../arm-none-eabi/lib/armv7-m/libc_nano.a
END GROUP
START GROUP
LOAD /usr/lib/openmono/gcc-arm-none-eabi-5_2-2015q4/bin/../lib/gcc/arm-none-eabi/5.2.1/armv7-m/libgcc.a
LOAD /usr/lib/openmono/gcc-arm-none-eabi-5_2-2015q4/bin/../lib/gcc/arm-none-eabi/5.2.1/../../../../arm-none-eabi/lib/armv7-m/libc_nano.a
END GROUP
LOAD /usr/lib/openmono/gcc-arm-none-eabi-5_2-2015q4/bin/../lib/gcc/arm-none-eabi/5.2.1/armv7-m/crtend.o
LOAD /usr/lib/openmono/gcc-arm-none-eabi-5_2-2015q4/bin/../lib/gcc/arm-none-eabi/5.2.1/armv7-m/crtn.o
START GROUP
LOAD /usr/lib/openmono/gcc-arm-none-eabi-5_2-2015q4/bin/../lib/gcc/arm-none-eabi/5.2.1/armv7-m/libgcc.a
LOAD /usr/lib/openmono/gcc-arm-none-eabi-5_2-2015q4/bin/../lib/gcc/arm-none-eabi/5.2.1/../../../../arm-none-eabi/lib/armv7-m/libc.a
LOAD /usr/lib/openmono/gcc-arm-none-eabi-5_2-2015q4/bin/../lib/gcc/arm-none-eabi/5.2.1/../../../../arm-none-eabi/lib/armv7-m/libnosys.a
END GROUP
                0x00000000                CY_APPL_ORIGIN = 0x0
                0x00000100                CY_FLASH_ROW_SIZE = 0x100
                0x00000020                CY_ECC_ROW_SIZE = 0x20
                0x00000000                CY_EE_IN_BTLDR = 0x0
                0x00000001                CY_APPL_LOADABLE = 0x1
                0x00000800                CY_EE_SIZE = 0x800
                0x00000001                CY_APPL_NUM = 0x1
                0x00000001                CY_APPL_MAX = 0x1
                0x00000040                CY_METADATA_SIZE = 0x40
                [!provide]                PROVIDE (__cy_heap_start, _end)
                0x00000001                PROVIDE (__cy_region_num, ((__cy_regions_end - __cy_regions) / 0x10))
                0x20008000                PROVIDE (__cy_stack, (ORIGIN (ram) + LENGTH (ram)))
                [!provide]                PROVIDE (__cy_heap_end, (__cy_stack - 0x4000))

.cybootloader   0x00000000     0x2200
 *(.cybootloader)
 .cybootloader  0x00000000     0x2200 /usr/lib/openmono/mono/monoCyLib.a(cybootloader.o)
                0x00000000                cy_bootloader
                0x00002200                appl1_start = CY_APPL_ORIGIN?CY_APPL_ORIGIN:ALIGN (CY_FLASH_ROW_SIZE)
                0x00021000                appl2_start = (appl1_start + ALIGN ((((LENGTH (rom) - appl1_start) - (0x2 * CY_FLASH_ROW_SIZE)) / 0x2), CY_FLASH_ROW_SIZE))
                0x00002200                appl_start = (CY_APPL_NUM == 0x1)?appl1_start:appl2_start
                0x00000440                ecc_offset = ((appl_start / CY_FLASH_ROW_SIZE) * CY_ECC_ROW_SIZE)
                0x00000000                ee_offset = (CY_APPL_LOADABLE && ! (CY_EE_IN_BTLDR))?((CY_EE_SIZE / CY_APPL_MAX) * (CY_APPL_NUM - 0x1)):0x0
                0x00000800                ee_size = (CY_APPL_LOADABLE && ! (CY_EE_IN_BTLDR))?(CY_EE_SIZE / CY_APPL_MAX):CY_EE_SIZE
                0x00000440                PROVIDE (CY_ECC_OFFSET, ecc_offset)

.text           0x00002200    0x16938
 CREATE_OBJECT_SYMBOLS
                0x00002200                PROVIDE (__cy_interrupt_vector, RomVectors)
 *(.romvectors)
 .romvectors    0x00002200       0x10 /usr/lib/openmono/mono/monoCyLib.a(Cm3Start.o)
                0x00002200                RomVectors
                0x00000001                ASSERT ((. != __cy_interrupt_vector), No interrupt vector)
                0x00000001                ASSERT (CY_APPL_ORIGIN?(SIZEOF (.cybootloader) <= CY_APPL_ORIGIN):0x1, Wrong image location)
                0x00002210                PROVIDE (__cy_reset, Reset)
 *(.text.Reset)
 .text.Reset    0x00002210        0x6 /usr/lib/openmono/mono/monoCyLib.a(Cm3Start.o)
                0x00002210                Reset
                0x00000001                ASSERT ((. != __cy_reset), No reset code)
 *(.dma_init)
                0x00000001                ASSERT ((((appl_start + .) <= 0x10000) || 0x1), DMA Init must be within the first 64k of flash)
 *(.text .text.* .gnu.linkonce.t.*)
 *fill*         0x00002216        0x2 
 .text          0x00002218       0xa4 /usr/lib/openmono/gcc-arm-none-eabi-5_2-2015q4/bin/../lib/gcc/arm-none-eabi/5.2.1/armv7-m/crtbegin.o
 .text.IntDefaultHandler
                0x000022bc        0x2 /usr/lib/openmono/mono/monoCyLib.a(Cm3Start.o)
                0x000022bc                IntDefaultHandler
 .text._exit    0x000022be        0xa /usr/lib/openmono/mono/monoCyLib.a(Cm3Start.o)
                0x000022be                _exit
 .text._sbrk    0x000022c8       0x30 /usr/lib/openmono/mono/monoCyLib.a(Cm3Start.o)
                0x000022c8                _sbrk
 .text.Start_c  0x000022f8       0x50 /usr/lib/openmono/mono/monoCyLib.a(Cm3Start.o)
                0x000022f8                Start_c
 .text.startup.initialize_psoc
                0x00002348       0x68 /usr/lib/openmono/mono/monoCyLib.a(Cm3Start.o)
                0x00002348                initialize_psoc
 .text.CyIMO_SetTrimValue
                0x000023b0       0xbc /usr/lib/openmono/mono/monoCyLib.a(CyLib.o)
 .text.CyBusClk_Internal_SetDivider
                0x0000246c       0x44 /usr/lib/openmono/mono/monoCyLib.a(CyLib.o)
 .text.CyPLL_OUT_Stop
                0x000024b0       0x10 /usr/lib/openmono/mono/monoCyLib.a(CyLib.o)
                0x000024b0                CyPLL_OUT_Stop
 .text.CyIMO_Stop
                0x000024c0       0x18 /usr/lib/openmono/mono/monoCyLib.a(CyLib.o)
                0x000024c0                CyIMO_Stop
 .text.CyIMO_SetSource
                0x000024d8       0x44 /usr/lib/openmono/mono/monoCyLib.a(CyLib.o)
                0x000024d8                CyIMO_SetSource
 .text.CyIMO_EnableDoubler
                0x0000251c       0x10 /usr/lib/openmono/mono/monoCyLib.a(CyLib.o)
                0x0000251c                CyIMO_EnableDoubler
 .text.CyIMO_DisableDoubler
                0x0000252c       0x10 /usr/lib/openmono/mono/monoCyLib.a(CyLib.o)
                0x0000252c                CyIMO_DisableDoubler
 .text.CyIMO_SetFreq
                0x0000253c       0xd4 /usr/lib/openmono/mono/monoCyLib.a(CyLib.o)
                0x0000253c                CyIMO_SetFreq
 .text.CyMasterClk_SetSource
                0x00002610       0x18 /usr/lib/openmono/mono/monoCyLib.a(CyLib.o)
                0x00002610                CyMasterClk_SetSource
 .text.CyMasterClk_SetDivider
                0x00002628        0xc /usr/lib/openmono/mono/monoCyLib.a(CyLib.o)
                0x00002628                CyMasterClk_SetDivider
 .text.CyBusClk_SetDivider
                0x00002634       0x70 /usr/lib/openmono/mono/monoCyLib.a(CyLib.o)
                0x00002634                CyBusClk_SetDivider
 .text.CyILO_Start100K
                0x000026a4       0x10 /usr/lib/openmono/mono/monoCyLib.a(CyLib.o)
                0x000026a4                CyILO_Start100K
 .text.CyILO_Stop100K
                0x000026b4       0x10 /usr/lib/openmono/mono/monoCyLib.a(CyLib.o)
                0x000026b4                CyILO_Stop100K
 .text.CyPLL_OUT_Start
                0x000026c4       0x74 /usr/lib/openmono/mono/monoCyLib.a(CyLib.o)
                0x000026c4                CyPLL_OUT_Start
 .text.CyIMO_Start
                0x00002738       0x5c /usr/lib/openmono/mono/monoCyLib.a(CyLib.o)
                0x00002738                CyIMO_Start
 .text.CyXTAL_Start
                0x00002794       0xa0 /usr/lib/openmono/mono/monoCyLib.a(CyLib.o)
                0x00002794                CyXTAL_Start
 .text.CyXTAL_Stop
                0x00002834       0x10 /usr/lib/openmono/mono/monoCyLib.a(CyLib.o)
                0x00002834                CyXTAL_Stop
 .text.CyHalt   0x00002844        0x4 /usr/lib/openmono/mono/monoCyLib.a(CyLib.o)
                0x00002844                CyHalt
 .text.CySoftwareReset
                0x00002848       0x10 /usr/lib/openmono/mono/monoCyLib.a(CyLib.o)
                0x00002848                CySoftwareReset
 .text.CyDelay  0x00002858       0x30 /usr/lib/openmono/mono/monoCyLib.a(CyLib.o)
                0x00002858                CyDelay
 .text.CyDelayUs
                0x00002888       0x10 /usr/lib/openmono/mono/monoCyLib.a(CyLib.o)
                0x00002888                CyDelayUs
 .text.CyIntSetSysVector
                0x00002898       0x1c /usr/lib/openmono/mono/monoCyLib.a(CyLib.o)
                0x00002898                CyIntSetSysVector
 .text.CyIntSetVector
                0x000028b4       0x20 /usr/lib/openmono/mono/monoCyLib.a(CyLib.o)
                0x000028b4                CyIntSetVector
 .text.CyIntSetPriority
                0x000028d4       0x20 /usr/lib/openmono/mono/monoCyLib.a(CyLib.o)
                0x000028d4                CyIntSetPriority
 .text.CySysTickInit
                0x000028f4       0x58 /usr/lib/openmono/mono/monoCyLib.a(CyLib.o)
                0x000028f4                CySysTickInit
 .text.CySysTickEnableInterrupt
                0x0000294c       0x10 /usr/lib/openmono/mono/monoCyLib.a(CyLib.o)
                0x0000294c                CySysTickEnableInterrupt
 .text.CySysTickEnable
                0x0000295c       0x18 /usr/lib/openmono/mono/monoCyLib.a(CyLib.o)
                0x0000295c                CySysTickEnable
 .text.CySysTickStart
                0x00002974       0x1c /usr/lib/openmono/mono/monoCyLib.a(CyLib.o)
                0x00002974                CySysTickStart
 .text.CySysTickDisableInterrupt
                0x00002990       0x10 /usr/lib/openmono/mono/monoCyLib.a(CyLib.o)
                0x00002990                CySysTickDisableInterrupt
 .text.CySysTickSetReload
                0x000029a0       0x10 /usr/lib/openmono/mono/monoCyLib.a(CyLib.o)
                0x000029a0                CySysTickSetReload
 .text.CySysTickGetReload
                0x000029b0       0x10 /usr/lib/openmono/mono/monoCyLib.a(CyLib.o)
                0x000029b0                CySysTickGetReload
 .text.CySysTickGetValue
                0x000029c0       0x10 /usr/lib/openmono/mono/monoCyLib.a(CyLib.o)
                0x000029c0                CySysTickGetValue
 .text.CySysTickSetClockSource
                0x000029d0       0x18 /usr/lib/openmono/mono/monoCyLib.a(CyLib.o)
                0x000029d0                CySysTickSetClockSource
 .text.CySysTickGetCountFlag
                0x000029e8       0x10 /usr/lib/openmono/mono/monoCyLib.a(CyLib.o)
                0x000029e8                CySysTickGetCountFlag
 .text.CySysTickServiceCallbacks
                0x000029f8       0x24 /usr/lib/openmono/mono/monoCyLib.a(CyLib.o)
 .text.CySysTickClear
                0x00002a1c        0xc /usr/lib/openmono/mono/monoCyLib.a(CyLib.o)
                0x00002a1c                CySysTickClear
 .text.CyGetUniqueId
                0x00002a28       0x70 /usr/lib/openmono/mono/monoCyLib.a(CyLib.o)
                0x00002a28                CyGetUniqueId
 .text.CyPmHibSlpSaveSet
                0x00002a98      0x1c0 /usr/lib/openmono/mono/monoCyLib.a(cyPm.o)
 .text.CyPmHibSlpRestore
                0x00002c58       0xc0 /usr/lib/openmono/mono/monoCyLib.a(cyPm.o)
 .text.CyPmSaveClocks
                0x00002d18      0x1c0 /usr/lib/openmono/mono/monoCyLib.a(cyPm.o)
                0x00002d18                CyPmSaveClocks
 .text.CyPmRestoreClocks
                0x00002ed8      0x1f0 /usr/lib/openmono/mono/monoCyLib.a(cyPm.o)
                0x00002ed8                CyPmRestoreClocks
 .text.CyPmSleep
                0x000030c8       0xf0 /usr/lib/openmono/mono/monoCyLib.a(cyPm.o)
                0x000030c8                CyPmSleep
 .text.CyPmReadStatus
                0x000031b8       0x2c /usr/lib/openmono/mono/monoCyLib.a(cyPm.o)
                0x000031b8                CyPmReadStatus
 .text.CyPmFtwSetInterval
                0x000031e4       0x50 /usr/lib/openmono/mono/monoCyLib.a(cyPm.o)
                0x000031e4                CyPmFtwSetInterval
 .text.CyFlash_SetWaitCycles
                0x00003234       0x78 /usr/lib/openmono/mono/monoCyLib.a(CyFlash.o)
                0x00003234                CyFlash_SetWaitCycles
 *fill*         0x000032ac        0x4 
 .text          0x000032b0       0x20 /usr/lib/openmono/mono/monoCyLib.a(CyBootAsmGnu.o)
                0x000032b0                CyDelayCycles
                0x000032c0                CyEnterCriticalSection
                0x000032c8                CyExitCriticalSection
 .text.cyfitter_cfg
                0x000032d0      0x2b8 /usr/lib/openmono/mono/monoCyLib.a(cyfitter_cfg.o)
                0x000032d0                cyfitter_cfg
 .text._ZN4mbed10FileHandle4flenEv
                0x00003588       0x54 /usr/lib/openmono/mono/mbedlib.a(retarget.o)
                0x00003588                mbed::FileHandle::flen()
 .text._ZN4mbed10FileHandleD2Ev
                0x000035dc       0x58 /usr/lib/openmono/mono/mbedlib.a(retarget.o)
                0x000035dc                mbed::FileHandle::~FileHandle()
                0x000035dc                mbed::FileHandle::~FileHandle()
 .text._ZL11init_serialv
                0x00003634       0x2c /usr/lib/openmono/mono/mbedlib.a(retarget.o)
 .text._ZL17openmode_to_posixi
                0x00003660       0x18 /usr/lib/openmono/mono/mbedlib.a(retarget.o)
 .text._open    0x00003678      0x154 /usr/lib/openmono/mono/mbedlib.a(retarget.o)
                0x00003678                _open
 .text._close   0x000037cc       0x50 /usr/lib/openmono/mono/mbedlib.a(retarget.o)
                0x000037cc                _close
 .text._write   0x0000381c       0x88 /usr/lib/openmono/mono/mbedlib.a(retarget.o)
                0x0000381c                _write
 .text._read    0x000038a4       0x74 /usr/lib/openmono/mono/mbedlib.a(retarget.o)
                0x000038a4                _read
 .text._isatty  0x00003918       0x44 /usr/lib/openmono/mono/mbedlib.a(retarget.o)
                0x00003918                _isatty
 .text._lseek   0x0000395c       0x4c /usr/lib/openmono/mono/mbedlib.a(retarget.o)
                0x0000395c                _lseek
 .text._fstat   0x000039a8       0x40 /usr/lib/openmono/mono/mbedlib.a(retarget.o)
                0x000039a8                _fstat
 .text.exit     0x000039e8       0x30 /usr/lib/openmono/mono/mbedlib.a(retarget.o)
                0x000039e8                exit
 .text._ZN4mbed26mbed_set_unbuffered_streamEP7__sFILE
                0x00003a18       0x18 /usr/lib/openmono/mono/mbedlib.a(retarget.o)
                0x00003a18                mbed::mbed_set_unbuffered_stream(__sFILE*)
 .text._ZN4mbed8FilePathC2EPKc
                0x00003a30       0x88 /usr/lib/openmono/mono/mbedlib.a(FilePath.o)
                0x00003a30                mbed::FilePath::FilePath(char const*)
                0x00003a30                mbed::FilePath::FilePath(char const*)
 .text._ZN4mbed8FilePath8fileNameEv
                0x00003ab8       0x18 /usr/lib/openmono/mono/mbedlib.a(FilePath.o)
                0x00003ab8                mbed::FilePath::fileName()
 .text._ZN4mbed8FilePath12isFileSystemEv
                0x00003ad0       0x34 /usr/lib/openmono/mono/mbedlib.a(FilePath.o)
                0x00003ad0                mbed::FilePath::isFileSystem()
 .text._ZN4mbed8FilePath10fileSystemEv
                0x00003b04       0x24 /usr/lib/openmono/mono/mbedlib.a(FilePath.o)
                0x00003b04                mbed::FilePath::fileSystem()
 .text._ZN4mbed8FilePath6isFileEv
                0x00003b28       0x34 /usr/lib/openmono/mono/mbedlib.a(FilePath.o)
                0x00003b28                mbed::FilePath::isFile()
 .text._ZN4mbed8FilePath4fileEv
                0x00003b5c       0x34 /usr/lib/openmono/mono/mbedlib.a(FilePath.o)
                0x00003b5c                mbed::FilePath::file()
 .text._ZN4mbed8FilePath6existsEv
                0x00003b90       0x20 /usr/lib/openmono/mono/mbedlib.a(FilePath.o)
                0x00003b90                mbed::FilePath::exists()
 .text._ZN4mbed8FileBaseC2EPKcNS_8PathTypeE
                0x00003bb0       0x58 /usr/lib/openmono/mono/mbedlib.a(FileBase.o)
                0x00003bb0                mbed::FileBase::FileBase(char const*, mbed::PathType)
                0x00003bb0                mbed::FileBase::FileBase(char const*, mbed::PathType)
 .text._ZN4mbed8FileBaseD2Ev
                0x00003c08       0x68 /usr/lib/openmono/mono/mbedlib.a(FileBase.o)
                0x00003c08                mbed::FileBase::~FileBase()
                0x00003c08                mbed::FileBase::~FileBase()
 .text._ZN4mbed8FileBaseD0Ev
                0x00003c70       0x20 /usr/lib/openmono/mono/mbedlib.a(FileBase.o)
                0x00003c70                mbed::FileBase::~FileBase()
 .text._ZN4mbed8FileBase6lookupEPKcj
                0x00003c90       0x60 /usr/lib/openmono/mono/mbedlib.a(FileBase.o)
                0x00003c90                mbed::FileBase::lookup(char const*, unsigned int)
 .text._ZN4mbed8FileBase11getPathTypeEv
                0x00003cf0       0x18 /usr/lib/openmono/mono/mbedlib.a(FileBase.o)
                0x00003cf0                mbed::FileBase::getPathType()
 .text.mbed_die
                0x00003d08       0x9c /usr/lib/openmono/mono/mbedlib.a(board.o)
                0x00003d08                mbed_die
 .text.serial_init
                0x00003da4       0x5c /usr/lib/openmono/mono/mbedlib.a(serial_api.o)
                0x00003da4                serial_init
 .text.serial_irq_handler
                0x00003e00       0x18 /usr/lib/openmono/mono/mbedlib.a(serial_api.o)
                0x00003e00                serial_irq_handler
 .text.serial_getc
                0x00003e18       0x2c /usr/lib/openmono/mono/mbedlib.a(serial_api.o)
                0x00003e18                serial_getc
 .text.serial_putc
                0x00003e44       0x54 /usr/lib/openmono/mono/mbedlib.a(serial_api.o)
                0x00003e44                serial_putc
 .text.serial_writable
                0x00003e98       0x2c /usr/lib/openmono/mono/mbedlib.a(serial_api.o)
                0x00003e98                serial_writable
 .text.serial_usbuart_try_enumeration
                0x00003ec4       0x44 /usr/lib/openmono/mono/mbedlib.a(serial_usb_api.o)
                0x00003ec4                serial_usbuart_try_enumeration
 .text.serial_usbuart_init_cdc
                0x00003f08       0xd4 /usr/lib/openmono/mono/mbedlib.a(serial_usb_api.o)
                0x00003f08                serial_usbuart_init_cdc
 .text.serial_usbuart_is_started
                0x00003fdc       0x18 /usr/lib/openmono/mono/mbedlib.a(serial_usb_api.o)
                0x00003fdc                serial_usbuart_is_started
 .text.serial_usbuart_stopped
                0x00003ff4       0x20 /usr/lib/openmono/mono/mbedlib.a(serial_usb_api.o)
                0x00003ff4                serial_usbuart_stopped
 .text.serial_usbuart_dtr
                0x00004014       0x34 /usr/lib/openmono/mono/mbedlib.a(serial_usb_api.o)
                0x00004014                serial_usbuart_dtr
 .text.us_ticker_systick_irq_handler
                0x00004048       0x84 /usr/lib/openmono/mono/mbedlib.a(us_ticker.o)
                0x00004048                us_ticker_systick_irq_handler
 .text.us_ticker_init
                0x000040cc       0x40 /usr/lib/openmono/mono/mbedlib.a(us_ticker.o)
                0x000040cc                us_ticker_init
 .text.us_ticker_read
                0x0000410c       0x54 /usr/lib/openmono/mono/mbedlib.a(us_ticker.o)
                0x0000410c                us_ticker_read
 .text.us_ticker_set_interrupt
                0x00004160       0xc4 /usr/lib/openmono/mono/mbedlib.a(us_ticker.o)
                0x00004160                us_ticker_set_interrupt
 .text.us_ticker_disable_interrupt
                0x00004224       0x1c /usr/lib/openmono/mono/mbedlib.a(us_ticker.o)
                0x00004224                us_ticker_disable_interrupt
 .text.us_ticker_clear_interrupt
                0x00004240        0xc /usr/lib/openmono/mono/mbedlib.a(us_ticker.o)
                0x00004240                us_ticker_clear_interrupt
 .text.get_us_ticker_data
                0x0000424c       0x14 /usr/lib/openmono/mono/mbedlib.a(us_ticker_api.o)
                0x0000424c                get_us_ticker_data
 .text.us_ticker_irq_handler
                0x00004260       0x14 /usr/lib/openmono/mono/mbedlib.a(us_ticker_api.o)
                0x00004260                us_ticker_irq_handler
 .text.ticker_set_handler
                0x00004274       0x24 /usr/lib/openmono/mono/mbedlib.a(ticker_api.o)
                0x00004274                ticker_set_handler
 .text.ticker_irq_handler
                0x00004298       0x84 /usr/lib/openmono/mono/mbedlib.a(ticker_api.o)
                0x00004298                ticker_irq_handler
 .text.ticker_insert_event
                0x0000431c       0x7c /usr/lib/openmono/mono/mbedlib.a(ticker_api.o)
                0x0000431c                ticker_insert_event
 .text.ticker_remove_event
                0x00004398       0x80 /usr/lib/openmono/mono/mbedlib.a(ticker_api.o)
                0x00004398                ticker_remove_event
 .text.ticker_read
                0x00004418       0x1c /usr/lib/openmono/mono/mbedlib.a(ticker_api.o)
                0x00004418                ticker_read
 .text._ZN4mbed10SerialBaseD2Ev
                0x00004434       0x28 build/app_controller.o
                0x00004434                mbed::SerialBase::~SerialBase()
                0x00004434                mbed::SerialBase::~SerialBase()
 .text._ZN4mbed10SerialBaseD0Ev
                0x0000445c       0x20 build/app_controller.o
                0x0000445c                mbed::SerialBase::~SerialBase()
 .text._ZN4mono12IApplicationC2Ev
                0x0000447c       0x20 build/app_controller.o
                0x0000447c                mono::IApplication::IApplication()
                0x0000447c                mono::IApplication::IApplication()
 .text._ZN4mono2ui4ViewaSERKS1_
                0x0000449c       0x50 build/app_controller.o
                0x0000449c                mono::ui::View::operator=(mono::ui::View const&)
 .text._ZN4mono2ui13TextLabelViewaSERKS1_
                0x000044ec      0x114 build/app_controller.o
                0x000044ec                mono::ui::TextLabelView::operator=(mono::ui::TextLabelView const&)
 .text._ZN13AppControllerC2Ev
                0x00004600       0x88 build/app_controller.o
                0x00004600                AppController::AppController()
                0x00004600                AppController::AppController()
 .text._ZN13AppController17monoWakeFromResetEv
                0x00004688       0x1c build/app_controller.o
                0x00004688                AppController::monoWakeFromReset()
 .text._ZN13AppController17monoWillGotoSleepEv
                0x000046a4       0x1c build/app_controller.o
                0x000046a4                AppController::monoWillGotoSleep()
 .text._ZN13AppController17monoWakeFromSleepEv
                0x000046c0       0x1c build/app_controller.o
                0x000046c0                AppController::monoWakeFromSleep()
 .text._ZN4mbed6SerialD2Ev
                0x000046dc       0x60 build/app_controller.o
                0x000046dc                mbed::Serial::~Serial()
                0x000046dc                mbed::Serial::~Serial()
                0x0000472c                non-virtual thunk to mbed::Serial::~Serial()
                0x00004734                non-virtual thunk to mbed::Serial::~Serial()
 .text._ZN4mbed6SerialD0Ev
                0x0000473c       0x30 build/app_controller.o
                0x0000473c                mbed::Serial::~Serial()
                0x0000475c                non-virtual thunk to mbed::Serial::~Serial()
                0x00004764                non-virtual thunk to mbed::Serial::~Serial()
 .text._ZN4mono2io6SerialD2Ev
                0x0000476c       0x54 build/app_controller.o
                0x0000476c                mono::io::Serial::~Serial()
                0x0000476c                mono::io::Serial::~Serial()
                0x000047b0                non-virtual thunk to mono::io::Serial::~Serial()
                0x000047b8                non-virtual thunk to mono::io::Serial::~Serial()
 .text._ZN4mono2io6SerialD0Ev
                0x000047c0       0x30 build/app_controller.o
                0x000047c0                mono::io::Serial::~Serial()
                0x000047e0                non-virtual thunk to mono::io::Serial::~Serial()
                0x000047e8                non-virtual thunk to mono::io::Serial::~Serial()
 .text._Z41__static_initialization_and_destruction_0ii
                0x000047f0      0x164 build/app_controller.o
 .text._ZN4mono2ui13TextLabelViewD2Ev
                0x00004954       0x44 build/app_controller.o
                0x00004954                mono::ui::TextLabelView::~TextLabelView()
                0x00004954                mono::ui::TextLabelView::~TextLabelView()
 .text._ZN4mono2ui13TextLabelViewD0Ev
                0x00004998       0x20 build/app_controller.o
                0x00004998                mono::ui::TextLabelView::~TextLabelView()
 .text._GLOBAL__sub_I__ZN13AppControllerC2Ev
                0x000049b8       0x10 build/app_controller.o
 .text._ZN4mono12IApplication12enterRunLoopEv
                0x000049c8       0x28 build/mono_default_main.o
                0x000049c8                mono::IApplication::enterRunLoop()
 .text._ZN13AppControllerD2Ev
                0x000049f0       0x28 build/mono_default_main.o
                0x000049f0                AppController::~AppController()
                0x000049f0                AppController::~AppController()
 .text.main     0x00004a18       0x44 build/mono_default_main.o
                0x00004a18                main
 .text._Z41__static_initialization_and_destruction_0ii
                0x00004a5c      0x164 build/mono_default_main.o
 .text._GLOBAL__sub_I_mono_default_main.cpp
                0x00004bc0       0x10 build/mono_default_main.o
 .text.__aeabi_atexit
                0x00004bd0        0xa /usr/lib/openmono/gcc-arm-none-eabi-5_2-2015q4/bin/../lib/gcc/arm-none-eabi/5.2.1/../../../../arm-none-eabi/lib/armv7-m/libstdc++_nano.a(atexit_arm.o)
                0x00004bd0                __aeabi_atexit
 .text._ZdlPv   0x00004bda        0x4 /usr/lib/openmono/gcc-arm-none-eabi-5_2-2015q4/bin/../lib/gcc/arm-none-eabi/5.2.1/../../../../arm-none-eabi/lib/armv7-m/libstdc++_nano.a(del_op.o)
                0x00004bda                operator delete(void*)
 .text._Znwj    0x00004bde       0x22 /usr/lib/openmono/gcc-arm-none-eabi-5_2-2015q4/bin/../lib/gcc/arm-none-eabi/5.2.1/../../../../arm-none-eabi/lib/armv7-m/libstdc++_nano.a(new_op.o)
                0x00004bde                operator new(unsigned int)
 .text.__cxa_pure_virtual
                0x00004c00       0x14 /usr/lib/openmono/gcc-arm-none-eabi-5_2-2015q4/bin/../lib/gcc/arm-none-eabi/5.2.1/../../../../arm-none-eabi/lib/armv7-m/libstdc++_nano.a(pure.o)
                0x00004c00                __cxa_pure_virtual
 .text._ZSt15get_new_handlerv
                0x00004c14       0x10 /usr/lib/openmono/gcc-arm-none-eabi-5_2-2015q4/bin/../lib/gcc/arm-none-eabi/5.2.1/../../../../arm-none-eabi/lib/armv7-m/libstdc++_nano.a(new_handler.o)
                0x00004c14                std::get_new_handler()
 .text._ZN10__cxxabiv111__terminateEPFvvE
                0x00004c24        0x8 /usr/lib/openmono/gcc-arm-none-eabi-5_2-2015q4/bin/../lib/gcc/arm-none-eabi/5.2.1/../../../../arm-none-eabi/lib/armv7-m/libstdc++_nano.a(eh_terminate.o)
                0x00004c24                __cxxabiv1::__terminate(void (*)())
 .text._ZSt13get_terminatev
                0x00004c2c       0x10 /usr/lib/openmono/gcc-arm-none-eabi-5_2-2015q4/bin/../lib/gcc/arm-none-eabi/5.2.1/../../../../arm-none-eabi/lib/armv7-m/libstdc++_nano.a(eh_terminate.o)
                0x00004c2c                std::get_terminate()
 .text._ZSt9terminatev
                0x00004c3c        0xa /usr/lib/openmono/gcc-arm-none-eabi-5_2-2015q4/bin/../lib/gcc/arm-none-eabi/5.2.1/../../../../arm-none-eabi/lib/armv7-m/libstdc++_nano.a(eh_terminate.o)
                0x00004c3c                std::terminate()
 *fill*         0x00004c46        0x2 
 .text._ZN9__gnu_cxx27__verbose_terminate_handlerEv
                0x00004c48       0x9c /usr/lib/openmono/gcc-arm-none-eabi-5_2-2015q4/bin/../lib/gcc/arm-none-eabi/5.2.1/../../../../arm-none-eabi/lib/armv7-m/libstdc++_nano.a(vterminate.o)
                0x00004c48                __gnu_cxx::__verbose_terminate_handler()
 .text          0x00004ce4     0x82b0 /usr/lib/openmono/gcc-arm-none-eabi-5_2-2015q4/bin/../lib/gcc/arm-none-eabi/5.2.1/../../../../arm-none-eabi/lib/armv7-m/libstdc++_nano.a(cp-demangle.o)
                0x0000ceb4                __cxa_demangle
                0x0000cf70                __gcclibcxx_demangle_callback
 .text.__cxa_current_exception_type
                0x0000cf94       0x1a /usr/lib/openmono/gcc-arm-none-eabi-5_2-2015q4/bin/../lib/gcc/arm-none-eabi/5.2.1/../../../../arm-none-eabi/lib/armv7-m/libstdc++_nano.a(eh_type.o)
                0x0000cf94                __cxa_current_exception_type
 *fill*         0x0000cfae        0x2 
 .text.__cxa_get_globals
                0x0000cfb0        0x8 /usr/lib/openmono/gcc-arm-none-eabi-5_2-2015q4/bin/../lib/gcc/arm-none-eabi/5.2.1/../../../../arm-none-eabi/lib/armv7-m/libstdc++_nano.a(eh_globals.o)
                0x0000cfb0                __cxa_get_globals
 .text.abort    0x0000cfb8        0xe /usr/lib/openmono/gcc-arm-none-eabi-5_2-2015q4/bin/../lib/gcc/arm-none-eabi/5.2.1/../../../../arm-none-eabi/lib/armv7-m/libc_nano.a(lib_a-abort.o)
                0x0000cfb8                abort
 *fill*         0x0000cfc6        0x2 
 .text.__cxa_atexit
                0x0000cfc8       0x1c /usr/lib/openmono/gcc-arm-none-eabi-5_2-2015q4/bin/../lib/gcc/arm-none-eabi/5.2.1/../../../../arm-none-eabi/lib/armv7-m/libc_nano.a(lib_a-cxa_atexit.o)
                0x0000cfc8                __cxa_atexit
 .text.__errno  0x0000cfe4        0xc /usr/lib/openmono/gcc-arm-none-eabi-5_2-2015q4/bin/../lib/gcc/arm-none-eabi/5.2.1/../../../../arm-none-eabi/lib/armv7-m/libc_nano.a(lib_a-errno.o)
                0x0000cfe4                __errno
 .text.__sflush_r
                0x0000cff0      0x10c /usr/lib/openmono/gcc-arm-none-eabi-5_2-2015q4/bin/../lib/gcc/arm-none-eabi/5.2.1/../../../../arm-none-eabi/lib/armv7-m/libc_nano.a(lib_a-fflush.o)
                0x0000cff0                __sflush_r
 .text._fflush_r
                0x0000d0fc       0x54 /usr/lib/openmono/gcc-arm-none-eabi-5_2-2015q4/bin/../lib/gcc/arm-none-eabi/5.2.1/../../../../arm-none-eabi/lib/armv7-m/libc_nano.a(lib_a-fflush.o)
                0x0000d0fc                _fflush_r
 .text.fflush   0x0000d150       0x24 /usr/lib/openmono/gcc-arm-none-eabi-5_2-2015q4/bin/../lib/gcc/arm-none-eabi/5.2.1/../../../../arm-none-eabi/lib/armv7-m/libc_nano.a(lib_a-fflush.o)
                0x0000d150                fflush
 .text._cleanup_r
                0x0000d174        0xc /usr/lib/openmono/gcc-arm-none-eabi-5_2-2015q4/bin/../lib/gcc/arm-none-eabi/5.2.1/../../../../arm-none-eabi/lib/armv7-m/libc_nano.a(lib_a-findfp.o)
                0x0000d174                _cleanup_r
 .text.std.isra.0
                0x0000d180       0x48 /usr/lib/openmono/gcc-arm-none-eabi-5_2-2015q4/bin/../lib/gcc/arm-none-eabi/5.2.1/../../../../arm-none-eabi/lib/armv7-m/libc_nano.a(lib_a-findfp.o)
 .text.__sfmoreglue
                0x0000d1c8       0x2c /usr/lib/openmono/gcc-arm-none-eabi-5_2-2015q4/bin/../lib/gcc/arm-none-eabi/5.2.1/../../../../arm-none-eabi/lib/armv7-m/libc_nano.a(lib_a-findfp.o)
                0x0000d1c8                __sfmoreglue
 .text.__sinit  0x0000d1f4       0x60 /usr/lib/openmono/gcc-arm-none-eabi-5_2-2015q4/bin/../lib/gcc/arm-none-eabi/5.2.1/../../../../arm-none-eabi/lib/armv7-m/libc_nano.a(lib_a-findfp.o)
                0x0000d1f4                __sinit
 .text.__sfp    0x0000d254       0x78 /usr/lib/openmono/gcc-arm-none-eabi-5_2-2015q4/bin/../lib/gcc/arm-none-eabi/5.2.1/../../../../arm-none-eabi/lib/armv7-m/libc_nano.a(lib_a-findfp.o)
                0x0000d254                __sfp
 .text.__sfp_lock_acquire
                0x0000d2cc        0x2 /usr/lib/openmono/gcc-arm-none-eabi-5_2-2015q4/bin/../lib/gcc/arm-none-eabi/5.2.1/../../../../arm-none-eabi/lib/armv7-m/libc_nano.a(lib_a-findfp.o)
                0x0000d2cc                __sfp_lock_acquire
 .text.__sfp_lock_release
                0x0000d2ce        0x2 /usr/lib/openmono/gcc-arm-none-eabi-5_2-2015q4/bin/../lib/gcc/arm-none-eabi/5.2.1/../../../../arm-none-eabi/lib/armv7-m/libc_nano.a(lib_a-findfp.o)
                0x0000d2ce                __sfp_lock_release
 .text._fputs_r
                0x0000d2d0       0xa8 /usr/lib/openmono/gcc-arm-none-eabi-5_2-2015q4/bin/../lib/gcc/arm-none-eabi/5.2.1/../../../../arm-none-eabi/lib/armv7-m/libc_nano.a(lib_a-fputs.o)
                0x0000d2d0                _fputs_r
 .text.fputs    0x0000d378       0x10 /usr/lib/openmono/gcc-arm-none-eabi-5_2-2015q4/bin/../lib/gcc/arm-none-eabi/5.2.1/../../../../arm-none-eabi/lib/armv7-m/libc_nano.a(lib_a-fputs.o)
                0x0000d378                fputs
 .text._fwalk_reent
                0x0000d388       0x3c /usr/lib/openmono/gcc-arm-none-eabi-5_2-2015q4/bin/../lib/gcc/arm-none-eabi/5.2.1/../../../../arm-none-eabi/lib/armv7-m/libc_nano.a(lib_a-fwalk.o)
                0x0000d388                _fwalk_reent
 .text.__libc_init_array
                0x0000d3c4       0x4c /usr/lib/openmono/gcc-arm-none-eabi-5_2-2015q4/bin/../lib/gcc/arm-none-eabi/5.2.1/../../../../arm-none-eabi/lib/armv7-m/libc_nano.a(lib_a-init.o)
                0x0000d3c4                __libc_init_array
 .text.malloc   0x0000d410       0x10 /usr/lib/openmono/gcc-arm-none-eabi-5_2-2015q4/bin/../lib/gcc/arm-none-eabi/5.2.1/../../../../arm-none-eabi/lib/armv7-m/libc_nano.a(lib_a-malloc.o)
                0x0000d410                malloc
 .text.free     0x0000d420       0x10 /usr/lib/openmono/gcc-arm-none-eabi-5_2-2015q4/bin/../lib/gcc/arm-none-eabi/5.2.1/../../../../arm-none-eabi/lib/armv7-m/libc_nano.a(lib_a-malloc.o)
                0x0000d420                free
 .text.memchr   0x0000d430       0x1c /usr/lib/openmono/gcc-arm-none-eabi-5_2-2015q4/bin/../lib/gcc/arm-none-eabi/5.2.1/../../../../arm-none-eabi/lib/armv7-m/libc_nano.a(lib_a-memchr-stub.o)
                0x0000d430                memchr
 .text.memcmp   0x0000d44c       0x1e /usr/lib/openmono/gcc-arm-none-eabi-5_2-2015q4/bin/../lib/gcc/arm-none-eabi/5.2.1/../../../../arm-none-eabi/lib/armv7-m/libc_nano.a(lib_a-memcmp.o)
                0x0000d44c                memcmp
 .text.memcpy   0x0000d46a       0x16 /usr/lib/openmono/gcc-arm-none-eabi-5_2-2015q4/bin/../lib/gcc/arm-none-eabi/5.2.1/../../../../arm-none-eabi/lib/armv7-m/libc_nano.a(lib_a-memcpy-stub.o)
                0x0000d46a                memcpy
 .text.memset   0x0000d480       0x10 /usr/lib/openmono/gcc-arm-none-eabi-5_2-2015q4/bin/../lib/gcc/arm-none-eabi/5.2.1/../../../../arm-none-eabi/lib/armv7-m/libc_nano.a(lib_a-memset.o)
                0x0000d480                memset
 .text._free_r  0x0000d490       0x88 /usr/lib/openmono/gcc-arm-none-eabi-5_2-2015q4/bin/../lib/gcc/arm-none-eabi/5.2.1/../../../../arm-none-eabi/lib/armv7-m/libc_nano.a(lib_a-nano-freer.o)
                0x0000d490                _free_r
 .text._malloc_r
                0x0000d518       0xa8 /usr/lib/openmono/gcc-arm-none-eabi-5_2-2015q4/bin/../lib/gcc/arm-none-eabi/5.2.1/../../../../arm-none-eabi/lib/armv7-m/libc_nano.a(lib_a-nano-mallocr.o)
                0x0000d518                _malloc_r
 .text.realloc  0x0000d5c0       0x10 /usr/lib/openmono/gcc-arm-none-eabi-5_2-2015q4/bin/../lib/gcc/arm-none-eabi/5.2.1/../../../../arm-none-eabi/lib/armv7-m/libc_nano.a(lib_a-realloc.o)
                0x0000d5c0                realloc
 .text._sbrk_r  0x0000d5d0       0x20 /usr/lib/openmono/gcc-arm-none-eabi-5_2-2015q4/bin/../lib/gcc/arm-none-eabi/5.2.1/../../../../arm-none-eabi/lib/armv7-m/libc_nano.a(lib_a-sbrkr.o)
                0x0000d5d0                _sbrk_r
 .text.setbuf   0x0000d5f0       0x10 /usr/lib/openmono/gcc-arm-none-eabi-5_2-2015q4/bin/../lib/gcc/arm-none-eabi/5.2.1/../../../../arm-none-eabi/lib/armv7-m/libc_nano.a(lib_a-setbuf.o)
                0x0000d5f0                setbuf
 .text.setvbuf  0x0000d600      0x110 /usr/lib/openmono/gcc-arm-none-eabi-5_2-2015q4/bin/../lib/gcc/arm-none-eabi/5.2.1/../../../../arm-none-eabi/lib/armv7-m/libc_nano.a(lib_a-setvbuf.o)
                0x0000d600                setvbuf
 .text._raise_r
                0x0000d710       0x54 /usr/lib/openmono/gcc-arm-none-eabi-5_2-2015q4/bin/../lib/gcc/arm-none-eabi/5.2.1/../../../../arm-none-eabi/lib/armv7-m/libc_nano.a(lib_a-signal.o)
                0x0000d710                _raise_r
 .text.raise    0x0000d764       0x10 /usr/lib/openmono/gcc-arm-none-eabi-5_2-2015q4/bin/../lib/gcc/arm-none-eabi/5.2.1/../../../../arm-none-eabi/lib/armv7-m/libc_nano.a(lib_a-signal.o)
                0x0000d764                raise
 .text._kill_r  0x0000d774       0x24 /usr/lib/openmono/gcc-arm-none-eabi-5_2-2015q4/bin/../lib/gcc/arm-none-eabi/5.2.1/../../../../arm-none-eabi/lib/armv7-m/libc_nano.a(lib_a-signalr.o)
                0x0000d774                _kill_r
 .text._getpid_r
                0x0000d798        0x4 /usr/lib/openmono/gcc-arm-none-eabi-5_2-2015q4/bin/../lib/gcc/arm-none-eabi/5.2.1/../../../../arm-none-eabi/lib/armv7-m/libc_nano.a(lib_a-signalr.o)
                0x0000d798                _getpid_r
 .text.sprintf  0x0000d79c       0x48 /usr/lib/openmono/gcc-arm-none-eabi-5_2-2015q4/bin/../lib/gcc/arm-none-eabi/5.2.1/../../../../arm-none-eabi/lib/armv7-m/libc_nano.a(lib_a-sprintf.o)
                0x0000d79c                sprintf
                0x0000d79c                siprintf
 .text.sscanf   0x0000d7e4       0x54 /usr/lib/openmono/gcc-arm-none-eabi-5_2-2015q4/bin/../lib/gcc/arm-none-eabi/5.2.1/../../../../arm-none-eabi/lib/armv7-m/libc_nano.a(lib_a-sscanf.o)
                0x0000d7e4                sscanf
                0x0000d7e4                siscanf
 .text.__sread  0x0000d838       0x22 /usr/lib/openmono/gcc-arm-none-eabi-5_2-2015q4/bin/../lib/gcc/arm-none-eabi/5.2.1/../../../../arm-none-eabi/lib/armv7-m/libc_nano.a(lib_a-stdio.o)
                0x0000d838                __sread
 .text.__seofread
                0x0000d85a        0x4 /usr/lib/openmono/gcc-arm-none-eabi-5_2-2015q4/bin/../lib/gcc/arm-none-eabi/5.2.1/../../../../arm-none-eabi/lib/armv7-m/libc_nano.a(lib_a-stdio.o)
                0x0000d85a                __seofread
 .text.__swrite
                0x0000d85e       0x38 /usr/lib/openmono/gcc-arm-none-eabi-5_2-2015q4/bin/../lib/gcc/arm-none-eabi/5.2.1/../../../../arm-none-eabi/lib/armv7-m/libc_nano.a(lib_a-stdio.o)
                0x0000d85e                __swrite
 .text.__sseek  0x0000d896       0x24 /usr/lib/openmono/gcc-arm-none-eabi-5_2-2015q4/bin/../lib/gcc/arm-none-eabi/5.2.1/../../../../arm-none-eabi/lib/armv7-m/libc_nano.a(lib_a-stdio.o)
                0x0000d896                __sseek
 .text.__sclose
                0x0000d8ba        0x8 /usr/lib/openmono/gcc-arm-none-eabi-5_2-2015q4/bin/../lib/gcc/arm-none-eabi/5.2.1/../../../../arm-none-eabi/lib/armv7-m/libc_nano.a(lib_a-stdio.o)
                0x0000d8ba                __sclose
 .text          0x0000d8c2       0x14 /usr/lib/openmono/gcc-arm-none-eabi-5_2-2015q4/bin/../lib/gcc/arm-none-eabi/5.2.1/../../../../arm-none-eabi/lib/armv7-m/libc_nano.a(lib_a-strcmp.o)
                0x0000d8c2                strcmp
 .text          0x0000d8d6       0x10 /usr/lib/openmono/gcc-arm-none-eabi-5_2-2015q4/bin/../lib/gcc/arm-none-eabi/5.2.1/../../../../arm-none-eabi/lib/armv7-m/libc_nano.a(lib_a-strlen.o)
                0x0000d8d6                strlen
 .text.strncmp  0x0000d8e6       0x2a /usr/lib/openmono/gcc-arm-none-eabi-5_2-2015q4/bin/../lib/gcc/arm-none-eabi/5.2.1/../../../../arm-none-eabi/lib/armv7-m/libc_nano.a(lib_a-strncmp.o)
                0x0000d8e6                strncmp
 .text.write    0x0000d910       0x14 /usr/lib/openmono/gcc-arm-none-eabi-5_2-2015q4/bin/../lib/gcc/arm-none-eabi/5.2.1/../../../../arm-none-eabi/lib/armv7-m/libc_nano.a(lib_a-syswrite.o)
                0x0000d910                write
 .text.__swbuf_r
                0x0000d924       0xa8 /usr/lib/openmono/gcc-arm-none-eabi-5_2-2015q4/bin/../lib/gcc/arm-none-eabi/5.2.1/../../../../arm-none-eabi/lib/armv7-m/libc_nano.a(lib_a-wbuf.o)
                0x0000d924                __swbuf_r
 .text._write_r
                0x0000d9cc       0x24 /usr/lib/openmono/gcc-arm-none-eabi-5_2-2015q4/bin/../lib/gcc/arm-none-eabi/5.2.1/../../../../arm-none-eabi/lib/armv7-m/libc_nano.a(lib_a-writer.o)
                0x0000d9cc                _write_r
 .text.__swsetup_r
                0x0000d9f0       0xd8 /usr/lib/openmono/gcc-arm-none-eabi-5_2-2015q4/bin/../lib/gcc/arm-none-eabi/5.2.1/../../../../arm-none-eabi/lib/armv7-m/libc_nano.a(lib_a-wsetup.o)
                0x0000d9f0                __swsetup_r
 .text._close_r
                0x0000dac8       0x20 /usr/lib/openmono/gcc-arm-none-eabi-5_2-2015q4/bin/../lib/gcc/arm-none-eabi/5.2.1/../../../../arm-none-eabi/lib/armv7-m/libc_nano.a(lib_a-closer.o)
                0x0000dac8                _close_r
 .text._lseek_r
                0x0000dae8       0x24 /usr/lib/openmono/gcc-arm-none-eabi-5_2-2015q4/bin/../lib/gcc/arm-none-eabi/5.2.1/../../../../arm-none-eabi/lib/armv7-m/libc_nano.a(lib_a-lseekr.o)
                0x0000dae8                _lseek_r
 .text.__smakebuf_r
                0x0000db0c       0x98 /usr/lib/openmono/gcc-arm-none-eabi-5_2-2015q4/bin/../lib/gcc/arm-none-eabi/5.2.1/../../../../arm-none-eabi/lib/armv7-m/libc_nano.a(lib_a-makebuf.o)
                0x0000db0c                __smakebuf_r
 .text._realloc_r
                0x0000dba4       0x4c /usr/lib/openmono/gcc-arm-none-eabi-5_2-2015q4/bin/../lib/gcc/arm-none-eabi/5.2.1/../../../../arm-none-eabi/lib/armv7-m/libc_nano.a(lib_a-nano-reallocr.o)
                0x0000dba4                _realloc_r
 .text.__ssputs_r
                0x0000dbf0       0xb2 /usr/lib/openmono/gcc-arm-none-eabi-5_2-2015q4/bin/../lib/gcc/arm-none-eabi/5.2.1/../../../../arm-none-eabi/lib/armv7-m/libc_nano.a(lib_a-nano-svfprintf.o)
                0x0000dbf0                __ssputs_r
 *fill*         0x0000dca2        0x2 
 .text._svfprintf_r
                0x0000dca4      0x1e8 /usr/lib/openmono/gcc-arm-none-eabi-5_2-2015q4/bin/../lib/gcc/arm-none-eabi/5.2.1/../../../../arm-none-eabi/lib/armv7-m/libc_nano.a(lib_a-nano-svfprintf.o)
                0x0000dca4                _svfprintf_r
                0x0000dca4                _svfiprintf_r
 .text._sungetc_r
                0x0000de8c       0x7c /usr/lib/openmono/gcc-arm-none-eabi-5_2-2015q4/bin/../lib/gcc/arm-none-eabi/5.2.1/../../../../arm-none-eabi/lib/armv7-m/libc_nano.a(lib_a-nano-svfscanf.o)
                0x0000de8c                _sungetc_r
 .text.__ssrefill_r
                0x0000df08       0x3a /usr/lib/openmono/gcc-arm-none-eabi-5_2-2015q4/bin/../lib/gcc/arm-none-eabi/5.2.1/../../../../arm-none-eabi/lib/armv7-m/libc_nano.a(lib_a-nano-svfscanf.o)
                0x0000df08                __ssrefill_r
 *fill*         0x0000df42        0x2 
 .text.__ssvfscanf_r
                0x0000df44      0x29c /usr/lib/openmono/gcc-arm-none-eabi-5_2-2015q4/bin/../lib/gcc/arm-none-eabi/5.2.1/../../../../arm-none-eabi/lib/armv7-m/libc_nano.a(lib_a-nano-svfscanf.o)
                0x0000df44                __ssvfscanf_r
                0x0000df44                __ssvfiscanf_r
 .text._printf_common
                0x0000e1e0       0xec /usr/lib/openmono/gcc-arm-none-eabi-5_2-2015q4/bin/../lib/gcc/arm-none-eabi/5.2.1/../../../../arm-none-eabi/lib/armv7-m/libc_nano.a(lib_a-nano-vfprintf_i.o)
                0x0000e1e0                _printf_common
 .text._printf_i
                0x0000e2cc      0x24c /usr/lib/openmono/gcc-arm-none-eabi-5_2-2015q4/bin/../lib/gcc/arm-none-eabi/5.2.1/../../../../arm-none-eabi/lib/armv7-m/libc_nano.a(lib_a-nano-vfprintf_i.o)
                0x0000e2cc                _printf_i
 .text._scanf_chars
                0x0000e518       0xcc /usr/lib/openmono/gcc-arm-none-eabi-5_2-2015q4/bin/../lib/gcc/arm-none-eabi/5.2.1/../../../../arm-none-eabi/lib/armv7-m/libc_nano.a(lib_a-nano-vfscanf_i.o)
                0x0000e518                _scanf_chars
 .text._scanf_i
                0x0000e5e4      0x1e4 /usr/lib/openmono/gcc-arm-none-eabi-5_2-2015q4/bin/../lib/gcc/arm-none-eabi/5.2.1/../../../../arm-none-eabi/lib/armv7-m/libc_nano.a(lib_a-nano-vfscanf_i.o)
                0x0000e5e4                _scanf_i
 .text._read_r  0x0000e7c8       0x24 /usr/lib/openmono/gcc-arm-none-eabi-5_2-2015q4/bin/../lib/gcc/arm-none-eabi/5.2.1/../../../../arm-none-eabi/lib/armv7-m/libc_nano.a(lib_a-readr.o)
                0x0000e7c8                _read_r
 .text.__sccl   0x0000e7ec       0x60 /usr/lib/openmono/gcc-arm-none-eabi-5_2-2015q4/bin/../lib/gcc/arm-none-eabi/5.2.1/../../../../arm-none-eabi/lib/armv7-m/libc_nano.a(lib_a-sccl.o)
                0x0000e7ec                __sccl
 .text._strtol_r
                0x0000e84c      0x10c /usr/lib/openmono/gcc-arm-none-eabi-5_2-2015q4/bin/../lib/gcc/arm-none-eabi/5.2.1/../../../../arm-none-eabi/lib/armv7-m/libc_nano.a(lib_a-strtol.o)
                0x0000e84c                _strtol_r
 .text._strtoul_r
                0x0000e958       0xfc /usr/lib/openmono/gcc-arm-none-eabi-5_2-2015q4/bin/../lib/gcc/arm-none-eabi/5.2.1/../../../../arm-none-eabi/lib/armv7-m/libc_nano.a(lib_a-strtoul.o)
                0x0000e958                _strtoul_r
 .text.__submore
                0x0000ea54       0x72 /usr/lib/openmono/gcc-arm-none-eabi-5_2-2015q4/bin/../lib/gcc/arm-none-eabi/5.2.1/../../../../arm-none-eabi/lib/armv7-m/libc_nano.a(lib_a-ungetc.o)
                0x0000ea54                __submore
 *fill*         0x0000eac6        0x2 
 .text._fstat_r
                0x0000eac8       0x24 /usr/lib/openmono/gcc-arm-none-eabi-5_2-2015q4/bin/../lib/gcc/arm-none-eabi/5.2.1/../../../../arm-none-eabi/lib/armv7-m/libc_nano.a(lib_a-fstatr.o)
                0x0000eac8                _fstat_r
 .text._isatty_r
                0x0000eaec       0x20 /usr/lib/openmono/gcc-arm-none-eabi-5_2-2015q4/bin/../lib/gcc/arm-none-eabi/5.2.1/../../../../arm-none-eabi/lib/armv7-m/libc_nano.a(lib_a-isattyr.o)
                0x0000eaec                _isatty_r
 .text.memmove  0x0000eb0c       0x36 /usr/lib/openmono/gcc-arm-none-eabi-5_2-2015q4/bin/../lib/gcc/arm-none-eabi/5.2.1/../../../../arm-none-eabi/lib/armv7-m/libc_nano.a(lib_a-memmove.o)
                0x0000eb0c                memmove
 .text._malloc_usable_size_r
                0x0000eb42       0x14 /usr/lib/openmono/gcc-arm-none-eabi-5_2-2015q4/bin/../lib/gcc/arm-none-eabi/5.2.1/../../../../arm-none-eabi/lib/armv7-m/libc_nano.a(lib_a-nano-msizer.o)
                0x0000eb42                _malloc_usable_size_r
 *fill*         0x0000eb56        0x2 
 .text          0x0000eb58       0x30 /usr/lib/openmono/gcc-arm-none-eabi-5_2-2015q4/bin/../lib/gcc/arm-none-eabi/5.2.1/armv7-m/libgcc.a(_aeabi_uldivmod.o)
                0x0000eb58                __aeabi_uldivmod
 .text          0x0000eb88      0x2ec /usr/lib/openmono/gcc-arm-none-eabi-5_2-2015q4/bin/../lib/gcc/arm-none-eabi/5.2.1/armv7-m/libgcc.a(_udivmoddi4.o)
                0x0000eb88                __udivmoddi4
 .text          0x0000ee74        0x4 /usr/lib/openmono/gcc-arm-none-eabi-5_2-2015q4/bin/../lib/gcc/arm-none-eabi/5.2.1/armv7-m/libgcc.a(_dvmd_tls.o)
                0x0000ee74                __aeabi_ldiv0
                0x0000ee74                __aeabi_idiv0
 .text._getpid  0x0000ee78       0x10 /usr/lib/openmono/gcc-arm-none-eabi-5_2-2015q4/bin/../lib/gcc/arm-none-eabi/5.2.1/../../../../arm-none-eabi/lib/armv7-m/libnosys.a(getpid.o)
                0x0000ee78                _getpid
 .text._kill    0x0000ee88       0x10 /usr/lib/openmono/gcc-arm-none-eabi-5_2-2015q4/bin/../lib/gcc/arm-none-eabi/5.2.1/../../../../arm-none-eabi/lib/armv7-m/libnosys.a(kill.o)
                0x0000ee88                _kill
 .text.PWM_Enable
                0x0000ee98       0x10 /usr/lib/openmono/mono/monoCyLib.a(PWM.o)
                0x0000ee98                PWM_Enable
 .text.PWM_Stop
                0x0000eea8       0x10 /usr/lib/openmono/mono/monoCyLib.a(PWM.o)
                0x0000eea8                PWM_Stop
 .text.PWM_WriteCounter
                0x0000eeb8        0xc /usr/lib/openmono/mono/monoCyLib.a(PWM.o)
                0x0000eeb8                PWM_WriteCounter
 .text.PWM_ReadCounter
                0x0000eec4       0x14 /usr/lib/openmono/mono/monoCyLib.a(PWM.o)
                0x0000eec4                PWM_ReadCounter
 .text.PWM_ClearFIFO
                0x0000eed8       0x18 /usr/lib/openmono/mono/monoCyLib.a(PWM.o)
                0x0000eed8                PWM_ClearFIFO
 .text.PWM_Init
                0x0000eef0       0x50 /usr/lib/openmono/mono/monoCyLib.a(PWM.o)
                0x0000eef0                PWM_Init
 .text.PWM_Start
                0x0000ef40       0x1c /usr/lib/openmono/mono/monoCyLib.a(PWM.o)
                0x0000ef40                PWM_Start
 .text.PWM_WritePeriod
                0x0000ef5c        0xc /usr/lib/openmono/mono/monoCyLib.a(PWM.o)
                0x0000ef5c                PWM_WritePeriod
 .text.PWM_WriteCompare1
                0x0000ef68        0xc /usr/lib/openmono/mono/monoCyLib.a(PWM.o)
                0x0000ef68                PWM_WriteCompare1
 .text.PWM_WriteCompare2
                0x0000ef74        0xc /usr/lib/openmono/mono/monoCyLib.a(PWM.o)
                0x0000ef74                PWM_WriteCompare2
 .text.PWM_ReadControlRegister
                0x0000ef80        0xc /usr/lib/openmono/mono/monoCyLib.a(PWM.o)
                0x0000ef80                PWM_ReadControlRegister
 .text.PWM_WriteControlRegister
                0x0000ef8c        0xc /usr/lib/openmono/mono/monoCyLib.a(PWM.o)
                0x0000ef8c                PWM_WriteControlRegister
 .text.PWM_ReadCompare1
                0x0000ef98        0xc /usr/lib/openmono/mono/monoCyLib.a(PWM.o)
                0x0000ef98                PWM_ReadCompare1
 .text.PWM_ReadPeriod
                0x0000efa4        0xc /usr/lib/openmono/mono/monoCyLib.a(PWM.o)
                0x0000efa4                PWM_ReadPeriod
 .text.USBUART_Init
                0x0000efb0      0x13c /usr/lib/openmono/mono/monoCyLib.a(USBUART.o)
                0x0000efb0                USBUART_Init
 .text.USBUART_InitComponent
                0x0000f0ec       0xa4 /usr/lib/openmono/mono/monoCyLib.a(USBUART.o)
                0x0000f0ec                USBUART_InitComponent
 .text.USBUART_Start
                0x0000f190       0x24 /usr/lib/openmono/mono/monoCyLib.a(USBUART.o)
                0x0000f190                USBUART_Start
 .text.USBUART_ReInitComponent
                0x0000f1b4       0x4c /usr/lib/openmono/mono/monoCyLib.a(USBUART.o)
                0x0000f1b4                USBUART_ReInitComponent
 .text.USBUART_Stop
                0x0000f200       0x90 /usr/lib/openmono/mono/monoCyLib.a(USBUART.o)
                0x0000f200                USBUART_Stop
 .text.USBUART_GetConfiguration
                0x0000f290        0xc /usr/lib/openmono/mono/monoCyLib.a(USBUART.o)
                0x0000f290                USBUART_GetConfiguration
 .text.USBUART_IsConfigurationChanged
                0x0000f29c       0x18 /usr/lib/openmono/mono/monoCyLib.a(USBUART.o)
                0x0000f29c                USBUART_IsConfigurationChanged
 .text.USBUART_GetEPState
                0x0000f2b4       0x10 /usr/lib/openmono/mono/monoCyLib.a(USBUART.o)
                0x0000f2b4                USBUART_GetEPState
 .text.USBUART_GetEPCount
                0x0000f2c4       0x28 /usr/lib/openmono/mono/monoCyLib.a(USBUART.o)
                0x0000f2c4                USBUART_GetEPCount
 .text.USBUART_LoadInEP
                0x0000f2ec       0x7c /usr/lib/openmono/mono/monoCyLib.a(USBUART.o)
                0x0000f2ec                USBUART_LoadInEP
 .text.USBUART_EnableOutEP
                0x0000f368       0x28 /usr/lib/openmono/mono/monoCyLib.a(USBUART.o)
                0x0000f368                USBUART_EnableOutEP
 .text.USBUART_ReadOutEP
                0x0000f390       0x4c /usr/lib/openmono/mono/monoCyLib.a(USBUART.o)
                0x0000f390                USBUART_ReadOutEP
 .text.USBUART_LoadEP0
                0x0000f3dc       0x8c /usr/lib/openmono/mono/monoCyLib.a(USBUART_drv.o)
                0x0000f3dc                USBUART_LoadEP0
 .text.USBUART_InitZeroLengthControlTransfer
                0x0000f468       0x34 /usr/lib/openmono/mono/monoCyLib.a(USBUART_drv.o)
                0x0000f468                USBUART_InitZeroLengthControlTransfer
 .text.USBUART_ControlWriteDataStage
                0x0000f49c       0x78 /usr/lib/openmono/mono/monoCyLib.a(USBUART_drv.o)
                0x0000f49c                USBUART_ControlWriteDataStage
 .text.USBUART_InitNoDataControlTransfer
                0x0000f514       0x2c /usr/lib/openmono/mono/monoCyLib.a(USBUART_drv.o)
                0x0000f514                USBUART_InitNoDataControlTransfer
 .text.USBUART_UpdateStatusBlock
                0x0000f540       0x20 /usr/lib/openmono/mono/monoCyLib.a(USBUART_drv.o)
                0x0000f540                USBUART_UpdateStatusBlock
 .text.USBUART_HandleSetup
                0x0000f560       0x58 /usr/lib/openmono/mono/monoCyLib.a(USBUART_drv.o)
                0x0000f560                USBUART_HandleSetup
 .text.USBUART_ControlReadStatusStage
                0x0000f5b8       0x34 /usr/lib/openmono/mono/monoCyLib.a(USBUART_drv.o)
                0x0000f5b8                USBUART_ControlReadStatusStage
 .text.USBUART_HandleOUT
                0x0000f5ec       0x3c /usr/lib/openmono/mono/monoCyLib.a(USBUART_drv.o)
                0x0000f5ec                USBUART_HandleOUT
 .text.USBUART_ControlWriteStatusStage
                0x0000f628       0x20 /usr/lib/openmono/mono/monoCyLib.a(USBUART_drv.o)
                0x0000f628                USBUART_ControlWriteStatusStage
 .text.USBUART_NoDataControlStatusStage
                0x0000f648       0x3c /usr/lib/openmono/mono/monoCyLib.a(USBUART_drv.o)
                0x0000f648                USBUART_NoDataControlStatusStage
 .text.USBUART_HandleIN
                0x0000f684       0x24 /usr/lib/openmono/mono/monoCyLib.a(USBUART_drv.o)
                0x0000f684                USBUART_HandleIN
 .text.USBUART_EP_0_ISR
                0x0000f6a8       0x8c /usr/lib/openmono/mono/monoCyLib.a(USBUART_drv.o)
                0x0000f6a8                USBUART_EP_0_ISR
 .text.USBUART_InitializeStatusBlock
                0x0000f734       0x20 /usr/lib/openmono/mono/monoCyLib.a(USBUART_drv.o)
                0x0000f734                USBUART_InitializeStatusBlock
 .text.USBUART_InitControlRead
                0x0000f754       0x4c /usr/lib/openmono/mono/monoCyLib.a(USBUART_drv.o)
                0x0000f754                USBUART_InitControlRead
 .text.USBUART_InitControlWrite
                0x0000f7a0       0x48 /usr/lib/openmono/mono/monoCyLib.a(USBUART_drv.o)
                0x0000f7a0                USBUART_InitControlWrite
 .text.USBUART_HandleVendorRqst
                0x0000f7e8       0x2c /usr/lib/openmono/mono/monoCyLib.a(USBUART_vnd.o)
                0x0000f7e8                USBUART_HandleVendorRqst
 .text.USBUART_DP_ISR
                0x0000f814        0x4 /usr/lib/openmono/mono/monoCyLib.a(USBUART_pm.o)
                0x0000f814                USBUART_DP_ISR
 .text.USBUART_ReadDieID
                0x0000f818       0x6c /usr/lib/openmono/mono/monoCyLib.a(USBUART_std.o)
                0x0000f818                USBUART_ReadDieID
 .text.USBUART_ConfigReg
                0x0000f884       0x80 /usr/lib/openmono/mono/monoCyLib.a(USBUART_std.o)
                0x0000f884                USBUART_ConfigReg
 .text.USBUART_GetConfigTablePtr
                0x0000f904       0x24 /usr/lib/openmono/mono/monoCyLib.a(USBUART_std.o)
                0x0000f904                USBUART_GetConfigTablePtr
 .text.USBUART_ConfigAltChanged
                0x0000f928      0x128 /usr/lib/openmono/mono/monoCyLib.a(USBUART_std.o)
                0x0000f928                USBUART_ConfigAltChanged
 .text.USBUART_GetInterfaceClassTablePtr
                0x0000fa50       0x20 /usr/lib/openmono/mono/monoCyLib.a(USBUART_std.o)
                0x0000fa50                USBUART_GetInterfaceClassTablePtr
 .text.USBUART_Config
                0x0000fa70      0x174 /usr/lib/openmono/mono/monoCyLib.a(USBUART_std.o)
                0x0000fa70                USBUART_Config
 .text.USBUART_SetEndpointHalt
                0x0000fbe4       0x54 /usr/lib/openmono/mono/monoCyLib.a(USBUART_std.o)
                0x0000fbe4                USBUART_SetEndpointHalt
 .text.USBUART_ClearEndpointHalt
                0x0000fc38       0x70 /usr/lib/openmono/mono/monoCyLib.a(USBUART_std.o)
                0x0000fc38                USBUART_ClearEndpointHalt
 .text.USBUART_ValidateAlternateSetting
                0x0000fca8       0x48 /usr/lib/openmono/mono/monoCyLib.a(USBUART_std.o)
                0x0000fca8                USBUART_ValidateAlternateSetting
 .text.USBUART_HandleStandardRqst
                0x0000fcf0      0x274 /usr/lib/openmono/mono/monoCyLib.a(USBUART_std.o)
                0x0000fcf0                USBUART_HandleStandardRqst
 .text.USBUART_DispatchClassRqst
                0x0000ff64       0x48 /usr/lib/openmono/mono/monoCyLib.a(USBUART_cls.o)
                0x0000ff64                USBUART_DispatchClassRqst
 .text.USBUART_GetInterfaceComPort
                0x0000ffac       0x30 /usr/lib/openmono/mono/monoCyLib.a(USBUART_cdc.o)
                0x0000ffac                USBUART_GetInterfaceComPort
 .text.USBUART_DispatchCDCClassRqst
                0x0000ffdc       0x90 /usr/lib/openmono/mono/monoCyLib.a(USBUART_cdc.o)
                0x0000ffdc                USBUART_DispatchCDCClassRqst
 .text.USBUART_CDC_Init
                0x0001006c       0x70 /usr/lib/openmono/mono/monoCyLib.a(USBUART_cdc.o)
                0x0001006c                USBUART_CDC_Init
 .text.USBUART_PutData
                0x000100dc       0x44 /usr/lib/openmono/mono/monoCyLib.a(USBUART_cdc.o)
                0x000100dc                USBUART_PutData
 .text.USBUART_PutChar
                0x00010120       0x24 /usr/lib/openmono/mono/monoCyLib.a(USBUART_cdc.o)
                0x00010120                USBUART_PutChar
 .text.USBUART_GetCount
                0x00010144       0x2c /usr/lib/openmono/mono/monoCyLib.a(USBUART_cdc.o)
                0x00010144                USBUART_GetCount
 .text.USBUART_DataIsReady
                0x00010170       0x14 /usr/lib/openmono/mono/monoCyLib.a(USBUART_cdc.o)
                0x00010170                USBUART_DataIsReady
 .text.USBUART_CDCIsReady
                0x00010184       0x14 /usr/lib/openmono/mono/monoCyLib.a(USBUART_cdc.o)
                0x00010184                USBUART_CDCIsReady
 .text.USBUART_GetData
                0x00010198       0x1c /usr/lib/openmono/mono/monoCyLib.a(USBUART_cdc.o)
                0x00010198                USBUART_GetData
 .text.USBUART_GetAll
                0x000101b4       0x2c /usr/lib/openmono/mono/monoCyLib.a(USBUART_cdc.o)
                0x000101b4                USBUART_GetAll
 .text.USBUART_GetChar
                0x000101e0       0x28 /usr/lib/openmono/mono/monoCyLib.a(USBUART_cdc.o)
                0x000101e0                USBUART_GetChar
 .text.USBUART_GetLineControl
                0x00010208       0x18 /usr/lib/openmono/mono/monoCyLib.a(USBUART_cdc.o)
                0x00010208                USBUART_GetLineControl
 .text.USBUART_Cdc_EpInit
                0x00010220       0x50 /usr/lib/openmono/mono/monoCyLib.a(USBUART_cdc.o)
                0x00010220                USBUART_Cdc_EpInit
 .text.USBUART_Dp_ClearInterrupt
                0x00010270       0x10 /usr/lib/openmono/mono/monoCyLib.a(USBUART_Dp.o)
                0x00010270                USBUART_Dp_ClearInterrupt
 .text.USBUART_EP_1_ISR
                0x00010280       0x34 /usr/lib/openmono/mono/monoCyLib.a(USBUART_episr.o)
                0x00010280                USBUART_EP_1_ISR
 .text.USBUART_EP_2_ISR
                0x000102b4       0x38 /usr/lib/openmono/mono/monoCyLib.a(USBUART_episr.o)
                0x000102b4                USBUART_EP_2_ISR
 .text.USBUART_EP_3_ISR
                0x000102ec       0x40 /usr/lib/openmono/mono/monoCyLib.a(USBUART_episr.o)
                0x000102ec                USBUART_EP_3_ISR
 .text.USBUART_SOF_ISR
                0x0001032c        0x2 /usr/lib/openmono/mono/monoCyLib.a(USBUART_episr.o)
                0x0001032c                USBUART_SOF_ISR
 .text.USBUART_BUS_RESET_ISR
                0x0001032e        0x4 /usr/lib/openmono/mono/monoCyLib.a(USBUART_episr.o)
                0x0001032e                USBUART_BUS_RESET_ISR
 *fill*         0x00010332        0x2 
 .text._ZN4mbed6SerialC2E7PinNameS1_PKc
                0x00010334       0x50 /usr/lib/openmono/mono/mbedlib.a(Serial.o)
                0x00010334                mbed::Serial::Serial(PinName, PinName, char const*)
                0x00010334                mbed::Serial::Serial(PinName, PinName, char const*)
 .text._ZN4mbed6Serial5_getcEv
                0x00010384       0x1c /usr/lib/openmono/mono/mbedlib.a(Serial.o)
                0x00010384                mbed::Serial::_getc()
 .text._ZThn64_N4mbed6Serial5_getcEv
                0x000103a0        0x8 /usr/lib/openmono/mono/mbedlib.a(Serial.o)
                0x000103a0                non-virtual thunk to mbed::Serial::_getc()
 .text._ZN4mbed6Serial5_putcEi
                0x000103a8       0x20 /usr/lib/openmono/mono/mbedlib.a(Serial.o)
                0x000103a8                mbed::Serial::_putc(int)
 .text._ZThn64_N4mbed6Serial5_putcEi
                0x000103c8        0x8 /usr/lib/openmono/mono/mbedlib.a(Serial.o)
                0x000103c8                non-virtual thunk to mbed::Serial::_putc(int)
 .text._ZN4mbed6StreamC2EPKc
                0x000103d0       0x6c /usr/lib/openmono/mono/mbedlib.a(Stream.o)
                0x000103d0                mbed::Stream::Stream(char const*)
                0x000103d0                mbed::Stream::Stream(char const*)
 .text._ZN4mbed6StreamD2Ev
                0x0001043c       0x44 /usr/lib/openmono/mono/mbedlib.a(Stream.o)
                0x0001043c                mbed::Stream::~Stream()
                0x0001043c                mbed::Stream::~Stream()
 .text._ZN4mbed6Stream5closeEv
                0x00010480       0x14 /usr/lib/openmono/mono/mbedlib.a(Stream.o)
                0x00010480                mbed::Stream::close()
 .text._ZN4mbed6Stream5writeEPKvj
                0x00010494       0x5c /usr/lib/openmono/mono/mbedlib.a(Stream.o)
                0x00010494                mbed::Stream::write(void const*, unsigned int)
 .text._ZN4mbed6Stream4readEPvj
                0x000104f0       0x54 /usr/lib/openmono/mono/mbedlib.a(Stream.o)
                0x000104f0                mbed::Stream::read(void*, unsigned int)
 .text._ZN4mbed6Stream5lseekEli
                0x00010544       0x18 /usr/lib/openmono/mono/mbedlib.a(Stream.o)
                0x00010544                mbed::Stream::lseek(long, int)
 .text._ZN4mbed6Stream6isattyEv
                0x0001055c       0x14 /usr/lib/openmono/mono/mbedlib.a(Stream.o)
                0x0001055c                mbed::Stream::isatty()
 .text._ZN4mbed6Stream5fsyncEv
                0x00010570       0x14 /usr/lib/openmono/mono/mbedlib.a(Stream.o)
                0x00010570                mbed::Stream::fsync()
 .text._ZN4mbed6Stream4flenEv
                0x00010584       0x14 /usr/lib/openmono/mono/mbedlib.a(Stream.o)
                0x00010584                mbed::Stream::flen()
 .text._ZN4mbed6Stream6printfEPKcz
                0x00010598       0x3c /usr/lib/openmono/mono/mbedlib.a(Stream.o)
                0x00010598                mbed::Stream::printf(char const*, ...)
 .text._ZN4mbed10SerialBaseC2E7PinNameS1_
                0x000105d4       0x70 /usr/lib/openmono/mono/mbedlib.a(SerialBase.o)
                0x000105d4                mbed::SerialBase::SerialBase(PinName, PinName)
                0x000105d4                mbed::SerialBase::SerialBase(PinName, PinName)
 .text._ZN4mbed10SerialBase9writeableEv
                0x00010644       0x1c /usr/lib/openmono/mono/mbedlib.a(SerialBase.o)
                0x00010644                mbed::SerialBase::writeable()
 .text._ZN4mbed10SerialBase12_irq_handlerEm9SerialIrq
                0x00010660       0x30 /usr/lib/openmono/mono/mbedlib.a(SerialBase.o)
                0x00010660                mbed::SerialBase::_irq_handler(unsigned long, SerialIrq)
 .text._ZN4mbed10SerialBase10_base_getcEv
                0x00010690       0x1c /usr/lib/openmono/mono/mbedlib.a(SerialBase.o)
                0x00010690                mbed::SerialBase::_base_getc()
 .text._ZN4mbed10SerialBase10_base_putcEi
                0x000106ac       0x20 /usr/lib/openmono/mono/mbedlib.a(SerialBase.o)
                0x000106ac                mbed::SerialBase::_base_putc(int)
 .text._ZN4mbed19FunctionPointerArg1IvvEC2EPFvvE
                0x000106cc       0x1c /usr/lib/openmono/mono/mbedlib.a(SerialBase.o)
                0x000106cc                mbed::FunctionPointerArg1<void, void>::FunctionPointerArg1(void (*)())
                0x000106cc                mbed::FunctionPointerArg1<void, void>::FunctionPointerArg1(void (*)())
 .text._ZN4mbed19FunctionPointerArg1IvvE6attachEPFvvE
                0x000106e8       0x20 /usr/lib/openmono/mono/mbedlib.a(SerialBase.o)
                0x000106e8                mbed::FunctionPointerArg1<void, void>::attach(void (*)())
 .text._ZN4mbed19FunctionPointerArg1IvvE4callEv
                0x00010708       0x4c /usr/lib/openmono/mono/mbedlib.a(SerialBase.o)
                0x00010708                mbed::FunctionPointerArg1<void, void>::call()
 .text._ZN4mbed10FileHandleC2Ev
                0x00010754       0x20 /usr/lib/openmono/mono/mbedlib.a(FileLike.o)
                0x00010754                mbed::FileHandle::FileHandle()
                0x00010754                mbed::FileHandle::FileHandle()
 .text._ZN4mbed8FileLikeC2EPKc
                0x00010774       0x40 /usr/lib/openmono/mono/mbedlib.a(FileLike.o)
                0x00010774                mbed::FileLike::FileLike(char const*)
                0x00010774                mbed::FileLike::FileLike(char const*)
 .text._ZN4mbed8FileLikeD2Ev
                0x000107b4       0x44 /usr/lib/openmono/mono/mbedlib.a(FileLike.o)
                0x000107b4                mbed::FileLike::~FileLike()
                0x000107b4                mbed::FileLike::~FileLike()
 .text.wait_ms  0x000107f8       0x20 /usr/lib/openmono/mono/mbedlib.a(wait_api.o)
                0x000107f8                wait_ms
 .text.wait_us  0x00010818       0x28 /usr/lib/openmono/mono/mbedlib.a(wait_api.o)
                0x00010818                wait_us
 .text._ZN4mbed19FunctionPointerArg1IvvE12membercallerIN4mono18ApplicationContextEEEvPvPj
                0x00010840       0x18 /usr/lib/openmono/mono/mono_framework.a(application_context.o)
                0x00010840                void mbed::FunctionPointerArg1<void, void>::membercaller<mono::ApplicationContext>(void*, unsigned int*)
 .text._ZN4mbed19FunctionPointerArg1IvvE12membercallerIN4mono14QueueInterruptEEEvPvPj
                0x00010858       0x18 /usr/lib/openmono/mono/mono_framework.a(application_context.o)
                0x00010858                void mbed::FunctionPointerArg1<void, void>::membercaller<mono::QueueInterrupt>(void*, unsigned int*)
 .text._ZN4mono18ApplicationContext4execEv
                0x00010870        0xc /usr/lib/openmono/mono/mono_framework.a(application_context.o)
                0x00010870                mono::ApplicationContext::exec()
 .text._ZN4mono18ApplicationContext10sleepForMsEm
                0x0001087c       0x58 /usr/lib/openmono/mono/mono_framework.a(application_context.o)
                0x0001087c                mono::ApplicationContext::sleepForMs(unsigned long)
 .text._ZN4mono18ApplicationContext14_softwareResetEv
                0x000108d4       0x14 /usr/lib/openmono/mono/mono_framework.a(application_context.o)
                0x000108d4                mono::ApplicationContext::_softwareReset()
 .text._ZN4mono18ApplicationContext26_softwareResetToBootloaderEv
                0x000108e8       0x14 /usr/lib/openmono/mono/mono_framework.a(application_context.o)
                0x000108e8                mono::ApplicationContext::_softwareResetToBootloader()
 .text._ZN4mono18ApplicationContext27_softwareResetToApplicationEv
                0x000108fc       0x14 /usr/lib/openmono/mono/mono_framework.a(application_context.o)
                0x000108fc                mono::ApplicationContext::_softwareResetToApplication()
 .text._ZN4mono18ApplicationContext12buttonWakeupEv
                0x00010910       0x54 /usr/lib/openmono/mono/mono_framework.a(application_context.o)
                0x00010910                mono::ApplicationContext::buttonWakeup()
 .text._ZN4mono18ApplicationContext14enterSleepModeEv
                0x00010964       0x70 /usr/lib/openmono/mono/mono_framework.a(application_context.o)
                0x00010964                mono::ApplicationContext::enterSleepMode()
 .text.debug.constprop.1
                0x000109d4       0x28 /usr/lib/openmono/mono/mono_framework.a(application_context.o)
 .text._ZN4mono18ApplicationContext17resetOnUserButtonEv
                0x000109fc       0x1c /usr/lib/openmono/mono/mono_framework.a(application_context.o)
                0x000109fc                mono::ApplicationContext::resetOnUserButton()
 .text._ZN4mono18ApplicationContextC2Ev
                0x00010a18      0x100 /usr/lib/openmono/mono/mono_framework.a(application_context.o)
                0x00010a18                mono::ApplicationContext::ApplicationContext()
                0x00010a18                mono::ApplicationContext::ApplicationContext()
 .text.startup._GLOBAL__sub_I__ZN4mono18ApplicationContext9singletonE
                0x00010b18      0x164 /usr/lib/openmono/mono/mono_framework.a(application_context.o)
 .text._ZN4mono18ApplicationContext18setMonoApplicationEPNS_12IApplicationE
                0x00010c7c       0x74 /usr/lib/openmono/mono/mono_framework.a(application_context.o)
                0x00010c7c                mono::ApplicationContext::setMonoApplication(mono::IApplication*)
 .text._ZN4mono18ApplicationContextD2Ev
                0x00010cf0       0x70 /usr/lib/openmono/mono/mono_framework.a(application_context.o)
                0x00010cf0                mono::ApplicationContext::~ApplicationContext()
                0x00010cf0                mono::ApplicationContext::~ApplicationContext()
 .text._ZN4mono2io6SerialC2Ev
                0x00010d60       0x2c /usr/lib/openmono/mono/mono_framework.a(mn_serial.o)
                0x00010d60                mono::io::Serial::Serial()
                0x00010d60                mono::io::Serial::Serial()
 .text._ZN4mono2io6Serial3DTREv
                0x00010d8c       0x1e /usr/lib/openmono/mono/mono_framework.a(mn_serial.o)
                0x00010d8c                mono::io::Serial::DTR()
 *fill*         0x00010daa        0x2 
 .text.startup._GLOBAL__sub_I__ZN4mono2io6SerialC2E7PinNameS2_
                0x00010dac      0x148 /usr/lib/openmono/mono/mono_framework.a(mn_serial.o)
 .text._ZN4mono7MonoRTC8startRtcEv
                0x00010ef4       0x10 /usr/lib/openmono/mono/mono_framework.a(mono_rtc.o)
                0x00010ef4                mono::MonoRTC::startRtc()
 .text._ZN4mono7MonoRTC7stopRtcEv
                0x00010f04       0x10 /usr/lib/openmono/mono/mono_framework.a(mono_rtc.o)
                0x00010f04                mono::MonoRTC::stopRtc()
 .text.rtc_interrupt
                0x00010f14       0x18 /usr/lib/openmono/mono/mono_framework.a(mono_rtc.o)
                0x00010f14                rtc_interrupt
 .text._ZN4mono7MonoRTC14setupRtcSystemEv
                0x00010f2c       0x3c /usr/lib/openmono/mono/mono_framework.a(mono_rtc.o)
                0x00010f2c                mono::MonoRTC::setupRtcSystem()
 .text._ZN4mono14QueueInterrupt17_irq_fall_handlerEv
                0x00010f68       0x80 /usr/lib/openmono/mono/mono_framework.a(queue_interrupt.o)
                0x00010f68                mono::QueueInterrupt::_irq_fall_handler()
 .text._ZN4mono14QueueInterrupt19debounceFallHandlerEv
                0x00010fe8       0x38 /usr/lib/openmono/mono/mono_framework.a(queue_interrupt.o)
                0x00010fe8                mono::QueueInterrupt::debounceFallHandler()
 .text._ZN4mbed6TickerD2Ev
                0x00011020       0x1c /usr/lib/openmono/mono/mono_framework.a(queue_interrupt.o)
                0x00011020                mbed::Ticker::~Ticker()
                0x00011020                mbed::Ticker::~Ticker()
 .text._ZN4mbed6TickerD0Ev
                0x0001103c       0x12 /usr/lib/openmono/mono/mono_framework.a(queue_interrupt.o)
                0x0001103c                mbed::Ticker::~Ticker()
 *fill*         0x0001104e        0x2 
 .text._ZN4mono14QueueInterruptC2E7PinName7PinMode
                0x00011050       0x8c /usr/lib/openmono/mono/mono_framework.a(queue_interrupt.o)
                0x00011050                mono::QueueInterrupt::QueueInterrupt(PinName, PinMode)
                0x00011050                mono::QueueInterrupt::QueueInterrupt(PinName, PinMode)
 .text._ZN4mono14QueueInterrupt13setDebouncingEb
                0x000110dc        0x6 /usr/lib/openmono/mono/mono_framework.a(queue_interrupt.o)
                0x000110dc                mono::QueueInterrupt::setDebouncing(bool)
 .text._ZN4mono14QueueInterrupt13FallTimeStampEv
                0x000110e2        0x6 /usr/lib/openmono/mono/mono_framework.a(queue_interrupt.o)
                0x000110e2                mono::QueueInterrupt::FallTimeStamp()
 .text._ZN4mono14QueueInterrupt24activateQueueTaskHandlerEv
                0x000110e8       0x24 /usr/lib/openmono/mono/mono_framework.a(queue_interrupt.o)
                0x000110e8                mono::QueueInterrupt::activateQueueTaskHandler()
 .text._ZN4mono14QueueInterrupt26deactivateQueueTaskHandlerEv
                0x0001110c       0x24 /usr/lib/openmono/mono/mono_framework.a(queue_interrupt.o)
                0x0001110c                mono::QueueInterrupt::deactivateQueueTaskHandler()
 .text._ZN4mono14QueueInterruptD2Ev
                0x00011130       0x3c /usr/lib/openmono/mono/mono_framework.a(queue_interrupt.o)
                0x00011130                mono::QueueInterrupt::~QueueInterrupt()
                0x00011130                mono::QueueInterrupt::~QueueInterrupt()
 .text._ZN4mono14QueueInterruptD0Ev
                0x0001116c       0x12 /usr/lib/openmono/mono/mono_framework.a(queue_interrupt.o)
                0x0001116c                mono::QueueInterrupt::~QueueInterrupt()
 .text._ZN4mono14QueueInterrupt18setInterruptsSleepEb
                0x0001117e        0x6 /usr/lib/openmono/mono/mono_framework.a(queue_interrupt.o)
                0x0001117e                mono::QueueInterrupt::setInterruptsSleep(bool)
 .text._ZN4mono14QueueInterrupt11taskHandlerEv
                0x00011184       0x38 /usr/lib/openmono/mono/mono_framework.a(queue_interrupt.o)
                0x00011184                mono::QueueInterrupt::taskHandler()
 .text._ZThn88_N4mono14QueueInterrupt11taskHandlerEv
                0x000111bc        0x8 /usr/lib/openmono/mono/mono_framework.a(queue_interrupt.o)
                0x000111bc                non-virtual thunk to mono::QueueInterrupt::taskHandler()
 .text.startup._GLOBAL__sub_I__ZN4mono14QueueInterruptC2E7PinName7PinMode
                0x000111c4      0x148 /usr/lib/openmono/mono/mono_framework.a(queue_interrupt.o)
 .text.debug    0x0001130c       0x24 /usr/lib/openmono/mono/mono_framework.a(application_run_loop.o)
 .text._ZN4mono19IApplicationContext13SoftwareResetEv
                0x00011330       0x10 /usr/lib/openmono/mono/mono_framework.a(application_run_loop.o)
                0x00011330                mono::IApplicationContext::SoftwareReset()
 .text._ZN4mono10AppRunLoopC2Ev
                0x00011340       0x28 /usr/lib/openmono/mono/mono_framework.a(application_run_loop.o)
                0x00011340                mono::AppRunLoop::AppRunLoop()
                0x00011340                mono::AppRunLoop::AppRunLoop()
 .text._ZN4mono10AppRunLoop14addDynamicTaskEPNS_12IRunLoopTaskE
                0x00011368       0x1e /usr/lib/openmono/mono/mono_framework.a(application_run_loop.o)
                0x00011368                mono::AppRunLoop::addDynamicTask(mono::IRunLoopTask*)
 .text._ZN4mono10AppRunLoop17removeTaskInQueueEPNS_12IRunLoopTaskE
                0x00011386       0x18 /usr/lib/openmono/mono/mono_framework.a(application_run_loop.o)
                0x00011386                mono::AppRunLoop::removeTaskInQueue(mono::IRunLoopTask*)
 .text._ZN4mono10AppRunLoop23processDynamicTaskQueueEv
                0x0001139e       0x22 /usr/lib/openmono/mono/mono_framework.a(application_run_loop.o)
                0x0001139e                mono::AppRunLoop::processDynamicTaskQueue()
 .text._ZN4mono10AppRunLoop17removeDynamicTaskEPNS_12IRunLoopTaskE
                0x000113c0       0x1a /usr/lib/openmono/mono/mono_framework.a(application_run_loop.o)
                0x000113c0                mono::AppRunLoop::removeDynamicTask(mono::IRunLoopTask*)
 *fill*         0x000113da        0x2 
 .text._ZN4mono10AppRunLoop17checkUsbUartStateEv
                0x000113dc       0x78 /usr/lib/openmono/mono/mono_framework.a(application_run_loop.o)
                0x000113dc                mono::AppRunLoop::checkUsbUartState()
 .text._ZN4mono10AppRunLoop7processEv
                0x00011454       0x7c /usr/lib/openmono/mono/mono_framework.a(application_run_loop.o)
                0x00011454                mono::AppRunLoop::process()
 .text._ZN4mono10AppRunLoop4execEv
                0x000114d0       0x16 /usr/lib/openmono/mono/mono_framework.a(application_run_loop.o)
                0x000114d0                mono::AppRunLoop::exec()
 *fill*         0x000114e6        0x2 
 .text._ZN4mono10AppRunLoop20setResetOnUserButtonEb
                0x000114e8       0x44 /usr/lib/openmono/mono/mono_framework.a(application_run_loop.o)
                0x000114e8                mono::AppRunLoop::setResetOnUserButton(bool)
 .text.startup._GLOBAL__sub_I__ZN4mono10AppRunLoopC2Ev
                0x0001152c      0x148 /usr/lib/openmono/mono/mono_framework.a(application_run_loop.o)
 .text._ZN4mono13ScheduledTask7runTaskEb
                0x00011674       0x38 /usr/lib/openmono/mono/mono_framework.a(scheduled_task.o)
                0x00011674                mono::ScheduledTask::runTask(bool)
 .text._ZNK4mono13ScheduledTask5isDueEv
                0x000116ac       0x1e /usr/lib/openmono/mono/mono_framework.a(scheduled_task.o)
                0x000116ac                mono::ScheduledTask::isDue() const
 *fill*         0x000116ca        0x2 
 .text._ZN4mono13ScheduledTask21processScheduledTasksEb
                0x000116cc       0x44 /usr/lib/openmono/mono/mono_framework.a(scheduled_task.o)
                0x000116cc                mono::ScheduledTask::processScheduledTasks(bool)
 .text.startup._GLOBAL__sub_I__ZN4mono13ScheduledTask5queueE
                0x00011710        0xc /usr/lib/openmono/mono/mono_framework.a(scheduled_task.o)
 .text._ZN4mono7ConsoleC2EPN4mbed6SerialE
                0x0001171c        0x4 /usr/lib/openmono/mono/mono_framework.a(consoles.o)
                0x0001171c                mono::Console::Console(mbed::Serial*)
                0x0001171c                mono::Console::Console(mbed::Serial*)
 .text.startup._GLOBAL__sub_I__ZN4mono7memdumpEPvm
                0x00011720       0x24 /usr/lib/openmono/mono/mono_framework.a(consoles.o)
 .text._ZN4mono5QueueC2Ev
                0x00011744        0x8 /usr/lib/openmono/mono/mono_framework.a(queue.o)
                0x00011744                mono::Queue::Queue()
                0x00011744                mono::Queue::Queue()
 .text._ZN4mono5Queue7DequeueEv
                0x0001174c       0x10 /usr/lib/openmono/mono/mono_framework.a(queue.o)
                0x0001174c                mono::Queue::Dequeue()
 .text._ZN4mono5Queue4PeekEv
                0x0001175c        0x4 /usr/lib/openmono/mono/mono_framework.a(queue.o)
                0x0001175c                mono::Queue::Peek()
 .text._ZN4mono5Queue4NextEPNS_10IQueueItemE
                0x00011760        0xa /usr/lib/openmono/mono/mono_framework.a(queue.o)
                0x00011760                mono::Queue::Next(mono::IQueueItem*)
 .text._ZN4mono5Queue6ExistsEPNS_10IQueueItemE
                0x0001176a        0xc /usr/lib/openmono/mono/mono_framework.a(queue.o)
                0x0001176a                mono::Queue::Exists(mono::IQueueItem*)
 .text._ZN4mono5Queue7EnqueueEPNS_10IQueueItemE
                0x00011776       0x20 /usr/lib/openmono/mono/mono_framework.a(queue.o)
                0x00011776                mono::Queue::Enqueue(mono::IQueueItem*)
 .text._ZN4mono5Queue18sanitizeEndOfQueueEv
                0x00011796       0x10 /usr/lib/openmono/mono/mono_framework.a(queue.o)
                0x00011796                mono::Queue::sanitizeEndOfQueue()
 .text._ZN4mono5Queue6RemoveEPNS_10IQueueItemE
                0x000117a6       0x30 /usr/lib/openmono/mono/mono_framework.a(queue.o)
                0x000117a6                mono::Queue::Remove(mono::IQueueItem*)
 .text._ZN4mono6StringC2Ev
                0x000117d6        0xa /usr/lib/openmono/mono/mono_framework.a(mn_string.o)
                0x000117d6                mono::String::String()
                0x000117d6                mono::String::String()
 .text._ZN4mono6StringC2ERKS0_
                0x000117e0       0x1c /usr/lib/openmono/mono/mono_framework.a(mn_string.o)
                0x000117e0                mono::String::String(mono::String const&)
                0x000117e0                mono::String::String(mono::String const&)
 .text._ZNK4mono6String6LengthEv
                0x000117fc        0xa /usr/lib/openmono/mono/mono_framework.a(mn_string.o)
                0x000117fc                mono::String::Length() const
 .text._ZNK4mono6StringneERKS0_
                0x00011806       0x1a /usr/lib/openmono/mono/mono_framework.a(mn_string.o)
                0x00011806                mono::String::operator!=(mono::String const&) const
 .text._ZNK4mono6StringixEm
                0x00011820        0x6 /usr/lib/openmono/mono/mono_framework.a(mn_string.o)
                0x00011820                mono::String::operator[](unsigned long) const
 .text._ZNK4mono6StringclEv
                0x00011826        0x4 /usr/lib/openmono/mono/mono_framework.a(mn_string.o)
                0x00011826                mono::String::operator()() const
 .text._ZN4mono6StringD2Ev
                0x0001182a       0x1c /usr/lib/openmono/mono/mono_framework.a(mn_string.o)
                0x0001182a                mono::String::~String()
                0x0001182a                mono::String::~String()
 .text._ZN4mono6StringaSEPKc
                0x00011846       0x18 /usr/lib/openmono/mono/mono_framework.a(mn_string.o)
                0x00011846                mono::String::operator=(char const*)
 .text._ZN4mono6StringaSERKS0_
                0x0001185e       0x28 /usr/lib/openmono/mono/mono_framework.a(mn_string.o)
                0x0001185e                mono::String::operator=(mono::String const&)
 .text._ZN4mono6String13preAllocbytesEm
                0x00011886       0x2c /usr/lib/openmono/mono/mono_framework.a(mn_string.o)
                0x00011886                mono::String::preAllocbytes(unsigned long)
 .text._ZN4mono6String15CopyFromCStringEPKc
                0x000118b2       0x2c /usr/lib/openmono/mono/mono_framework.a(mn_string.o)
                0x000118b2                mono::String::CopyFromCString(char const*)
 .text._ZN4mono6StringC2EPKc
                0x000118de        0xc /usr/lib/openmono/mono/mono_framework.a(mn_string.o)
                0x000118de                mono::String::String(char*)
                0x000118de                mono::String::String(char const*)
                0x000118de                mono::String::String(char const*)
                0x000118de                mono::String::String(char*)
 .text._ZN4mono2io10DigitalOutC2E7PinNamei
                0x000118ea       0x12 /usr/lib/openmono/mono/mono_framework.a(mn_digital_out.o)
                0x000118ea                mono::io::DigitalOut::DigitalOut(PinName, int)
                0x000118ea                mono::io::DigitalOut::DigitalOut(PinName, int)
 .text._ZN4mono2io10DigitalOutC2E7PinNamei7PinMode
                0x000118fc       0x1c /usr/lib/openmono/mono/mono_framework.a(mn_digital_out.o)
                0x000118fc                mono::io::DigitalOut::DigitalOut(PinName, int, PinMode)
                0x000118fc                mono::io::DigitalOut::DigitalOut(PinName, int, PinMode)
 .text._ZN4mono2io10DigitalOut7setModeE7PinMode
                0x00011918        0x4 /usr/lib/openmono/mono/mono_framework.a(mn_digital_out.o)
                0x00011918                mono::io::DigitalOut::setMode(PinMode)
 .text._ZN4mono12ITouchSystem8activateEv
                0x0001191c        0x8 /usr/lib/openmono/mono/mono_framework.a(mono_touch_system.o)
                0x0001191c                mono::ITouchSystem::activate()
 .text._ZN4mono12ITouchSystem10deactivateEv
                0x00011924        0x8 /usr/lib/openmono/mono/mono_framework.a(mono_touch_system.o)
                0x00011924                mono::ITouchSystem::deactivate()
 .text._ZNK4mono12ITouchSystem8isActiveEv
                0x0001192c        0x6 /usr/lib/openmono/mono/mono_framework.a(mono_touch_system.o)
                0x0001192c                mono::ITouchSystem::isActive() const
 .text._ZN4mono15MonoTouchSystem15ToScreenCoordsXEit
                0x00011932       0x18 /usr/lib/openmono/mono/mono_framework.a(mono_touch_system.o)
                0x00011932                mono::MonoTouchSystem::ToScreenCoordsX(int, unsigned short)
 .text._ZN4mono15MonoTouchSystem15ToScreenCoordsYEit
                0x0001194a       0x18 /usr/lib/openmono/mono/mono_framework.a(mono_touch_system.o)
                0x0001194a                mono::MonoTouchSystem::ToScreenCoordsY(int, unsigned short)
 .text._ZN4mono15MonoTouchSystem18OnSystemBatteryLowEv
                0x00011962        0x2 /usr/lib/openmono/mono/mono_framework.a(mono_touch_system.o)
                0x00011962                mono::MonoTouchSystem::onSystemWakeFromSleep()
                0x00011962                mono::MonoTouchSystem::onSystemEnterSleep()
                0x00011962                mono::MonoTouchSystem::OnSystemBatteryLow()
                0x00011962                mono::MonoTouchSystem::onSystemPowerOnReset()
 .text._ZThn44_N4mono15MonoTouchSystem20onSystemPowerOnResetEv
                0x00011964        0x8 /usr/lib/openmono/mono/mono_framework.a(mono_touch_system.o)
                0x00011964                non-virtual thunk to mono::MonoTouchSystem::onSystemPowerOnReset()
 .text._ZThn44_N4mono15MonoTouchSystem18onSystemEnterSleepEv
                0x0001196c        0x8 /usr/lib/openmono/mono/mono_framework.a(mono_touch_system.o)
                0x0001196c                non-virtual thunk to mono::MonoTouchSystem::onSystemEnterSleep()
 .text._ZThn44_N4mono15MonoTouchSystem21onSystemWakeFromSleepEv
                0x00011974        0x8 /usr/lib/openmono/mono/mono_framework.a(mono_touch_system.o)
                0x00011974                non-virtual thunk to mono::MonoTouchSystem::onSystemWakeFromSleep()
 .text._ZThn44_N4mono15MonoTouchSystem18OnSystemBatteryLowEv
                0x0001197c        0x8 /usr/lib/openmono/mono/mono_framework.a(mono_touch_system.o)
                0x0001197c                non-virtual thunk to mono::MonoTouchSystem::OnSystemBatteryLow()
 .text._ZN4mono15MonoTouchSystem4initEv
                0x00011984       0x1c /usr/lib/openmono/mono/mono_framework.a(mono_touch_system.o)
                0x00011984                mono::MonoTouchSystem::init()
 .text._ZN4mono15MonoTouchSystem18CurrentCalibrationEv
                0x000119a0       0x22 /usr/lib/openmono/mono/mono_framework.a(mono_touch_system.o)
                0x000119a0                mono::MonoTouchSystem::CurrentCalibration()
 .text._ZN4mono15MonoTouchSystem14setCalibrationERNS_3geo4RectE
                0x000119c2       0x2c /usr/lib/openmono/mono/mono_framework.a(mono_touch_system.o)
                0x000119c2                mono::MonoTouchSystem::setCalibration(mono::geo::Rect&)
 *fill*         0x000119ee        0x2 
 .text._ZN4mono15MonoTouchSystemC2Ev
                0x000119f0       0x58 /usr/lib/openmono/mono/mono_framework.a(mono_touch_system.o)
                0x000119f0                mono::MonoTouchSystem::MonoTouchSystem()
                0x000119f0                mono::MonoTouchSystem::MonoTouchSystem()
 .text._ZN4mono15MonoTouchSystem7sampleXEv
                0x00011a48       0x90 /usr/lib/openmono/mono/mono_framework.a(mono_touch_system.o)
                0x00011a48                mono::MonoTouchSystem::sampleX()
 .text._ZN4mono15MonoTouchSystem7sampleYEv
                0x00011ad8       0x90 /usr/lib/openmono/mono/mono_framework.a(mono_touch_system.o)
                0x00011ad8                mono::MonoTouchSystem::sampleY()
 .text._ZN4mono15MonoTouchSystem17processTouchInputEv
                0x00011b68      0x154 /usr/lib/openmono/mono/mono_framework.a(mono_touch_system.o)
                0x00011b68                mono::MonoTouchSystem::processTouchInput()
 .text.startup._GLOBAL__sub_I__ZN4mono15MonoTouchSystemC2Ev
                0x00011cbc      0x148 /usr/lib/openmono/mono/mono_framework.a(mono_touch_system.o)
 .text.debug    0x00011e04       0x24 /usr/lib/openmono/mono/mono_framework.a(at30ts74_temperature.o)
 .text._ZN4mono6sensor19AT30TS74TemperatureC2Ev
                0x00011e28       0x10 /usr/lib/openmono/mono/mono_framework.a(at30ts74_temperature.o)
                0x00011e28                mono::sensor::AT30TS74Temperature::AT30TS74Temperature()
                0x00011e28                mono::sensor::AT30TS74Temperature::AT30TS74Temperature()
 .text._ZN4mono6sensor19AT30TS74Temperature12readRegisterEhPt
                0x00011e38       0xa8 /usr/lib/openmono/mono/mono_framework.a(at30ts74_temperature.o)
                0x00011e38                mono::sensor::AT30TS74Temperature::readRegister(unsigned char, unsigned short*)
 .text._ZN4mono6sensor19AT30TS74Temperature4ReadEv
                0x00011ee0       0x2a /usr/lib/openmono/mono/mono_framework.a(at30ts74_temperature.o)
                0x00011ee0                mono::sensor::AT30TS74Temperature::Read()
 .text._ZN4mono6sensor19AT30TS74Temperature16ReadMilliCelciusEv
                0x00011f0a       0x32 /usr/lib/openmono/mono/mono_framework.a(at30ts74_temperature.o)
                0x00011f0a                mono::sensor::AT30TS74Temperature::ReadMilliCelcius()
 .text.startup._GLOBAL__sub_I__ZN4mono6sensor19AT30TS74TemperatureC2Ev
                0x00011f3c       0x48 /usr/lib/openmono/mono/mono_framework.a(at30ts74_temperature.o)
 .text._ZN4mono5power16IPowerManagement26processResetAwarenessQueueEv
                0x00011f84       0x14 /usr/lib/openmono/mono/mono_framework.a(mono_power_management.o)
                0x00011f84                mono::power::IPowerManagement::processResetAwarenessQueue()
 .text._ZN4mono5power16IPowerManagement26processSleepAwarenessQueueEv
                0x00011f98       0x14 /usr/lib/openmono/mono/mono_framework.a(mono_power_management.o)
                0x00011f98                mono::power::IPowerManagement::processSleepAwarenessQueue()
 .text._ZN4mono5power16IPowerManagement25processWakeAwarenessQueueEv
                0x00011fac       0x14 /usr/lib/openmono/mono/mono_framework.a(mono_power_management.o)
                0x00011fac                mono::power::IPowerManagement::processWakeAwarenessQueue()
 .text._ZN4mono5power16IPowerManagement31processBatteryLowAwarenessQueueEv
                0x00011fc0       0x14 /usr/lib/openmono/mono/mono_framework.a(mono_power_management.o)
                0x00011fc0                mono::power::IPowerManagement::processBatteryLowAwarenessQueue()
 .text._ZN4mono5power16IPowerManagement29removeObjectInPowerAwareQueueEPNS0_11IPowerAwareE
                0x00011fd4       0x10 /usr/lib/openmono/mono/mono_framework.a(mono_power_management.o)
                0x00011fd4                mono::power::IPowerManagement::removeObjectInPowerAwareQueue(mono::power::IPowerAware*)